******************************************************************************
            TI ARM Clang Linker PC v4.0.3                      
******************************************************************************
>> Linked Thu Jul 24 13:25:52 2025

OUTPUT FILE NAME:   <1empty_LP_MSPM0G3507_nortos_ticlang.out>
ENTRY POINT SYMBOL: "_c_int00_noargs"  address: 000022e9


MEMORY CONFIGURATION

         name            origin    length      used     unused   attr    fill
----------------------  --------  ---------  --------  --------  ----  --------
  FLASH                 00000000   00020000  00002b90  0001d470  R  X
  SRAM                  20200000   00008000  000004a3  00007b5d  RW X
  BCR_CONFIG            41c00000   00000080  00000000  00000080  R   
  BSL_CONFIG            41c00100   00000080  00000000  00000080  R   


SEGMENT ALLOCATION MAP

run origin  load origin   length   init length attrs members
----------  ----------- ---------- ----------- ----- -------
00000000    00000000    00002b90   00002b90    r-x
  00000000    00000000    000000c0   000000c0    r-- .intvecs
  000000c0    000000c0    00002a10   00002a10    r-x .text
  00002ad0    00002ad0    00000068   00000068    r-- .rodata
  00002b38    00002b38    00000058   00000058    r-- .cinit
20200000    20200000    000002a3   00000000    rw-
  20200000    20200000    000001a0   00000000    rw- .bss
  202001a0    202001a0    00000103   00000000    rw- .data
20207e00    20207e00    00000200   00000000    rw-
  20207e00    20207e00    00000200   00000000    rw- .stack


SECTION ALLOCATION MAP

 output                                  attributes/
section   page    origin      length       input sections
--------  ----  ----------  ----------   ----------------
.intvecs   0    00000000    000000c0     
                  00000000    000000c0     startup_mspm0g350x_ticlang.o (.intvecs)

.text      0    000000c0    00002a10     
                  000000c0    00000284     libc.a : _printfi.c.obj (.text:__TI_printfi_minimal)
                  00000344    00000228     gray_track.o (.text.track)
                  0000056c    000001ac     ti_msp_dl_config.o (.text.SYSCFG_DL_GPIO_init)
                  00000718    00000168     gray_track.o (.text.digtal)
                  00000880    00000124     main.o (.text.main)
                  000009a4    0000011c     pid.o (.text.pid_cal)
                  00000ac0    000000e8     driverlib.a : dl_timer.o (.text.DL_Timer_initTimerMode)
                  00000ba8    000000d8     libclang_rt.builtins.a : addsf3.S.obj (.text)
                  00000c80    000000cc     ml_JY901S.o (.text.JY61P_GetData)
                  00000d4c    000000c4     driverlib.a : dl_timer.o (.text.DL_Timer_initPWMMode)
                  00000e10    000000bc     pid.o (.text.pid_control_angle)
                  00000ecc    000000b8     isr.o (.text.TIMA0_IRQHandler)
                  00000f84    000000a8     isr.o (.text.GROUP1_IRQHandler)
                  0000102c    00000098     ml_JY901S.o (.text.JY901S_Read)
                  000010c4    0000008c     ti_msp_dl_config.o (.text.SYSCFG_DL_initPower)
                  00001150    0000008c     libclang_rt.builtins.a : mulsf3.S.obj (.text.__mulsf3)
                  000011dc    00000088     pid.o (.text.motor_target_set)
                  00001264    00000084     clock.o (.text.__NVIC_SetPriority)
                  000012e8    00000084     ml_tim.o (.text.__NVIC_SetPriority)
                  0000136c    00000080     ti_msp_dl_config.o (.text.SYSCFG_DL_PWM_motor_init)
                  000013ec    0000007c     libc.a : copy_decompress_lzss.c.obj (.text:decompress:lzss)
                  00001468    00000074     libclang_rt.builtins.a : comparedf2.c.obj (.text.__gedf2)
                  000014dc    00000004     startup_mspm0g350x_ticlang.o (.text.Default_Handler)
                  000014e0    00000074     libclang_rt.builtins.a : truncdfsf2.S.obj (.text.__truncdfsf2)
                  00001554    00000068     my_i2c.o (.text.MyI2C_ReceiveByte)
                  000015bc    00000068     libclang_rt.builtins.a : comparedf2.c.obj (.text.__ledf2)
                  00001624    00000064     ti_msp_dl_config.o (.text.SYSCFG_DL_UART_1_init)
                  00001688    00000062     libclang_rt.builtins.a : aeabi_dcmp.S.obj (.text.__aeabi_dcmp)
                  000016ea    00000002     ti_msp_dl_config.o (.text.SYSCFG_DL_SYSTICK_init)
                  000016ec    00000062     libclang_rt.builtins.a : aeabi_fcmp.S.obj (.text.__aeabi_fcmp)
                  0000174e    00000002                            : aeabi_div0.c.obj (.text.__aeabi_idiv0)
                  00001750    00000060     isr.o (.text.UART3_IRQHandler)
                  000017b0    0000005c     ml_JY901S.o (.text.JY901S_Init)
                  0000180c    0000005c     libc.a : printf.c.obj (.text.printf)
                  00001868    00000058     ti_msp_dl_config.o (.text.SYSCFG_DL_I2C_OLED_init)
                  000018c0    00000050     clock.o (.text.SysTick_Config)
                  00001910    00000050     ml_uart.o (.text.fputs)
                  00001960    0000004c     ti_msp_dl_config.o (.text.DL_UART_setBaudRateDivisor)
                  000019ac    0000004c     my_i2c.o (.text.MyI2C_SendByte)
                  000019f8    00000048     driverlib.a : dl_uart.o (.text.DL_UART_init)
                  00001a40    00000048     ti_msp_dl_config.o (.text.SYSCFG_DL_UART_0_init)
                  00001a88    00000048     main.o (.text.car_stop)
                  00001ad0    00000048     motor.o (.text.motorA_duty)
                  00001b18    00000048     pid.o (.text.pid_control)
                  00001b60    00000044     motor.o (.text.motorB_duty)
                  00001ba4    00000040     ti_msp_dl_config.o (.text.SYSCFG_DL_init)
                  00001be4    00000040     libclang_rt.builtins.a : aeabi_uidivmod.S.obj (.text.__aeabi_uidivmod)
                  00001c24    00000040                            : extendsfdf2.S.obj (.text.__extendsfdf2)
                  00001c64    00000040     pid.o (.text.pidout_limit)
                  00001ca4    00000040     pid.o (.text.pidout_limit_angle)
                  00001ce4    0000003c     ti_msp_dl_config.o (.text.DL_GPIO_initPeripheralInputFunctionFeatures)
                  00001d20    0000003c     my_i2c.o (.text.MyI2C_R_SDA)
                  00001d5c    0000003c     my_i2c.o (.text.MyI2C_W_SDA)
                  00001d98    0000003c     libclang_rt.builtins.a : floatsisf.S.obj (.text.__floatsisf)
                  00001dd4    0000003c                            : comparesf2.S.obj (.text.__gtsf2)
                  00001e10    0000003c     libc.a : autoinit.c.obj (.text:__TI_auto_init_nobinit_nopinit)
                  00001e4c    0000003a     libclang_rt.builtins.a : comparesf2.S.obj (.text.__eqsf2)
                  00001e86    00000002     libc.a : _lock.c.obj (.text._nop)
                  00001e88    0000003a     libclang_rt.builtins.a : muldsi3.S.obj (.text.__muldsi3)
                  00001ec2    0000003a     ml_tim.o (.text.tim_interrupt_ms_init)
                  00001efc    00000038     libclang_rt.builtins.a : fixsfsi.S.obj (.text.__fixsfsi)
                  00001f34    00000038     ml_pwm.o (.text.pwm_update)
                  00001f6c    00000034     my_i2c.o (.text.DL_GPIO_initDigitalInputFeatures)
                  00001fa0    00000034     ti_msp_dl_config.o (.text.DL_GPIO_initDigitalInputFeatures)
                  00001fd4    00000034     my_i2c.o (.text.MyI2C_W_SCL)
                  00002008    00000034     ti_msp_dl_config.o (.text.SYSCFG_DL_TIMER_0_init)
                  0000203c    00000032     my_i2c.o (.text.MyI2C_ReceiveAck)
                  0000206e    00000002     --HOLE-- [fill = 0]
                  00002070    00000030     ml_gpio.o (.text.gpio_set)
                  000020a0    0000002c     ml_tim.o (.text.__NVIC_ClearPendingIRQ)
                  000020cc    0000002c     ml_uart.o (.text.__NVIC_ClearPendingIRQ)
                  000020f8    0000002c     ml_tim.o (.text.__NVIC_EnableIRQ)
                  00002124    0000002c     ml_uart.o (.text.__NVIC_EnableIRQ)
                  00002150    0000002c     motor.o (.text.__NVIC_EnableIRQ)
                  0000217c    0000002a     pid.o (.text.pid_init)
                  000021a6    00000028     ti_msp_dl_config.o (.text.DL_Common_updateReg)
                  000021ce    00000002     --HOLE-- [fill = 0]
                  000021d0    00000028     ti_msp_dl_config.o (.text.DL_I2C_setControllerRXFIFOThreshold)
                  000021f8    00000028     ti_msp_dl_config.o (.text.DL_I2C_setControllerTXFIFOThreshold)
                  00002220    00000028     ti_msp_dl_config.o (.text.DL_UART_setRXFIFOThreshold)
                  00002248    00000028     ti_msp_dl_config.o (.text.DL_UART_setTXFIFOThreshold)
                  00002270    00000028     my_i2c.o (.text.MyI2C_Start)
                  00002298    00000028     my_i2c.o (.text.SDA_OUT)
                  000022c0    00000028     libclang_rt.builtins.a : floatunsisf.S.obj (.text.__floatunsisf)
                  000022e8    00000028     libc.a : boot_cortex_m.c.obj (.text:_c_int00_noargs)
                  00002310    00000026     ti_msp_dl_config.o (.text.DL_I2C_setAnalogGlitchFilterPulseWidth)
                  00002336    00000026     driverlib.a : dl_i2c.o (.text.DL_I2C_setClockConfig)
                  0000235c    00000026     my_i2c.o (.text.MyI2C_SendAck)
                  00002382    00000024     my_i2c.o (.text.Delay_us)
                  000023a6    00000024     clock.o (.text.delay_ms)
                  000023ca    00000024     ml_uart.o (.text.uart_init)
                  000023ee    00000022     ti_msp_dl_config.o (.text.SYSCFG_DL_SYSCTL_init)
                  00002410    00000022     libc.a : memccpy.c.obj (.text.memccpy)
                  00002432    00000002     --HOLE-- [fill = 0]
                  00002434    00000020     ti_msp_dl_config.o (.text.DL_GPIO_initPeripheralInputFunction)
                  00002454    00000020     driverlib.a : dl_uart.o (.text.DL_UART_transmitDataBlocking)
                  00002474    00000020     my_i2c.o (.text.MyI2C_Stop)
                  00002494    0000001e     ti_msp_dl_config.o (.text.DL_UART_setOversampling)
                  000024b2    00000002     --HOLE-- [fill = 0]
                  000024b4    0000001c     isr.o (.text.DL_GPIO_clearInterruptStatus)
                  000024d0    0000001c     ti_msp_dl_config.o (.text.DL_GPIO_clearInterruptStatus)
                  000024ec    0000001c     ti_msp_dl_config.o (.text.DL_GPIO_enableHiZ)
                  00002508    0000001c     ti_msp_dl_config.o (.text.DL_GPIO_enableInterrupt)
                  00002524    0000001c     ti_msp_dl_config.o (.text.DL_GPIO_initDigitalInput)
                  00002540    0000001c     ti_msp_dl_config.o (.text.DL_GPIO_initPeripheralOutputFunction)
                  0000255c    0000001c     ti_msp_dl_config.o (.text.DL_GPIO_setLowerPinsPolarity)
                  00002578    0000001c     ti_msp_dl_config.o (.text.DL_SYSCTL_setMCLKDivider)
                  00002594    0000001c     ti_msp_dl_config.o (.text.DL_SYSCTL_setSYSOSCFreq)
                  000025b0    0000001c     ti_msp_dl_config.o (.text.DL_SYSCTL_setULPCLKDivider)
                  000025cc    0000001c     ti_msp_dl_config.o (.text.DL_Timer_enableInterrupt)
                  000025e8    0000001c     driverlib.a : dl_timer.o (.text.DL_Timer_setCaptCompUpdateMethod)
                  00002604    0000001c                 : dl_timer.o (.text.DL_Timer_setClockConfig)
                  00002620    0000001c     ti_msp_dl_config.o (.text.DL_UART_enableInterrupt)
                  0000263c    0000001c     ml_uart.o (.text.fputc)
                  00002658    00000018     my_i2c.o (.text.DL_GPIO_enableOutput)
                  00002670    00000018     ti_msp_dl_config.o (.text.DL_GPIO_enableOutput)
                  00002688    00000018     ti_msp_dl_config.o (.text.DL_GPIO_enablePower)
                  000026a0    00000018     isr.o (.text.DL_GPIO_getEnabledInterruptStatus)
                  000026b8    00000018     my_i2c.o (.text.DL_GPIO_initDigitalOutput)
                  000026d0    00000018     ti_msp_dl_config.o (.text.DL_GPIO_initDigitalOutput)
                  000026e8    00000018     ti_msp_dl_config.o (.text.DL_GPIO_reset)
                  00002700    00000018     my_i2c.o (.text.DL_GPIO_setPins)
                  00002718    00000018     ti_msp_dl_config.o (.text.DL_GPIO_setUpperPinsPolarity)
                  00002730    00000018     ti_msp_dl_config.o (.text.DL_I2C_enableAnalogGlitchFilter)
                  00002748    00000018     ti_msp_dl_config.o (.text.DL_I2C_enableController)
                  00002760    00000018     ti_msp_dl_config.o (.text.DL_I2C_enableControllerClockStretching)
                  00002778    00000018     ti_msp_dl_config.o (.text.DL_I2C_enablePower)
                  00002790    00000018     ti_msp_dl_config.o (.text.DL_I2C_reset)
                  000027a8    00000018     ti_msp_dl_config.o (.text.DL_I2C_setTimerPeriod)
                  000027c0    00000018     ti_msp_dl_config.o (.text.DL_SYSCTL_setBORThreshold)
                  000027d8    00000018     ti_msp_dl_config.o (.text.DL_Timer_enablePower)
                  000027f0    00000018     ti_msp_dl_config.o (.text.DL_Timer_reset)
                  00002808    00000018     driverlib.a : dl_timer.o (.text.DL_Timer_setCaptureCompareOutCtl)
                  00002820    00000018     ml_tim.o (.text.DL_Timer_startCounter)
                  00002838    00000018     motor.o (.text.DL_Timer_startCounter)
                  00002850    00000018     isr.o (.text.DL_UART_clearInterruptStatus)
                  00002868    00000018     ti_msp_dl_config.o (.text.DL_UART_enableFIFOs)
                  00002880    00000018     ti_msp_dl_config.o (.text.DL_UART_enablePower)
                  00002898    00000018     ti_msp_dl_config.o (.text.DL_UART_reset)
                  000028b0    00000018     isr.o (.text.UART0_IRQHandler)
                  000028c8    00000016     my_i2c.o (.text.DL_GPIO_readPins)
                  000028de    00000016     ti_msp_dl_config.o (.text.DL_UART_enable)
                  000028f4    00000016     my_i2c.o (.text.SDA_IN)
                  0000290a    00000016     clock.o (.text.SysTick_Init)
                  00002920    00000016     ml_gpio.o (.text.gpio_get)
                  00002936    00000016     libc.a : copy_zero_init.c.obj (.text:decompress:ZI:__TI_zero_init_nomemset)
                  0000294c    00000014     my_i2c.o (.text.DL_GPIO_clearPins)
                  00002960    00000014     ti_msp_dl_config.o (.text.DL_GPIO_clearPins)
                  00002974    00000014     ti_msp_dl_config.o (.text.DL_I2C_resetControllerTransfer)
                  00002988    00000014     ti_msp_dl_config.o (.text.DL_Timer_enableClock)
                  0000299c    00000014     ti_msp_dl_config.o (.text.DL_Timer_setCCPDirection)
                  000029b0    00000014     isr.o (.text.DL_UART_receiveData)
                  000029c4    00000012     isr.o (.text.DL_Timer_getPendingInterrupt)
                  000029d6    00000012     isr.o (.text.DL_UART_getPendingInterrupt)
                  000029e8    00000012     driverlib.a : dl_uart.o (.text.DL_UART_setClockConfig)
                  000029fa    00000012     libc.a : memcpy16.S.obj (.text:TI_memcpy_small)
                  00002a0c    00000012            : copy_decompress_none.c.obj (.text:decompress:none)
                  00002a1e    00000002     --HOLE-- [fill = 0]
                  00002a20    00000010     driverlib.a : dl_timer.o (.text.DL_Timer_setCaptureCompareValue)
                  00002a30    00000010     clock.o (.text.SysTick_Handler)
                  00002a40    00000010     motor.o (.text.motor_init)
                  00002a50    0000000e     libclang_rt.builtins.a : aeabi_memset.S.obj (.text.__aeabi_memset)
                  00002a5e    0000000e     libc.a : _printfi.c.obj (.text.strlen)
                  00002a6c    0000000e            : strlen.c.obj (.text.strlen)
                  00002a7a    0000000e            : memset16.S.obj (.text:TI_memset_small)
                  00002a88    0000000a     driverlib.a : dl_common.o (.text.DL_Common_delayCycles)
                  00002a92    0000000a     motor.o (.text.encoder_init)
                  00002a9c    00000008     libclang_rt.builtins.a : aeabi_memcpy.S.obj (.text.__aeabi_memcpy)
                  00002aa4    00000008     libc.a : printf.c.obj (.text._outc)
                  00002aac    00000008            : printf.c.obj (.text._outs)
                  00002ab4    00000006            : exit.c.obj (.text:abort)
                  00002aba    00000004     libsysbm.a : hostexit.c.obj (.text.HOSTexit)
                  00002abe    00000004     startup_mspm0g350x_ticlang.o (.text.Reset_Handler)
                  00002ac2    00000004     libc.a : pre_init.c.obj (.text._system_pre_init)
                  00002ac6    0000000a     --HOLE-- [fill = 0]

.cinit     0    00002b38    00000058     
                  00002b38    0000002d     (.cinit..data.load) [load image, compression = lzss]
                  00002b65    00000003     --HOLE-- [fill = 0]
                  00002b68    0000000c     (__TI_handler_table)
                  00002b74    00000008     (.cinit..bss.load) [load image, compression = zero_init]
                  00002b7c    00000010     (__TI_cinit_table)
                  00002b8c    00000004     --HOLE-- [fill = 0]

.rodata    0    00002ad0    00000068     
                  00002ad0    00000014     ti_msp_dl_config.o (.rodata.gTIMER_0TimerConfig)
                  00002ae4    00000011     libc.a : _printfi.c.obj (.rodata.str1.15363888844622738466.1)
                  00002af5    0000000d     isr.o (.rodata.str1.13602985083408752662.1)
                  00002b02    0000000c     isr.o (.rodata.str1.14035627306564887214.1)
                  00002b0e    0000000a     ti_msp_dl_config.o (.rodata.gUART_0Config)
                  00002b18    0000000a     ti_msp_dl_config.o (.rodata.gUART_1Config)
                  00002b22    00000002     ti_msp_dl_config.o (.rodata.gI2C_OLEDClockConfig)
                  00002b24    00000008     ti_msp_dl_config.o (.rodata.gPWM_motorConfig)
                  00002b2c    00000003     ti_msp_dl_config.o (.rodata.gPWM_motorClockConfig)
                  00002b2f    00000003     ti_msp_dl_config.o (.rodata.gTIMER_0ClockConfig)
                  00002b32    00000002     ti_msp_dl_config.o (.rodata.gUART_0ClockConfig)
                  00002b34    00000002     ti_msp_dl_config.o (.rodata.gUART_1ClockConfig)
                  00002b36    00000002     --HOLE-- [fill = 0]

.init_array 
*          0    00000000    00000000     UNINITIALIZED

.binit     0    00000000    00000000     

.bss       0    20200000    000001a0     UNINITIALIZED
                  20200000    000000bc     (.common:gTIMER_0Backup)
                  202000bc    00000034     (.common:angle)
                  202000f0    00000034     (.common:motorA)
                  20200124    00000034     (.common:motorB)
                  20200158    00000030     (.common:gUART_1Backup)
                  20200188    00000004     (.common:error)
                  2020018c    00000004     (.common:last_yaw)
                  20200190    00000004     (.common:tick_ms)
                  20200194    00000004     (.common:yaw)
                  20200198    00000004     (.common:yaw_gyro)
                  2020019c    00000004     (.common:yaw_o)

.data      0    202001a0    00000103     UNINITIALIZED
                  202001a0    000000f0     libc.a : defs.c.obj (.data._ftable)
                  20200290    00000004     motor.o (.data.Encoder_count1)
                  20200294    00000004     motor.o (.data.Encoder_count2)
                  20200298    00000004     libc.a : _lock.c.obj (.data._lock)
                  2020029c    00000004            : _lock.c.obj (.data._unlock)
                  202002a0    00000001     isr.o (.data.gEchoData)
                  202002a1    00000001     motor.o (.data.motorA_dir)
                  202002a2    00000001     motor.o (.data.motorB_dir)

.stack     0    20207e00    00000200     UNINITIALIZED
                  20207e00    00000004     libc.a : boot_cortex_m.c.obj (.stack)
                  20207e04    000001fc     --HOLE--

__llvm_prf_cnts 
*          0    20200000    00000000     UNINITIALIZED

__llvm_prf_bits 
*          0    20200000    00000000     UNINITIALIZED

MODULE SUMMARY

       Module                         code    ro data   rw data
       ------                         ----    -------   -------
    .\
       ti_msp_dl_config.o             2414    60        236    
       isr.o                          604     25        1      
       main.o                         364     0         0      
       startup_mspm0g350x_ticlang.o   8       192       0      
    +--+------------------------------+-------+---------+---------+
       Total:                         3390    277       237    
                                                               
    .\code\
       pid.o                          850     0         156    
       gray_track.o                   912     0         0      
       motor.o                        234     0         10     
    +--+------------------------------+-------+---------+---------+
       Total:                         1996    0         166    
                                                               
    .\ml_libs\
       my_i2c.o                       776     0         0      
       ml_JY901S.o                    448     0         20     
       ml_tim.o                       302     0         0      
       clock.o                        286     0         4      
       ml_uart.o                      232     0         0      
       ml_gpio.o                      70      0         0      
       ml_pwm.o                       56      0         0      
    +--+------------------------------+-------+---------+---------+
       Total:                         2170    0         24     
                                                               
    C:/ti/mspm0_sdk_2_00_01_00/source/ti/driverlib/lib/ticlang/m0p/mspm0g1x0x_g3x0x/driverlib.a
       dl_timer.o                     524     0         0      
       dl_uart.o                      122     0         0      
       dl_i2c.o                       38      0         0      
       dl_common.o                    10      0         0      
    +--+------------------------------+-------+---------+---------+
       Total:                         694     0         0      
                                                               
    E:\ti\ccs2020\ccs\tools\compiler\ti-cgt-armllvm_4.0.3.LTS\lib\armv6m-ti-none-eabi/c/libc.a
       _printfi.c.obj                 658     17        0      
       defs.c.obj                     0       0         240    
       copy_decompress_lzss.c.obj     124     0         0      
       printf.c.obj                   108     0         0      
       autoinit.c.obj                 60      0         0      
       boot_cortex_m.c.obj            40      0         0      
       memccpy.c.obj                  34      0         0      
       copy_zero_init.c.obj           22      0         0      
       copy_decompress_none.c.obj     18      0         0      
       memcpy16.S.obj                 18      0         0      
       memset16.S.obj                 14      0         0      
       strlen.c.obj                   14      0         0      
       _lock.c.obj                    2       0         8      
       exit.c.obj                     6       0         0      
       pre_init.c.obj                 4       0         0      
    +--+------------------------------+-------+---------+---------+
       Total:                         1122    17        248    
                                                               
    E:\ti\ccs2020\ccs\tools\compiler\ti-cgt-armllvm_4.0.3.LTS\lib\armv6m-ti-none-eabi/c/libsysbm.a
       hostexit.c.obj                 4       0         0      
    +--+------------------------------+-------+---------+---------+
       Total:                         4       0         0      
                                                               
    E:\ti\ccs2020\ccs\tools\compiler\ti-cgt-armllvm_4.0.3.LTS\lib\armv6m-ti-none-eabi/libclang_rt.builtins.a
       comparedf2.c.obj               220     0         0      
       addsf3.S.obj                   216     0         0      
       mulsf3.S.obj                   140     0         0      
       comparesf2.S.obj               118     0         0      
       truncdfsf2.S.obj               116     0         0      
       aeabi_dcmp.S.obj               98      0         0      
       aeabi_fcmp.S.obj               98      0         0      
       aeabi_uidivmod.S.obj           64      0         0      
       extendsfdf2.S.obj              64      0         0      
       floatsisf.S.obj                60      0         0      
       muldsi3.S.obj                  58      0         0      
       fixsfsi.S.obj                  56      0         0      
       floatunsisf.S.obj              40      0         0      
       aeabi_memset.S.obj             14      0         0      
       aeabi_memcpy.S.obj             8       0         0      
       aeabi_div0.c.obj               2       0         0      
    +--+------------------------------+-------+---------+---------+
       Total:                         1372    0         0      
                                                               
       Stack:                         0       0         512    
       Linker Generated:              0       81        0      
    +--+------------------------------+-------+---------+---------+
       Grand Total:                   10748   375       1187   


LINKER GENERATED COPY TABLES

__TI_cinit_table @ 00002b7c records: 2, size/record: 8, table size: 16
	.data: load addr=00002b38, load size=0000002d bytes, run addr=202001a0, run size=00000103 bytes, compression=lzss
	.bss: load addr=00002b74, load size=00000008 bytes, run addr=20200000, run size=000001a0 bytes, compression=zero_init


LINKER GENERATED HANDLER TABLE

__TI_handler_table @ 00002b68 records: 3, size/record: 4, table size: 12
	index: 0, handler: __TI_decompress_lzss
	index: 1, handler: __TI_decompress_none
	index: 2, handler: __TI_zero_init


GLOBAL SYMBOLS: SORTED ALPHABETICALLY BY Name 

address   name                            
-------   ----                            
000014dd  ADC0_IRQHandler                 
000014dd  ADC1_IRQHandler                 
000014dd  AES_IRQHandler                  
00002aba  C$$EXIT                         
000014dd  CANFD0_IRQHandler               
000014dd  DAC0_IRQHandler                 
00002a89  DL_Common_delayCycles           
00002337  DL_I2C_setClockConfig           
00000d4d  DL_Timer_initPWMMode            
00000ac1  DL_Timer_initTimerMode          
000025e9  DL_Timer_setCaptCompUpdateMethod
00002809  DL_Timer_setCaptureCompareOutCtl
00002a21  DL_Timer_setCaptureCompareValue 
00002605  DL_Timer_setClockConfig         
000019f9  DL_UART_init                    
000029e9  DL_UART_setClockConfig          
00002455  DL_UART_transmitDataBlocking    
000014dd  DMA_IRQHandler                  
000014dd  Default_Handler                 
00002383  Delay_us                        
20200290  Encoder_count1                  
20200294  Encoder_count2                  
000014dd  GROUP0_IRQHandler               
00000f85  GROUP1_IRQHandler               
00002abb  HOSTexit                        
000014dd  HardFault_Handler               
000014dd  I2C0_IRQHandler                 
000014dd  I2C1_IRQHandler                 
00000c81  JY61P_GetData                   
000017b1  JY901S_Init                     
0000102d  JY901S_Read                     
00001d21  MyI2C_R_SDA                     
0000203d  MyI2C_ReceiveAck                
00001555  MyI2C_ReceiveByte               
0000235d  MyI2C_SendAck                   
000019ad  MyI2C_SendByte                  
00002271  MyI2C_Start                     
00002475  MyI2C_Stop                      
00001fd5  MyI2C_W_SCL                     
00001d5d  MyI2C_W_SDA                     
000014dd  NMI_Handler                     
000014dd  PendSV_Handler                  
000014dd  RTC_IRQHandler                  
00002abf  Reset_Handler                   
000028f5  SDA_IN                          
00002299  SDA_OUT                         
000014dd  SPI0_IRQHandler                 
000014dd  SPI1_IRQHandler                 
000014dd  SVC_Handler                     
0000056d  SYSCFG_DL_GPIO_init             
00001869  SYSCFG_DL_I2C_OLED_init         
0000136d  SYSCFG_DL_PWM_motor_init        
000023ef  SYSCFG_DL_SYSCTL_init           
000016eb  SYSCFG_DL_SYSTICK_init          
00002009  SYSCFG_DL_TIMER_0_init          
00001a41  SYSCFG_DL_UART_0_init           
00001625  SYSCFG_DL_UART_1_init           
00001ba5  SYSCFG_DL_init                  
000010c5  SYSCFG_DL_initPower             
00002a31  SysTick_Handler                 
0000290b  SysTick_Init                    
00000ecd  TIMA0_IRQHandler                
000014dd  TIMA1_IRQHandler                
000014dd  TIMG0_IRQHandler                
000014dd  TIMG12_IRQHandler               
000014dd  TIMG6_IRQHandler                
000014dd  TIMG7_IRQHandler                
000014dd  TIMG8_IRQHandler                
000029fb  TI_memcpy_small                 
00002a7b  TI_memset_small                 
000028b1  UART0_IRQHandler                
000014dd  UART1_IRQHandler                
000014dd  UART2_IRQHandler                
00001751  UART3_IRQHandler                
20208000  __STACK_END                     
00000200  __STACK_SIZE                    
00000000  __TI_ATRegion0_region_sz        
00000000  __TI_ATRegion0_src_addr         
00000000  __TI_ATRegion0_trg_addr         
00000000  __TI_ATRegion1_region_sz        
00000000  __TI_ATRegion1_src_addr         
00000000  __TI_ATRegion1_trg_addr         
00000000  __TI_ATRegion2_region_sz        
00000000  __TI_ATRegion2_src_addr         
00000000  __TI_ATRegion2_trg_addr         
00002b7c  __TI_CINIT_Base                 
00002b8c  __TI_CINIT_Limit                
00002b8c  __TI_CINIT_Warm                 
00002b68  __TI_Handler_Table_Base         
00002b74  __TI_Handler_Table_Limit        
00001e11  __TI_auto_init_nobinit_nopinit  
000013ed  __TI_decompress_lzss            
00002a0d  __TI_decompress_none            
ffffffff  __TI_pprof_out_hndl             
000000c1  __TI_printfi_minimal            
ffffffff  __TI_prof_data_size             
ffffffff  __TI_prof_data_start            
00000000  __TI_static_base__              
00002937  __TI_zero_init_nomemset         
00000bb3  __addsf3                        
000014e1  __aeabi_d2f                     
00001689  __aeabi_dcmpeq                  
000016c5  __aeabi_dcmpge                  
000016d9  __aeabi_dcmpgt                  
000016b1  __aeabi_dcmple                  
0000169d  __aeabi_dcmplt                  
00001c25  __aeabi_f2d                     
00001efd  __aeabi_f2iz                    
00000bb3  __aeabi_fadd                    
000016ed  __aeabi_fcmpeq                  
00001729  __aeabi_fcmpge                  
0000173d  __aeabi_fcmpgt                  
00001715  __aeabi_fcmple                  
00001701  __aeabi_fcmplt                  
00001151  __aeabi_fmul                    
00000ba9  __aeabi_fsub                    
00001d99  __aeabi_i2f                     
0000174f  __aeabi_idiv0                   
00002a9d  __aeabi_memcpy                  
00002a9d  __aeabi_memcpy4                 
00002a9d  __aeabi_memcpy8                 
00002a51  __aeabi_memset                  
00002a51  __aeabi_memset4                 
00002a51  __aeabi_memset8                 
000022c1  __aeabi_ui2f                    
00001be5  __aeabi_uidiv                   
00001be5  __aeabi_uidivmod                
ffffffff  __binit__                       
000015bd  __cmpdf2                        
00001e4d  __cmpsf2                        
000015bd  __eqdf2                         
00001e4d  __eqsf2                         
00001c25  __extendsfdf2                   
00001efd  __fixsfsi                       
00001d99  __floatsisf                     
000022c1  __floatunsisf                   
00001469  __gedf2                         
00001dd5  __gesf2                         
00001469  __gtdf2                         
00001dd5  __gtsf2                         
000015bd  __ledf2                         
00001e4d  __lesf2                         
000015bd  __ltdf2                         
00001e4d  __ltsf2                         
UNDEFED   __mpu_init                      
00001e89  __muldsi3                       
00001151  __mulsf3                        
000015bd  __nedf2                         
00001e4d  __nesf2                         
20207e00  __stack                         
20200000  __start___llvm_prf_bits         
20200000  __start___llvm_prf_cnts         
20200000  __stop___llvm_prf_bits          
20200000  __stop___llvm_prf_cnts          
00000ba9  __subsf3                        
000014e1  __truncdfsf2                    
000022e9  _c_int00_noargs                 
202001a0  _ftable                         
20200298  _lock                           
00001e87  _nop                            
UNDEFED   _system_post_cinit              
00002ac3  _system_pre_init                
2020029c  _unlock                         
00002ab5  abort                           
202000bc  angle                           
ffffffff  binit                           
00001a89  car_stop                        
000023a7  delay_ms                        
00000719  digtal                          
00002a93  encoder_init                    
20200188  error                           
0000263d  fputc                           
00001911  fputs                           
202002a0  gEchoData                       
20200000  gTIMER_0Backup                  
20200158  gUART_1Backup                   
00002921  gpio_get                        
00002071  gpio_set                        
00000000  interruptVectors                
2020018c  last_yaw                        
00000881  main                            
00002411  memccpy                         
202000f0  motorA                          
202002a1  motorA_dir                      
00001ad1  motorA_duty                     
20200124  motorB                          
202002a2  motorB_dir                      
00001b61  motorB_duty                     
00002a41  motor_init                      
000011dd  motor_target_set                
000009a5  pid_cal                         
00001b19  pid_control                     
00000e11  pid_control_angle               
0000217d  pid_init                        
00001c65  pidout_limit                    
00001ca5  pidout_limit_angle              
0000180d  printf                          
00001f35  pwm_update                      
00002a6d  strlen                          
20200190  tick_ms                         
00001ec3  tim_interrupt_ms_init           
00000345  track                           
000023cb  uart_init                       
20200194  yaw                             
20200198  yaw_gyro                        
2020019c  yaw_o                           


GLOBAL SYMBOLS: SORTED BY Symbol Address 

address   name                            
-------   ----                            
00000000  __TI_ATRegion0_region_sz        
00000000  __TI_ATRegion0_src_addr         
00000000  __TI_ATRegion0_trg_addr         
00000000  __TI_ATRegion1_region_sz        
00000000  __TI_ATRegion1_src_addr         
00000000  __TI_ATRegion1_trg_addr         
00000000  __TI_ATRegion2_region_sz        
00000000  __TI_ATRegion2_src_addr         
00000000  __TI_ATRegion2_trg_addr         
00000000  __TI_static_base__              
00000000  interruptVectors                
000000c1  __TI_printfi_minimal            
00000200  __STACK_SIZE                    
00000345  track                           
0000056d  SYSCFG_DL_GPIO_init             
00000719  digtal                          
00000881  main                            
000009a5  pid_cal                         
00000ac1  DL_Timer_initTimerMode          
00000ba9  __aeabi_fsub                    
00000ba9  __subsf3                        
00000bb3  __addsf3                        
00000bb3  __aeabi_fadd                    
00000c81  JY61P_GetData                   
00000d4d  DL_Timer_initPWMMode            
00000e11  pid_control_angle               
00000ecd  TIMA0_IRQHandler                
00000f85  GROUP1_IRQHandler               
0000102d  JY901S_Read                     
000010c5  SYSCFG_DL_initPower             
00001151  __aeabi_fmul                    
00001151  __mulsf3                        
000011dd  motor_target_set                
0000136d  SYSCFG_DL_PWM_motor_init        
000013ed  __TI_decompress_lzss            
00001469  __gedf2                         
00001469  __gtdf2                         
000014dd  ADC0_IRQHandler                 
000014dd  ADC1_IRQHandler                 
000014dd  AES_IRQHandler                  
000014dd  CANFD0_IRQHandler               
000014dd  DAC0_IRQHandler                 
000014dd  DMA_IRQHandler                  
000014dd  Default_Handler                 
000014dd  GROUP0_IRQHandler               
000014dd  HardFault_Handler               
000014dd  I2C0_IRQHandler                 
000014dd  I2C1_IRQHandler                 
000014dd  NMI_Handler                     
000014dd  PendSV_Handler                  
000014dd  RTC_IRQHandler                  
000014dd  SPI0_IRQHandler                 
000014dd  SPI1_IRQHandler                 
000014dd  SVC_Handler                     
000014dd  TIMA1_IRQHandler                
000014dd  TIMG0_IRQHandler                
000014dd  TIMG12_IRQHandler               
000014dd  TIMG6_IRQHandler                
000014dd  TIMG7_IRQHandler                
000014dd  TIMG8_IRQHandler                
000014dd  UART1_IRQHandler                
000014dd  UART2_IRQHandler                
000014e1  __aeabi_d2f                     
000014e1  __truncdfsf2                    
00001555  MyI2C_ReceiveByte               
000015bd  __cmpdf2                        
000015bd  __eqdf2                         
000015bd  __ledf2                         
000015bd  __ltdf2                         
000015bd  __nedf2                         
00001625  SYSCFG_DL_UART_1_init           
00001689  __aeabi_dcmpeq                  
0000169d  __aeabi_dcmplt                  
000016b1  __aeabi_dcmple                  
000016c5  __aeabi_dcmpge                  
000016d9  __aeabi_dcmpgt                  
000016eb  SYSCFG_DL_SYSTICK_init          
000016ed  __aeabi_fcmpeq                  
00001701  __aeabi_fcmplt                  
00001715  __aeabi_fcmple                  
00001729  __aeabi_fcmpge                  
0000173d  __aeabi_fcmpgt                  
0000174f  __aeabi_idiv0                   
00001751  UART3_IRQHandler                
000017b1  JY901S_Init                     
0000180d  printf                          
00001869  SYSCFG_DL_I2C_OLED_init         
00001911  fputs                           
000019ad  MyI2C_SendByte                  
000019f9  DL_UART_init                    
00001a41  SYSCFG_DL_UART_0_init           
00001a89  car_stop                        
00001ad1  motorA_duty                     
00001b19  pid_control                     
00001b61  motorB_duty                     
00001ba5  SYSCFG_DL_init                  
00001be5  __aeabi_uidiv                   
00001be5  __aeabi_uidivmod                
00001c25  __aeabi_f2d                     
00001c25  __extendsfdf2                   
00001c65  pidout_limit                    
00001ca5  pidout_limit_angle              
00001d21  MyI2C_R_SDA                     
00001d5d  MyI2C_W_SDA                     
00001d99  __aeabi_i2f                     
00001d99  __floatsisf                     
00001dd5  __gesf2                         
00001dd5  __gtsf2                         
00001e11  __TI_auto_init_nobinit_nopinit  
00001e4d  __cmpsf2                        
00001e4d  __eqsf2                         
00001e4d  __lesf2                         
00001e4d  __ltsf2                         
00001e4d  __nesf2                         
00001e87  _nop                            
00001e89  __muldsi3                       
00001ec3  tim_interrupt_ms_init           
00001efd  __aeabi_f2iz                    
00001efd  __fixsfsi                       
00001f35  pwm_update                      
00001fd5  MyI2C_W_SCL                     
00002009  SYSCFG_DL_TIMER_0_init          
0000203d  MyI2C_ReceiveAck                
00002071  gpio_set                        
0000217d  pid_init                        
00002271  MyI2C_Start                     
00002299  SDA_OUT                         
000022c1  __aeabi_ui2f                    
000022c1  __floatunsisf                   
000022e9  _c_int00_noargs                 
00002337  DL_I2C_setClockConfig           
0000235d  MyI2C_SendAck                   
00002383  Delay_us                        
000023a7  delay_ms                        
000023cb  uart_init                       
000023ef  SYSCFG_DL_SYSCTL_init           
00002411  memccpy                         
00002455  DL_UART_transmitDataBlocking    
00002475  MyI2C_Stop                      
000025e9  DL_Timer_setCaptCompUpdateMethod
00002605  DL_Timer_setClockConfig         
0000263d  fputc                           
00002809  DL_Timer_setCaptureCompareOutCtl
000028b1  UART0_IRQHandler                
000028f5  SDA_IN                          
0000290b  SysTick_Init                    
00002921  gpio_get                        
00002937  __TI_zero_init_nomemset         
000029e9  DL_UART_setClockConfig          
000029fb  TI_memcpy_small                 
00002a0d  __TI_decompress_none            
00002a21  DL_Timer_setCaptureCompareValue 
00002a31  SysTick_Handler                 
00002a41  motor_init                      
00002a51  __aeabi_memset                  
00002a51  __aeabi_memset4                 
00002a51  __aeabi_memset8                 
00002a6d  strlen                          
00002a7b  TI_memset_small                 
00002a89  DL_Common_delayCycles           
00002a93  encoder_init                    
00002a9d  __aeabi_memcpy                  
00002a9d  __aeabi_memcpy4                 
00002a9d  __aeabi_memcpy8                 
00002ab5  abort                           
00002aba  C$$EXIT                         
00002abb  HOSTexit                        
00002abf  Reset_Handler                   
00002ac3  _system_pre_init                
00002b68  __TI_Handler_Table_Base         
00002b74  __TI_Handler_Table_Limit        
00002b7c  __TI_CINIT_Base                 
00002b8c  __TI_CINIT_Limit                
00002b8c  __TI_CINIT_Warm                 
20200000  __start___llvm_prf_bits         
20200000  __start___llvm_prf_cnts         
20200000  __stop___llvm_prf_bits          
20200000  __stop___llvm_prf_cnts          
20200000  gTIMER_0Backup                  
202000bc  angle                           
202000f0  motorA                          
20200124  motorB                          
20200158  gUART_1Backup                   
20200188  error                           
2020018c  last_yaw                        
20200190  tick_ms                         
20200194  yaw                             
20200198  yaw_gyro                        
2020019c  yaw_o                           
202001a0  _ftable                         
20200290  Encoder_count1                  
20200294  Encoder_count2                  
20200298  _lock                           
2020029c  _unlock                         
202002a0  gEchoData                       
202002a1  motorA_dir                      
202002a2  motorB_dir                      
20207e00  __stack                         
20208000  __STACK_END                     
ffffffff  __TI_pprof_out_hndl             
ffffffff  __TI_prof_data_size             
ffffffff  __TI_prof_data_start            
ffffffff  __binit__                       
ffffffff  binit                           
UNDEFED   __mpu_init                      
UNDEFED   _system_post_cinit              

[206 symbols]
