******************************************************************************
            TI ARM Clang Linker PC v4.0.3                      
******************************************************************************
>> Linked Sun Jul 27 15:32:24 2025

OUTPUT FILE NAME:   <car_3507_utf-8.out>
ENTRY POINT SYMBOL: "_c_int00_noargs"  address: 00001189


MEMORY CONFIGURATION

         name            origin    length      used     unused   attr    fill
----------------------  --------  ---------  --------  --------  ----  --------
  FLASH                 00000000   00020000  00001860  0001e7a0  R  X
  SRAM                  20200000   00008000  00000261  00007d9f  RW X
  BCR_CONFIG            41c00000   00000080  00000000  00000080  R   
  BSL_CONFIG            41c00100   00000080  00000000  00000080  R   


SEGMENT ALLOCATION MAP

run origin  load origin   length   init length attrs members
----------  ----------- ---------- ----------- ----- -------
00000000    00000000    00001860   00001860    r-x
  00000000    00000000    000000c0   000000c0    r-- .intvecs
  000000c0    000000c0    00001720   00001720    r-x .text
  000017e0    000017e0    00000048   00000048    r-- .rodata
  00001828    00001828    00000038   00000038    r-- .cinit
20200000    20200000    00000064   00000000    rw-
  20200000    20200000    00000035   00000000    rw- .bss
  20200038    20200038    0000002c   00000000    rw- .data
20207e00    20207e00    00000200   00000000    rw-
  20207e00    20207e00    00000200   00000000    rw- .stack


SECTION ALLOCATION MAP

 output                                  attributes/
section   page    origin      length       input sections
--------  ----  ----------  ----------   ----------------
.intvecs   0    00000000    000000c0     
                  00000000    000000c0     startup_mspm0g350x_ticlang.o (.intvecs)

.text      0    000000c0    00001720     
                  000000c0    00000234     step_motor.o (.text.step)
                  000002f4    0000022c     ti_msp_dl_config.o (.text.SYSCFG_DL_GPIO_init)
                  00000520    00000124     isr.o (.text.GROUP1_IRQHandler)
                  00000644    00000104     isr.o (.text.UART1_rx_dataframe)
                  00000748    000000e8     driverlib.a : dl_timer.o (.text.DL_Timer_initTimerMode)
                  00000830    000000d0     isr.o (.text.TIMG0_IRQHandler)
                  00000900    000000c4     driverlib.a : dl_timer.o (.text.DL_Timer_initPWMMode)
                  000009c4    000000b0     main.o (.text.main)
                  00000a74    000000a0     ti_msp_dl_config.o (.text.SYSCFG_DL_initPower)
                  00000b14    00000084     clock.o (.text.__NVIC_SetPriority)
                  00000b98    00000084     ml_tim.o (.text.__NVIC_SetPriority)
                  00000c1c    00000080     ti_msp_dl_config.o (.text.SYSCFG_DL_PWM_motor_init)
                  00000c9c    0000007c     libc.a : copy_decompress_lzss.c.obj (.text:decompress:lzss)
                  00000d18    00000058     ti_msp_dl_config.o (.text.SYSCFG_DL_I2C_OLED_init)
                  00000d70    00000050     clock.o (.text.SysTick_Config)
                  00000dc0    0000004c     ti_msp_dl_config.o (.text.DL_UART_setBaudRateDivisor)
                  00000e0c    00000048     driverlib.a : dl_uart.o (.text.DL_UART_init)
                  00000e54    00000048     ti_msp_dl_config.o (.text.SYSCFG_DL_UART_0_init)
                  00000e9c    00000048     ti_msp_dl_config.o (.text.SYSCFG_DL_UART_1_init)
                  00000ee4    00000040     ti_msp_dl_config.o (.text.SYSCFG_DL_UART_2_init)
                  00000f24    00000040     libclang_rt.builtins.a : aeabi_uidivmod.S.obj (.text.__aeabi_uidivmod)
                  00000f64    0000003c     ti_msp_dl_config.o (.text.DL_GPIO_initPeripheralInputFunctionFeatures)
                  00000fa0    0000003c     libc.a : autoinit.c.obj (.text:__TI_auto_init_nobinit_nopinit)
                  00000fdc    0000003a     ml_tim.o (.text.tim_interrupt_ms_init)
                  00001016    00000002     ti_msp_dl_config.o (.text.SYSCFG_DL_SYSTICK_init)
                  00001018    00000038     ti_msp_dl_config.o (.text.SYSCFG_DL_init)
                  00001050    00000034     ti_msp_dl_config.o (.text.DL_GPIO_initDigitalInputFeatures)
                  00001084    00000034     ti_msp_dl_config.o (.text.SYSCFG_DL_TIMER_0_init)
                  000010b8    0000002c     ml_tim.o (.text.__NVIC_ClearPendingIRQ)
                  000010e4    0000002c     ml_tim.o (.text.__NVIC_EnableIRQ)
                  00001110    00000028     ti_msp_dl_config.o (.text.DL_Common_updateReg)
                  00001138    00000028     ti_msp_dl_config.o (.text.DL_I2C_setControllerRXFIFOThreshold)
                  00001160    00000028     ti_msp_dl_config.o (.text.DL_I2C_setControllerTXFIFOThreshold)
                  00001188    00000028     libc.a : boot_cortex_m.c.obj (.text:_c_int00_noargs)
                  000011b0    00000026     ti_msp_dl_config.o (.text.DL_I2C_setAnalogGlitchFilterPulseWidth)
                  000011d6    00000026     driverlib.a : dl_i2c.o (.text.DL_I2C_setClockConfig)
                  000011fc    00000024     isr.o (.text.UART0_IRQHandler)
                  00001220    00000024     isr.o (.text.UART1_IRQHandler)
                  00001244    00000024     clock.o (.text.delay_ms)
                  00001268    00000022     ti_msp_dl_config.o (.text.SYSCFG_DL_SYSCTL_init)
                  0000128a    00000002     libclang_rt.builtins.a : aeabi_div0.c.obj (.text.__aeabi_idiv0)
                  0000128c    00000020     ti_msp_dl_config.o (.text.DL_GPIO_initPeripheralInputFunction)
                  000012ac    0000001e     ti_msp_dl_config.o (.text.DL_UART_setOversampling)
                  000012ca    00000002     --HOLE-- [fill = 0]
                  000012cc    0000001c     isr.o (.text.DL_GPIO_clearInterruptStatus)
                  000012e8    0000001c     ti_msp_dl_config.o (.text.DL_GPIO_clearInterruptStatus)
                  00001304    0000001c     ti_msp_dl_config.o (.text.DL_GPIO_enableHiZ)
                  00001320    0000001c     ti_msp_dl_config.o (.text.DL_GPIO_enableInterrupt)
                  0000133c    0000001c     ti_msp_dl_config.o (.text.DL_GPIO_initDigitalInput)
                  00001358    0000001c     ti_msp_dl_config.o (.text.DL_GPIO_initPeripheralOutputFunction)
                  00001374    0000001c     ti_msp_dl_config.o (.text.DL_GPIO_setLowerPinsPolarity)
                  00001390    0000001c     ti_msp_dl_config.o (.text.DL_SYSCTL_setMCLKDivider)
                  000013ac    0000001c     ti_msp_dl_config.o (.text.DL_SYSCTL_setSYSOSCFreq)
                  000013c8    0000001c     ti_msp_dl_config.o (.text.DL_SYSCTL_setULPCLKDivider)
                  000013e4    0000001c     ti_msp_dl_config.o (.text.DL_Timer_enableInterrupt)
                  00001400    0000001c     driverlib.a : dl_timer.o (.text.DL_Timer_setCaptCompUpdateMethod)
                  0000141c    0000001c                 : dl_timer.o (.text.DL_Timer_setClockConfig)
                  00001438    0000001c     ti_msp_dl_config.o (.text.DL_UART_enableInterrupt)
                  00001454    00000018     ti_msp_dl_config.o (.text.DL_GPIO_enableOutput)
                  0000146c    00000018     ti_msp_dl_config.o (.text.DL_GPIO_enablePower)
                  00001484    00000018     isr.o (.text.DL_GPIO_getEnabledInterruptStatus)
                  0000149c    00000018     ti_msp_dl_config.o (.text.DL_GPIO_initDigitalOutput)
                  000014b4    00000018     ti_msp_dl_config.o (.text.DL_GPIO_reset)
                  000014cc    00000018     step_motor.o (.text.DL_GPIO_setPins)
                  000014e4    00000018     ti_msp_dl_config.o (.text.DL_GPIO_setUpperPinsPolarity)
                  000014fc    00000018     ti_msp_dl_config.o (.text.DL_I2C_enableAnalogGlitchFilter)
                  00001514    00000018     ti_msp_dl_config.o (.text.DL_I2C_enableController)
                  0000152c    00000018     ti_msp_dl_config.o (.text.DL_I2C_enableControllerClockStretching)
                  00001544    00000018     ti_msp_dl_config.o (.text.DL_I2C_enablePower)
                  0000155c    00000018     ti_msp_dl_config.o (.text.DL_I2C_reset)
                  00001574    00000018     ti_msp_dl_config.o (.text.DL_I2C_setTimerPeriod)
                  0000158c    00000018     ti_msp_dl_config.o (.text.DL_SYSCTL_setBORThreshold)
                  000015a4    00000018     ti_msp_dl_config.o (.text.DL_Timer_enablePower)
                  000015bc    00000018     ti_msp_dl_config.o (.text.DL_Timer_reset)
                  000015d4    00000018     driverlib.a : dl_timer.o (.text.DL_Timer_setCaptureCompareOutCtl)
                  000015ec    00000018     ml_tim.o (.text.DL_Timer_startCounter)
                  00001604    00000018     isr.o (.text.DL_UART_clearInterruptStatus)
                  0000161c    00000018     ti_msp_dl_config.o (.text.DL_UART_enablePower)
                  00001634    00000018     ti_msp_dl_config.o (.text.DL_UART_reset)
                  0000164c    00000016     main.o (.text.DL_GPIO_readPins)
                  00001662    00000016     ti_msp_dl_config.o (.text.DL_UART_enable)
                  00001678    00000016     clock.o (.text.SysTick_Init)
                  0000168e    00000016     ml_gpio.o (.text.gpio_get)
                  000016a4    00000016     libc.a : copy_zero_init.c.obj (.text:decompress:ZI:__TI_zero_init_nomemset)
                  000016ba    00000014     step_motor.o (.text.DL_GPIO_clearPins)
                  000016ce    00000014     ti_msp_dl_config.o (.text.DL_GPIO_clearPins)
                  000016e2    00000002     --HOLE-- [fill = 0]
                  000016e4    00000014     ti_msp_dl_config.o (.text.DL_I2C_resetControllerTransfer)
                  000016f8    00000014     ti_msp_dl_config.o (.text.DL_Timer_enableClock)
                  0000170c    00000014     ti_msp_dl_config.o (.text.DL_Timer_setCCPDirection)
                  00001720    00000014     isr.o (.text.DL_UART_receiveData)
                  00001734    00000012     isr.o (.text.DL_Timer_getPendingInterrupt)
                  00001746    00000012     isr.o (.text.DL_UART_getPendingInterrupt)
                  00001758    00000012     driverlib.a : dl_uart.o (.text.DL_UART_setClockConfig)
                  0000176a    00000012     libc.a : memcpy16.S.obj (.text:TI_memcpy_small)
                  0000177c    00000012            : copy_decompress_none.c.obj (.text:decompress:none)
                  0000178e    00000002     --HOLE-- [fill = 0]
                  00001790    00000010     driverlib.a : dl_timer.o (.text.DL_Timer_setCaptureCompareValue)
                  000017a0    00000010     clock.o (.text.SysTick_Handler)
                  000017b0    0000000a     driverlib.a : dl_common.o (.text.DL_Common_delayCycles)
                  000017ba    00000002     --HOLE-- [fill = 0]
                  000017bc    00000008     libclang_rt.builtins.a : aeabi_memcpy.S.obj (.text.__aeabi_memcpy)
                  000017c4    00000006     libc.a : exit.c.obj (.text:abort)
                  000017ca    00000004     startup_mspm0g350x_ticlang.o (.text.Default_Handler)
                  000017ce    00000004     libsysbm.a : hostexit.c.obj (.text.HOSTexit)
                  000017d2    00000004     startup_mspm0g350x_ticlang.o (.text.Reset_Handler)
                  000017d6    00000004     libc.a : pre_init.c.obj (.text._system_pre_init)
                  000017da    00000006     --HOLE-- [fill = 0]

.cinit     0    00001828    00000038     
                  00001828    00000011     (.cinit..data.load) [load image, compression = lzss]
                  00001839    00000003     --HOLE-- [fill = 0]
                  0000183c    0000000c     (__TI_handler_table)
                  00001848    00000008     (.cinit..bss.load) [load image, compression = zero_init]
                  00001850    00000010     (__TI_cinit_table)

.rodata    0    000017e0    00000048     
                  000017e0    00000014     ti_msp_dl_config.o (.rodata.gTIMER_0TimerConfig)
                  000017f4    0000000a     ti_msp_dl_config.o (.rodata.gUART_0Config)
                  000017fe    0000000a     ti_msp_dl_config.o (.rodata.gUART_1Config)
                  00001808    0000000a     ti_msp_dl_config.o (.rodata.gUART_2Config)
                  00001812    00000002     ti_msp_dl_config.o (.rodata.gI2C_OLEDClockConfig)
                  00001814    00000008     ti_msp_dl_config.o (.rodata.gPWM_motorConfig)
                  0000181c    00000003     ti_msp_dl_config.o (.rodata.gPWM_motorClockConfig)
                  0000181f    00000003     ti_msp_dl_config.o (.rodata.gTIMER_0ClockConfig)
                  00001822    00000002     ti_msp_dl_config.o (.rodata.gUART_0ClockConfig)
                  00001824    00000002     ti_msp_dl_config.o (.rodata.gUART_1ClockConfig)
                  00001826    00000002     ti_msp_dl_config.o (.rodata.gUART_2ClockConfig)

.init_array 
*          0    00000000    00000000     UNINITIALIZED

.binit     0    00000000    00000000     

.bss       0    20200000    00000035     UNINITIALIZED
                  20200000    00000030     (.common:gUART_2Backup)
                  20200030    00000004     (.common:tick_ms)
                  20200034    00000001     (.common:rx_data)

.data      0    20200038    0000002c     UNINITIALIZED
                  20200038    0000000c     step_motor.o (.data.step_motor_lr)
                  20200044    0000000c     step_motor.o (.data.step_motor_ud)
                  20200050    00000009     isr.o (.data.rx_order)
                  20200059    00000001     isr.o (.data.last_data)
                  2020005a    00000001     isr.o (.data.pt)
                  2020005b    00000001     --HOLE--
                  2020005c    00000004     motor.o (.data.Encoder_count1)
                  20200060    00000004     motor.o (.data.Encoder_count2)

.stack     0    20207e00    00000200     UNINITIALIZED
                  20207e00    00000004     libc.a : boot_cortex_m.c.obj (.stack)
                  20207e04    000001fc     --HOLE--

__llvm_prf_cnts 
*          0    20200000    00000000     UNINITIALIZED

__llvm_prf_bits 
*          0    20200000    00000000     UNINITIALIZED

MODULE SUMMARY

       Module                         code   ro data   rw data
       ------                         ----   -------   -------
    .\
       ti_msp_dl_config.o             2486   72        48     
       isr.o                          964    0         12     
       startup_mspm0g350x_ticlang.o   8      192       0      
       main.o                         198    0         0      
    +--+------------------------------+------+---------+---------+
       Total:                         3656   264       60     
                                                              
    .\code\
       motor.o                        0      0         8      
    +--+------------------------------+------+---------+---------+
       Total:                         0      0         8      
                                                              
    .\ml_libs\
       step_motor.o                   608    0         24     
       ml_tim.o                       302    0         0      
       clock.o                        286    0         4      
       ml_gpio.o                      22     0         0      
    +--+------------------------------+------+---------+---------+
       Total:                         1218   0         28     
                                                              
    C:/ti/mspm0_sdk_2_00_01_00/source/ti/driverlib/lib/ticlang/m0p/mspm0g1x0x_g3x0x/driverlib.a
       dl_timer.o                     524    0         0      
       dl_uart.o                      90     0         0      
       dl_i2c.o                       38     0         0      
       dl_common.o                    10     0         0      
    +--+------------------------------+------+---------+---------+
       Total:                         662    0         0      
                                                              
    E:\ti\ccs2020\ccs\tools\compiler\ti-cgt-armllvm_4.0.3.LTS\lib\armv6m-ti-none-eabi/c/libc.a
       copy_decompress_lzss.c.obj     124    0         0      
       autoinit.c.obj                 60     0         0      
       boot_cortex_m.c.obj            40     0         0      
       copy_zero_init.c.obj           22     0         0      
       copy_decompress_none.c.obj     18     0         0      
       memcpy16.S.obj                 18     0         0      
       exit.c.obj                     6      0         0      
       pre_init.c.obj                 4      0         0      
    +--+------------------------------+------+---------+---------+
       Total:                         292    0         0      
                                                              
    E:\ti\ccs2020\ccs\tools\compiler\ti-cgt-armllvm_4.0.3.LTS\lib\armv6m-ti-none-eabi/c/libsysbm.a
       hostexit.c.obj                 4      0         0      
    +--+------------------------------+------+---------+---------+
       Total:                         4      0         0      
                                                              
    E:\ti\ccs2020\ccs\tools\compiler\ti-cgt-armllvm_4.0.3.LTS\lib\armv6m-ti-none-eabi/libclang_rt.builtins.a
       aeabi_uidivmod.S.obj           64     0         0      
       aeabi_memcpy.S.obj             8      0         0      
       aeabi_div0.c.obj               2      0         0      
    +--+------------------------------+------+---------+---------+
       Total:                         74     0         0      
                                                              
       Stack:                         0      0         512    
       Linker Generated:              0      53        0      
    +--+------------------------------+------+---------+---------+
       Grand Total:                   5906   317       608    


LINKER GENERATED COPY TABLES

__TI_cinit_table @ 00001850 records: 2, size/record: 8, table size: 16
	.data: load addr=00001828, load size=00000011 bytes, run addr=20200038, run size=0000002c bytes, compression=lzss
	.bss: load addr=00001848, load size=00000008 bytes, run addr=20200000, run size=00000035 bytes, compression=zero_init


LINKER GENERATED HANDLER TABLE

__TI_handler_table @ 0000183c records: 3, size/record: 4, table size: 12
	index: 0, handler: __TI_decompress_lzss
	index: 1, handler: __TI_decompress_none
	index: 2, handler: __TI_zero_init


GLOBAL SYMBOLS: SORTED ALPHABETICALLY BY Name 

address   name                            
-------   ----                            
000017cb  ADC0_IRQHandler                 
000017cb  ADC1_IRQHandler                 
000017cb  AES_IRQHandler                  
000017ce  C$$EXIT                         
000017cb  CANFD0_IRQHandler               
000017cb  DAC0_IRQHandler                 
000017b1  DL_Common_delayCycles           
000011d7  DL_I2C_setClockConfig           
00000901  DL_Timer_initPWMMode            
00000749  DL_Timer_initTimerMode          
00001401  DL_Timer_setCaptCompUpdateMethod
000015d5  DL_Timer_setCaptureCompareOutCtl
00001791  DL_Timer_setCaptureCompareValue 
0000141d  DL_Timer_setClockConfig         
00000e0d  DL_UART_init                    
00001759  DL_UART_setClockConfig          
000017cb  DMA_IRQHandler                  
000017cb  Default_Handler                 
2020005c  Encoder_count1                  
20200060  Encoder_count2                  
000017cb  GROUP0_IRQHandler               
00000521  GROUP1_IRQHandler               
000017cf  HOSTexit                        
000017cb  HardFault_Handler               
000017cb  I2C0_IRQHandler                 
000017cb  I2C1_IRQHandler                 
000017cb  NMI_Handler                     
000017cb  PendSV_Handler                  
000017cb  RTC_IRQHandler                  
000017d3  Reset_Handler                   
000017cb  SPI0_IRQHandler                 
000017cb  SPI1_IRQHandler                 
000017cb  SVC_Handler                     
000002f5  SYSCFG_DL_GPIO_init             
00000d19  SYSCFG_DL_I2C_OLED_init         
00000c1d  SYSCFG_DL_PWM_motor_init        
00001269  SYSCFG_DL_SYSCTL_init           
00001017  SYSCFG_DL_SYSTICK_init          
00001085  SYSCFG_DL_TIMER_0_init          
00000e55  SYSCFG_DL_UART_0_init           
00000e9d  SYSCFG_DL_UART_1_init           
00000ee5  SYSCFG_DL_UART_2_init           
00001019  SYSCFG_DL_init                  
00000a75  SYSCFG_DL_initPower             
000017a1  SysTick_Handler                 
00001679  SysTick_Init                    
000017cb  TIMA0_IRQHandler                
000017cb  TIMA1_IRQHandler                
00000831  TIMG0_IRQHandler                
000017cb  TIMG12_IRQHandler               
000017cb  TIMG6_IRQHandler                
000017cb  TIMG7_IRQHandler                
000017cb  TIMG8_IRQHandler                
0000176b  TI_memcpy_small                 
000011fd  UART0_IRQHandler                
00001221  UART1_IRQHandler                
00000645  UART1_rx_dataframe              
000017cb  UART2_IRQHandler                
000017cb  UART3_IRQHandler                
20208000  __STACK_END                     
00000200  __STACK_SIZE                    
00000000  __TI_ATRegion0_region_sz        
00000000  __TI_ATRegion0_src_addr         
00000000  __TI_ATRegion0_trg_addr         
00000000  __TI_ATRegion1_region_sz        
00000000  __TI_ATRegion1_src_addr         
00000000  __TI_ATRegion1_trg_addr         
00000000  __TI_ATRegion2_region_sz        
00000000  __TI_ATRegion2_src_addr         
00000000  __TI_ATRegion2_trg_addr         
00001850  __TI_CINIT_Base                 
00001860  __TI_CINIT_Limit                
00001860  __TI_CINIT_Warm                 
0000183c  __TI_Handler_Table_Base         
00001848  __TI_Handler_Table_Limit        
00000fa1  __TI_auto_init_nobinit_nopinit  
00000c9d  __TI_decompress_lzss            
0000177d  __TI_decompress_none            
ffffffff  __TI_pprof_out_hndl             
ffffffff  __TI_prof_data_size             
ffffffff  __TI_prof_data_start            
00000000  __TI_static_base__              
000016a5  __TI_zero_init_nomemset         
0000128b  __aeabi_idiv0                   
000017bd  __aeabi_memcpy                  
000017bd  __aeabi_memcpy4                 
000017bd  __aeabi_memcpy8                 
00000f25  __aeabi_uidiv                   
00000f25  __aeabi_uidivmod                
ffffffff  __binit__                       
UNDEFED   __mpu_init                      
20207e00  __stack                         
20200000  __start___llvm_prf_bits         
20200000  __start___llvm_prf_cnts         
20200000  __stop___llvm_prf_bits          
20200000  __stop___llvm_prf_cnts          
00001189  _c_int00_noargs                 
UNDEFED   _system_post_cinit              
000017d7  _system_pre_init                
000017c5  abort                           
ffffffff  binit                           
00001245  delay_ms                        
20200000  gUART_2Backup                   
0000168f  gpio_get                        
00000000  interruptVectors                
20200059  last_data                       
000009c5  main                            
2020005a  pt                              
20200034  rx_data                         
20200050  rx_order                        
000000c1  step                            
20200038  step_motor_lr                   
20200044  step_motor_ud                   
20200030  tick_ms                         
00000fdd  tim_interrupt_ms_init           


GLOBAL SYMBOLS: SORTED BY Symbol Address 

address   name                            
-------   ----                            
00000000  __TI_ATRegion0_region_sz        
00000000  __TI_ATRegion0_src_addr         
00000000  __TI_ATRegion0_trg_addr         
00000000  __TI_ATRegion1_region_sz        
00000000  __TI_ATRegion1_src_addr         
00000000  __TI_ATRegion1_trg_addr         
00000000  __TI_ATRegion2_region_sz        
00000000  __TI_ATRegion2_src_addr         
00000000  __TI_ATRegion2_trg_addr         
00000000  __TI_static_base__              
00000000  interruptVectors                
000000c1  step                            
00000200  __STACK_SIZE                    
000002f5  SYSCFG_DL_GPIO_init             
00000521  GROUP1_IRQHandler               
00000645  UART1_rx_dataframe              
00000749  DL_Timer_initTimerMode          
00000831  TIMG0_IRQHandler                
00000901  DL_Timer_initPWMMode            
000009c5  main                            
00000a75  SYSCFG_DL_initPower             
00000c1d  SYSCFG_DL_PWM_motor_init        
00000c9d  __TI_decompress_lzss            
00000d19  SYSCFG_DL_I2C_OLED_init         
00000e0d  DL_UART_init                    
00000e55  SYSCFG_DL_UART_0_init           
00000e9d  SYSCFG_DL_UART_1_init           
00000ee5  SYSCFG_DL_UART_2_init           
00000f25  __aeabi_uidiv                   
00000f25  __aeabi_uidivmod                
00000fa1  __TI_auto_init_nobinit_nopinit  
00000fdd  tim_interrupt_ms_init           
00001017  SYSCFG_DL_SYSTICK_init          
00001019  SYSCFG_DL_init                  
00001085  SYSCFG_DL_TIMER_0_init          
00001189  _c_int00_noargs                 
000011d7  DL_I2C_setClockConfig           
000011fd  UART0_IRQHandler                
00001221  UART1_IRQHandler                
00001245  delay_ms                        
00001269  SYSCFG_DL_SYSCTL_init           
0000128b  __aeabi_idiv0                   
00001401  DL_Timer_setCaptCompUpdateMethod
0000141d  DL_Timer_setClockConfig         
000015d5  DL_Timer_setCaptureCompareOutCtl
00001679  SysTick_Init                    
0000168f  gpio_get                        
000016a5  __TI_zero_init_nomemset         
00001759  DL_UART_setClockConfig          
0000176b  TI_memcpy_small                 
0000177d  __TI_decompress_none            
00001791  DL_Timer_setCaptureCompareValue 
000017a1  SysTick_Handler                 
000017b1  DL_Common_delayCycles           
000017bd  __aeabi_memcpy                  
000017bd  __aeabi_memcpy4                 
000017bd  __aeabi_memcpy8                 
000017c5  abort                           
000017cb  ADC0_IRQHandler                 
000017cb  ADC1_IRQHandler                 
000017cb  AES_IRQHandler                  
000017cb  CANFD0_IRQHandler               
000017cb  DAC0_IRQHandler                 
000017cb  DMA_IRQHandler                  
000017cb  Default_Handler                 
000017cb  GROUP0_IRQHandler               
000017cb  HardFault_Handler               
000017cb  I2C0_IRQHandler                 
000017cb  I2C1_IRQHandler                 
000017cb  NMI_Handler                     
000017cb  PendSV_Handler                  
000017cb  RTC_IRQHandler                  
000017cb  SPI0_IRQHandler                 
000017cb  SPI1_IRQHandler                 
000017cb  SVC_Handler                     
000017cb  TIMA0_IRQHandler                
000017cb  TIMA1_IRQHandler                
000017cb  TIMG12_IRQHandler               
000017cb  TIMG6_IRQHandler                
000017cb  TIMG7_IRQHandler                
000017cb  TIMG8_IRQHandler                
000017cb  UART2_IRQHandler                
000017cb  UART3_IRQHandler                
000017ce  C$$EXIT                         
000017cf  HOSTexit                        
000017d3  Reset_Handler                   
000017d7  _system_pre_init                
0000183c  __TI_Handler_Table_Base         
00001848  __TI_Handler_Table_Limit        
00001850  __TI_CINIT_Base                 
00001860  __TI_CINIT_Limit                
00001860  __TI_CINIT_Warm                 
20200000  __start___llvm_prf_bits         
20200000  __start___llvm_prf_cnts         
20200000  __stop___llvm_prf_bits          
20200000  __stop___llvm_prf_cnts          
20200000  gUART_2Backup                   
20200030  tick_ms                         
20200034  rx_data                         
20200038  step_motor_lr                   
20200044  step_motor_ud                   
20200050  rx_order                        
20200059  last_data                       
2020005a  pt                              
2020005c  Encoder_count1                  
20200060  Encoder_count2                  
20207e00  __stack                         
20208000  __STACK_END                     
ffffffff  __TI_pprof_out_hndl             
ffffffff  __TI_prof_data_size             
ffffffff  __TI_prof_data_start            
ffffffff  __binit__                       
ffffffff  binit                           
UNDEFED   __mpu_init                      
UNDEFED   _system_post_cinit              

[115 symbols]
