******************************************************************************
            TI ARM Clang Linker PC v4.0.3                      
******************************************************************************
>> Linked Fri Aug  1 05:04:48 2025

OUTPUT FILE NAME:   <car_3507_utf-8.out>
ENTRY POINT SYMBOL: "_c_int00_noargs"  address: 00001f4d


MEMORY CONFIGURATION

         name            origin    length      used     unused   attr    fill
----------------------  --------  ---------  --------  --------  ----  --------
  FLASH                 00000000   00020000  000026b8  0001d948  R  X
  SRAM                  20200000   00008000  000002cb  00007d35  RW X
  BCR_CONFIG            41c00000   00000080  00000000  00000080  R   
  BSL_CONFIG            41c00100   00000080  00000000  00000080  R   


SEGMENT ALLOCATION MAP

run origin  load origin   length   init length attrs members
----------  ----------- ---------- ----------- ----- -------
00000000    00000000    000026b8   000026b8    r-x
  00000000    00000000    000000c0   000000c0    r-- .intvecs
  000000c0    000000c0    00002578   00002578    r-x .text
  00002638    00002638    00000048   00000048    r-- .rodata
  00002680    00002680    00000038   00000038    r-- .cinit
20200000    20200000    000000ce   00000000    rw-
  20200000    20200000    0000009d   00000000    rw- .bss
  202000a0    202000a0    0000002e   00000000    rw- .data
20207e00    20207e00    00000200   00000000    rw-
  20207e00    20207e00    00000200   00000000    rw- .stack


SECTION ALLOCATION MAP

 output                                  attributes/
section   page    origin      length       input sections
--------  ----  ----------  ----------   ----------------
.intvecs   0    00000000    000000c0     
                  00000000    000000c0     startup_mspm0g350x_ticlang.o (.intvecs)

.text      0    000000c0    00002578     
                  000000c0    00000348     task.o (.text.task_1)
                  00000408    0000025e     gray_track.o (.text.track)
                  00000666    00000002     ti_msp_dl_config.o (.text.SYSCFG_DL_SYSTICK_init)
                  00000668    00000258     ti_msp_dl_config.o (.text.SYSCFG_DL_GPIO_init)
                  000008c0    00000168     gray_track.o (.text.digtal)
                  00000a28    00000120     pid.o (.text.pid_control_line)
                  00000b48    0000011c     pid.o (.text.pid_cal)
                  00000c64    00000104     isr.o (.text.UART1_rx_dataframe)
                  00000d68    00000100     isr.o (.text.GROUP1_IRQHandler)
                  00000e68    000000e8     driverlib.a : dl_timer.o (.text.DL_Timer_initTimerMode)
                  00000f50    000000d8     libclang_rt.builtins.a : addsf3.S.obj (.text)
                  00001028    000000d0     isr.o (.text.TIMG0_IRQHandler)
                  000010f8    000000c4     driverlib.a : dl_timer.o (.text.DL_Timer_initPWMMode)
                  000011bc    000000b4     pid.o (.text.pid_control)
                  00001270    000000b0     42step_motor.o (.text.step)
                  00001320    000000a0     ti_msp_dl_config.o (.text.SYSCFG_DL_initPower)
                  000013c0    00000098     main.o (.text.main)
                  00001458    0000008c     libclang_rt.builtins.a : mulsf3.S.obj (.text.__mulsf3)
                  000014e4    00000088     pid.o (.text.motor_target_set)
                  0000156c    00000084     clock.o (.text.__NVIC_SetPriority)
                  000015f0    00000084     ml_tim.o (.text.__NVIC_SetPriority)
                  00001674    00000080     ti_msp_dl_config.o (.text.SYSCFG_DL_PWM_motor_init)
                  000016f4    0000007c     libc.a : copy_decompress_lzss.c.obj (.text:decompress:lzss)
                  00001770    00000062     libclang_rt.builtins.a : aeabi_fcmp.S.obj (.text.__aeabi_fcmp)
                  000017d2    00000002                            : aeabi_div0.c.obj (.text.__aeabi_idiv0)
                  000017d4    00000058     ti_msp_dl_config.o (.text.SYSCFG_DL_I2C_OLED_init)
                  0000182c    00000050     clock.o (.text.SysTick_Config)
                  0000187c    0000004c     ti_msp_dl_config.o (.text.DL_UART_setBaudRateDivisor)
                  000018c8    00000048     driverlib.a : dl_uart.o (.text.DL_UART_init)
                  00001910    00000048     ti_msp_dl_config.o (.text.SYSCFG_DL_UART_0_init)
                  00001958    00000048     ti_msp_dl_config.o (.text.SYSCFG_DL_UART_1_init)
                  000019a0    00000048     motor.o (.text.motorA_duty)
                  000019e8    00000044     motor.o (.text.motorB_duty)
                  00001a2c    00000040     ti_msp_dl_config.o (.text.SYSCFG_DL_UART_2_init)
                  00001a6c    00000040     libclang_rt.builtins.a : aeabi_uidivmod.S.obj (.text.__aeabi_uidivmod)
                  00001aac    00000040     pid.o (.text.pidout_limit)
                  00001aec    0000003c     ti_msp_dl_config.o (.text.DL_GPIO_initPeripheralInputFunctionFeatures)
                  00001b28    0000003c     libclang_rt.builtins.a : floatsisf.S.obj (.text.__floatsisf)
                  00001b64    0000003c                            : comparesf2.S.obj (.text.__gtsf2)
                  00001ba0    0000003c     libc.a : autoinit.c.obj (.text:__TI_auto_init_nobinit_nopinit)
                  00001bdc    0000003a     libclang_rt.builtins.a : comparesf2.S.obj (.text.__eqsf2)
                  00001c16    00000002     --HOLE-- [fill = 0]
                  00001c18    0000003a                            : muldsi3.S.obj (.text.__muldsi3)
                  00001c52    0000003a     ml_tim.o (.text.tim_interrupt_ms_init)
                  00001c8c    00000038     ti_msp_dl_config.o (.text.SYSCFG_DL_init)
                  00001cc4    00000038     libclang_rt.builtins.a : fixsfsi.S.obj (.text.__fixsfsi)
                  00001cfc    00000038     ml_pwm.o (.text.pwm_update)
                  00001d34    00000034     ti_msp_dl_config.o (.text.DL_GPIO_initDigitalInputFeatures)
                  00001d68    00000034     ti_msp_dl_config.o (.text.SYSCFG_DL_TIMER_0_init)
                  00001d9c    00000030     ti_msp_dl_config.o (.text.DL_GPIO_initDigitalOutputFeatures)
                  00001dcc    00000030     ml_gpio.o (.text.gpio_set)
                  00001dfc    0000002c     ml_tim.o (.text.__NVIC_ClearPendingIRQ)
                  00001e28    0000002c     ml_tim.o (.text.__NVIC_EnableIRQ)
                  00001e54    0000002c     motor.o (.text.__NVIC_EnableIRQ)
                  00001e80    0000002a     pid.o (.text.pid_init)
                  00001eaa    00000028     ti_msp_dl_config.o (.text.DL_Common_updateReg)
                  00001ed2    00000002     --HOLE-- [fill = 0]
                  00001ed4    00000028     ti_msp_dl_config.o (.text.DL_I2C_setControllerRXFIFOThreshold)
                  00001efc    00000028     ti_msp_dl_config.o (.text.DL_I2C_setControllerTXFIFOThreshold)
                  00001f24    00000028     libclang_rt.builtins.a : floatunsisf.S.obj (.text.__floatunsisf)
                  00001f4c    00000028     libc.a : boot_cortex_m.c.obj (.text:_c_int00_noargs)
                  00001f74    00000026     ti_msp_dl_config.o (.text.DL_I2C_setAnalogGlitchFilterPulseWidth)
                  00001f9a    00000026     driverlib.a : dl_i2c.o (.text.DL_I2C_setClockConfig)
                  00001fc0    00000024     my_i2c.o (.text.Delay_us)
                  00001fe4    00000024     isr.o (.text.UART0_IRQHandler)
                  00002008    00000024     isr.o (.text.UART1_IRQHandler)
                  0000202c    00000024     clock.o (.text.delay_ms)
                  00002050    00000022     ti_msp_dl_config.o (.text.SYSCFG_DL_SYSCTL_init)
                  00002072    00000002     --HOLE-- [fill = 0]
                  00002074    00000020     ti_msp_dl_config.o (.text.DL_GPIO_initPeripheralInputFunction)
                  00002094    0000001e     ti_msp_dl_config.o (.text.DL_UART_setOversampling)
                  000020b2    00000002     --HOLE-- [fill = 0]
                  000020b4    0000001c     isr.o (.text.DL_GPIO_clearInterruptStatus)
                  000020d0    0000001c     ti_msp_dl_config.o (.text.DL_GPIO_clearInterruptStatus)
                  000020ec    0000001c     ti_msp_dl_config.o (.text.DL_GPIO_enableHiZ)
                  00002108    0000001c     ti_msp_dl_config.o (.text.DL_GPIO_enableInterrupt)
                  00002124    0000001c     ti_msp_dl_config.o (.text.DL_GPIO_initDigitalInput)
                  00002140    0000001c     ti_msp_dl_config.o (.text.DL_GPIO_initPeripheralOutputFunction)
                  0000215c    0000001c     ti_msp_dl_config.o (.text.DL_GPIO_setLowerPinsPolarity)
                  00002178    0000001c     ti_msp_dl_config.o (.text.DL_SYSCTL_setMCLKDivider)
                  00002194    0000001c     ti_msp_dl_config.o (.text.DL_SYSCTL_setSYSOSCFreq)
                  000021b0    0000001c     ti_msp_dl_config.o (.text.DL_SYSCTL_setULPCLKDivider)
                  000021cc    0000001c     ti_msp_dl_config.o (.text.DL_Timer_enableInterrupt)
                  000021e8    0000001c     driverlib.a : dl_timer.o (.text.DL_Timer_setCaptCompUpdateMethod)
                  00002204    0000001c                 : dl_timer.o (.text.DL_Timer_setClockConfig)
                  00002220    0000001c     ti_msp_dl_config.o (.text.DL_UART_enableInterrupt)
                  0000223c    00000018     ti_msp_dl_config.o (.text.DL_GPIO_enableOutput)
                  00002254    00000018     ti_msp_dl_config.o (.text.DL_GPIO_enablePower)
                  0000226c    00000018     isr.o (.text.DL_GPIO_getEnabledInterruptStatus)
                  00002284    00000018     ti_msp_dl_config.o (.text.DL_GPIO_initDigitalOutput)
                  0000229c    00000018     ti_msp_dl_config.o (.text.DL_GPIO_reset)
                  000022b4    00000018     42step_motor.o (.text.DL_GPIO_setPins)
                  000022cc    00000018     ti_msp_dl_config.o (.text.DL_GPIO_setUpperPinsPolarity)
                  000022e4    00000018     42step_motor.o (.text.DL_GPIO_togglePins)
                  000022fc    00000018     ti_msp_dl_config.o (.text.DL_I2C_enableAnalogGlitchFilter)
                  00002314    00000018     ti_msp_dl_config.o (.text.DL_I2C_enableController)
                  0000232c    00000018     ti_msp_dl_config.o (.text.DL_I2C_enableControllerClockStretching)
                  00002344    00000018     ti_msp_dl_config.o (.text.DL_I2C_enablePower)
                  0000235c    00000018     ti_msp_dl_config.o (.text.DL_I2C_reset)
                  00002374    00000018     ti_msp_dl_config.o (.text.DL_I2C_setTimerPeriod)
                  0000238c    00000018     ti_msp_dl_config.o (.text.DL_SYSCTL_setBORThreshold)
                  000023a4    00000018     ti_msp_dl_config.o (.text.DL_Timer_enablePower)
                  000023bc    00000018     ti_msp_dl_config.o (.text.DL_Timer_reset)
                  000023d4    00000018     driverlib.a : dl_timer.o (.text.DL_Timer_setCaptureCompareOutCtl)
                  000023ec    00000018     ml_tim.o (.text.DL_Timer_startCounter)
                  00002404    00000018     motor.o (.text.DL_Timer_startCounter)
                  0000241c    00000018     isr.o (.text.DL_UART_clearInterruptStatus)
                  00002434    00000018     ti_msp_dl_config.o (.text.DL_UART_enablePower)
                  0000244c    00000018     ti_msp_dl_config.o (.text.DL_UART_reset)
                  00002464    00000016     isr.o (.text.DL_GPIO_readPins)
                  0000247a    00000016     main.o (.text.DL_GPIO_readPins)
                  00002490    00000016     ti_msp_dl_config.o (.text.DL_UART_enable)
                  000024a6    00000016     clock.o (.text.SysTick_Init)
                  000024bc    00000016     task.o (.text.car_stop)
                  000024d2    00000016     ml_gpio.o (.text.gpio_get)
                  000024e8    00000016     libc.a : copy_zero_init.c.obj (.text:decompress:ZI:__TI_zero_init_nomemset)
                  000024fe    00000014     42step_motor.o (.text.DL_GPIO_clearPins)
                  00002512    00000014     ti_msp_dl_config.o (.text.DL_GPIO_clearPins)
                  00002526    00000002     --HOLE-- [fill = 0]
                  00002528    00000014     ti_msp_dl_config.o (.text.DL_I2C_resetControllerTransfer)
                  0000253c    00000014     ti_msp_dl_config.o (.text.DL_Timer_enableClock)
                  00002550    00000014     ti_msp_dl_config.o (.text.DL_Timer_setCCPDirection)
                  00002564    00000014     isr.o (.text.DL_UART_receiveData)
                  00002578    00000012     isr.o (.text.DL_Timer_getPendingInterrupt)
                  0000258a    00000012     isr.o (.text.DL_UART_getPendingInterrupt)
                  0000259c    00000012     driverlib.a : dl_uart.o (.text.DL_UART_setClockConfig)
                  000025ae    00000012     libc.a : memcpy16.S.obj (.text:TI_memcpy_small)
                  000025c0    00000012            : copy_decompress_none.c.obj (.text:decompress:none)
                  000025d2    00000002     --HOLE-- [fill = 0]
                  000025d4    00000010     driverlib.a : dl_timer.o (.text.DL_Timer_setCaptureCompareValue)
                  000025e4    00000010     clock.o (.text.SysTick_Handler)
                  000025f4    00000010     motor.o (.text.motor_init)
                  00002604    0000000a     driverlib.a : dl_common.o (.text.DL_Common_delayCycles)
                  0000260e    0000000a     motor.o (.text.encoder_init)
                  00002618    00000008     libclang_rt.builtins.a : aeabi_memcpy.S.obj (.text.__aeabi_memcpy)
                  00002620    00000006     libc.a : exit.c.obj (.text:abort)
                  00002626    00000004     startup_mspm0g350x_ticlang.o (.text.Default_Handler)
                  0000262a    00000004     libsysbm.a : hostexit.c.obj (.text.HOSTexit)
                  0000262e    00000004     startup_mspm0g350x_ticlang.o (.text.Reset_Handler)
                  00002632    00000004     libc.a : pre_init.c.obj (.text._system_pre_init)
                  00002636    00000002     --HOLE-- [fill = 0]

.cinit     0    00002680    00000038     
                  00002680    00000014     (.cinit..data.load) [load image, compression = lzss]
                  00002694    0000000c     (__TI_handler_table)
                  000026a0    00000008     (.cinit..bss.load) [load image, compression = zero_init]
                  000026a8    00000010     (__TI_cinit_table)

.rodata    0    00002638    00000048     
                  00002638    00000014     ti_msp_dl_config.o (.rodata.gTIMER_0TimerConfig)
                  0000264c    0000000a     ti_msp_dl_config.o (.rodata.gUART_0Config)
                  00002656    0000000a     ti_msp_dl_config.o (.rodata.gUART_1Config)
                  00002660    0000000a     ti_msp_dl_config.o (.rodata.gUART_2Config)
                  0000266a    00000002     ti_msp_dl_config.o (.rodata.gI2C_OLEDClockConfig)
                  0000266c    00000008     ti_msp_dl_config.o (.rodata.gPWM_motorConfig)
                  00002674    00000003     ti_msp_dl_config.o (.rodata.gPWM_motorClockConfig)
                  00002677    00000003     ti_msp_dl_config.o (.rodata.gTIMER_0ClockConfig)
                  0000267a    00000002     ti_msp_dl_config.o (.rodata.gUART_0ClockConfig)
                  0000267c    00000002     ti_msp_dl_config.o (.rodata.gUART_1ClockConfig)
                  0000267e    00000002     ti_msp_dl_config.o (.rodata.gUART_2ClockConfig)

.init_array 
*          0    00000000    00000000     UNINITIALIZED

.binit     0    00000000    00000000     

.bss       0    20200000    0000009d     UNINITIALIZED
                  20200000    00000034     (.common:motorA)
                  20200034    00000034     (.common:motorB)
                  20200068    00000030     (.common:gUART_2Backup)
                  20200098    00000004     (.common:tick_ms)
                  2020009c    00000001     (.common:rx_data)

.data      0    202000a0    0000002e     UNINITIALIZED
                  202000a0    0000000c     42step_motor.o (.data.step_motor_lr)
                  202000ac    0000000c     42step_motor.o (.data.step_motor_ud)
                  202000b8    00000009     isr.o (.data.rx_order)
                  202000c1    00000001     task.o (.data.N_target)
                  202000c2    00000001     isr.o (.data.last_data)
                  202000c3    00000001     motor.o (.data.motorA_dir)
                  202000c4    00000004     motor.o (.data.Encoder_count1)
                  202000c8    00000004     motor.o (.data.Encoder_count2)
                  202000cc    00000001     motor.o (.data.motorB_dir)
                  202000cd    00000001     isr.o (.data.pt)

.stack     0    20207e00    00000200     UNINITIALIZED
                  20207e00    00000004     libc.a : boot_cortex_m.c.obj (.stack)
                  20207e04    000001fc     --HOLE--

__llvm_prf_cnts 
*          0    20200000    00000000     UNINITIALIZED

__llvm_prf_bits 
*          0    20200000    00000000     UNINITIALIZED

MODULE SUMMARY

       Module                         code   ro data   rw data
       ------                         ----   -------   -------
    .\
       ti_msp_dl_config.o             2578   72        48     
       isr.o                          950    0         12     
       startup_mspm0g350x_ticlang.o   8      192       0      
       main.o                         174    0         0      
    +--+------------------------------+------+---------+---------+
       Total:                         3710   264       60     
                                                              
    .\code\
       pid.o                          994    0         104    
       gray_track.o                   966    0         0      
       task.o                         862    0         1      
       motor.o                        234    0         10     
    +--+------------------------------+------+---------+---------+
       Total:                         3056   0         115    
                                                              
    .\ml_libs\
       ml_tim.o                       302    0         0      
       clock.o                        286    0         4      
       42step_motor.o                 244    0         24     
       ml_gpio.o                      70     0         0      
       ml_pwm.o                       56     0         0      
       my_i2c.o                       36     0         0      
    +--+------------------------------+------+---------+---------+
       Total:                         994    0         28     
                                                              
    C:/ti/mspm0_sdk_2_00_01_00/source/ti/driverlib/lib/ticlang/m0p/mspm0g1x0x_g3x0x/driverlib.a
       dl_timer.o                     524    0         0      
       dl_uart.o                      90     0         0      
       dl_i2c.o                       38     0         0      
       dl_common.o                    10     0         0      
    +--+------------------------------+------+---------+---------+
       Total:                         662    0         0      
                                                              
    E:\25DianSai\ccs\ccs\tools\compiler\ti-cgt-armllvm_4.0.3.LTS\lib\armv6m-ti-none-eabi/c/libc.a
       copy_decompress_lzss.c.obj     124    0         0      
       autoinit.c.obj                 60     0         0      
       boot_cortex_m.c.obj            40     0         0      
       copy_zero_init.c.obj           22     0         0      
       copy_decompress_none.c.obj     18     0         0      
       memcpy16.S.obj                 18     0         0      
       exit.c.obj                     6      0         0      
       pre_init.c.obj                 4      0         0      
    +--+------------------------------+------+---------+---------+
       Total:                         292    0         0      
                                                              
    E:\25DianSai\ccs\ccs\tools\compiler\ti-cgt-armllvm_4.0.3.LTS\lib\armv6m-ti-none-eabi/c/libsysbm.a
       hostexit.c.obj                 4      0         0      
    +--+------------------------------+------+---------+---------+
       Total:                         4      0         0      
                                                              
    E:\25DianSai\ccs\ccs\tools\compiler\ti-cgt-armllvm_4.0.3.LTS\lib\armv6m-ti-none-eabi/libclang_rt.builtins.a
       addsf3.S.obj                   216    0         0      
       mulsf3.S.obj                   140    0         0      
       comparesf2.S.obj               118    0         0      
       aeabi_fcmp.S.obj               98     0         0      
       aeabi_uidivmod.S.obj           64     0         0      
       floatsisf.S.obj                60     0         0      
       muldsi3.S.obj                  58     0         0      
       fixsfsi.S.obj                  56     0         0      
       floatunsisf.S.obj              40     0         0      
       aeabi_memcpy.S.obj             8      0         0      
       aeabi_div0.c.obj               2      0         0      
    +--+------------------------------+------+---------+---------+
       Total:                         860    0         0      
                                                              
       Stack:                         0      0         512    
       Linker Generated:              0      56        0      
    +--+------------------------------+------+---------+---------+
       Grand Total:                   9578   320       715    


LINKER GENERATED COPY TABLES

__TI_cinit_table @ 000026a8 records: 2, size/record: 8, table size: 16
	.data: load addr=00002680, load size=00000014 bytes, run addr=202000a0, run size=0000002e bytes, compression=lzss
	.bss: load addr=000026a0, load size=00000008 bytes, run addr=20200000, run size=0000009d bytes, compression=zero_init


LINKER GENERATED HANDLER TABLE

__TI_handler_table @ 00002694 records: 3, size/record: 4, table size: 12
	index: 0, handler: __TI_decompress_lzss
	index: 1, handler: __TI_decompress_none
	index: 2, handler: __TI_zero_init


GLOBAL SYMBOLS: SORTED ALPHABETICALLY BY Name 

address   name                            
-------   ----                            
00002627  ADC0_IRQHandler                 
00002627  ADC1_IRQHandler                 
00002627  AES_IRQHandler                  
0000262a  C$$EXIT                         
00002627  CANFD0_IRQHandler               
00002627  DAC0_IRQHandler                 
00002605  DL_Common_delayCycles           
00001f9b  DL_I2C_setClockConfig           
000010f9  DL_Timer_initPWMMode            
00000e69  DL_Timer_initTimerMode          
000021e9  DL_Timer_setCaptCompUpdateMethod
000023d5  DL_Timer_setCaptureCompareOutCtl
000025d5  DL_Timer_setCaptureCompareValue 
00002205  DL_Timer_setClockConfig         
000018c9  DL_UART_init                    
0000259d  DL_UART_setClockConfig          
00002627  DMA_IRQHandler                  
00002627  Default_Handler                 
00001fc1  Delay_us                        
202000c4  Encoder_count1                  
202000c8  Encoder_count2                  
00002627  GROUP0_IRQHandler               
00000d69  GROUP1_IRQHandler               
0000262b  HOSTexit                        
00002627  HardFault_Handler               
00002627  I2C0_IRQHandler                 
00002627  I2C1_IRQHandler                 
00002627  NMI_Handler                     
202000c1  N_target                        
00002627  PendSV_Handler                  
00002627  RTC_IRQHandler                  
0000262f  Reset_Handler                   
00002627  SPI0_IRQHandler                 
00002627  SPI1_IRQHandler                 
00002627  SVC_Handler                     
00000669  SYSCFG_DL_GPIO_init             
000017d5  SYSCFG_DL_I2C_OLED_init         
00001675  SYSCFG_DL_PWM_motor_init        
00002051  SYSCFG_DL_SYSCTL_init           
00000667  SYSCFG_DL_SYSTICK_init          
00001d69  SYSCFG_DL_TIMER_0_init          
00001911  SYSCFG_DL_UART_0_init           
00001959  SYSCFG_DL_UART_1_init           
00001a2d  SYSCFG_DL_UART_2_init           
00001c8d  SYSCFG_DL_init                  
00001321  SYSCFG_DL_initPower             
000025e5  SysTick_Handler                 
000024a7  SysTick_Init                    
00002627  TIMA0_IRQHandler                
00002627  TIMA1_IRQHandler                
00001029  TIMG0_IRQHandler                
00002627  TIMG12_IRQHandler               
00002627  TIMG6_IRQHandler                
00002627  TIMG7_IRQHandler                
00002627  TIMG8_IRQHandler                
000025af  TI_memcpy_small                 
00001fe5  UART0_IRQHandler                
00002009  UART1_IRQHandler                
00000c65  UART1_rx_dataframe              
00002627  UART2_IRQHandler                
00002627  UART3_IRQHandler                
20208000  __STACK_END                     
00000200  __STACK_SIZE                    
00000000  __TI_ATRegion0_region_sz        
00000000  __TI_ATRegion0_src_addr         
00000000  __TI_ATRegion0_trg_addr         
00000000  __TI_ATRegion1_region_sz        
00000000  __TI_ATRegion1_src_addr         
00000000  __TI_ATRegion1_trg_addr         
00000000  __TI_ATRegion2_region_sz        
00000000  __TI_ATRegion2_src_addr         
00000000  __TI_ATRegion2_trg_addr         
000026a8  __TI_CINIT_Base                 
000026b8  __TI_CINIT_Limit                
000026b8  __TI_CINIT_Warm                 
00002694  __TI_Handler_Table_Base         
000026a0  __TI_Handler_Table_Limit        
00001ba1  __TI_auto_init_nobinit_nopinit  
000016f5  __TI_decompress_lzss            
000025c1  __TI_decompress_none            
ffffffff  __TI_pprof_out_hndl             
ffffffff  __TI_prof_data_size             
ffffffff  __TI_prof_data_start            
00000000  __TI_static_base__              
000024e9  __TI_zero_init_nomemset         
00000f5b  __addsf3                        
00001cc5  __aeabi_f2iz                    
00000f5b  __aeabi_fadd                    
00001771  __aeabi_fcmpeq                  
000017ad  __aeabi_fcmpge                  
000017c1  __aeabi_fcmpgt                  
00001799  __aeabi_fcmple                  
00001785  __aeabi_fcmplt                  
00001459  __aeabi_fmul                    
00000f51  __aeabi_fsub                    
00001b29  __aeabi_i2f                     
000017d3  __aeabi_idiv0                   
00002619  __aeabi_memcpy                  
00002619  __aeabi_memcpy4                 
00002619  __aeabi_memcpy8                 
00001f25  __aeabi_ui2f                    
00001a6d  __aeabi_uidiv                   
00001a6d  __aeabi_uidivmod                
ffffffff  __binit__                       
00001bdd  __cmpsf2                        
00001bdd  __eqsf2                         
00001cc5  __fixsfsi                       
00001b29  __floatsisf                     
00001f25  __floatunsisf                   
00001b65  __gesf2                         
00001b65  __gtsf2                         
00001bdd  __lesf2                         
00001bdd  __ltsf2                         
UNDEFED   __mpu_init                      
00001c19  __muldsi3                       
00001459  __mulsf3                        
00001bdd  __nesf2                         
20207e00  __stack                         
20200000  __start___llvm_prf_bits         
20200000  __start___llvm_prf_cnts         
20200000  __stop___llvm_prf_bits          
20200000  __stop___llvm_prf_cnts          
00000f51  __subsf3                        
00001f4d  _c_int00_noargs                 
UNDEFED   _system_post_cinit              
00002633  _system_pre_init                
00002621  abort                           
ffffffff  binit                           
000024bd  car_stop                        
0000202d  delay_ms                        
000008c1  digtal                          
0000260f  encoder_init                    
20200068  gUART_2Backup                   
000024d3  gpio_get                        
00001dcd  gpio_set                        
00000000  interruptVectors                
202000c2  last_data                       
000013c1  main                            
20200000  motorA                          
202000c3  motorA_dir                      
000019a1  motorA_duty                     
20200034  motorB                          
202000cc  motorB_dir                      
000019e9  motorB_duty                     
000025f5  motor_init                      
000014e5  motor_target_set                
00000b49  pid_cal                         
000011bd  pid_control                     
00000a29  pid_control_line                
00001e81  pid_init                        
00001aad  pidout_limit                    
202000cd  pt                              
00001cfd  pwm_update                      
2020009c  rx_data                         
202000b8  rx_order                        
00001271  step                            
202000a0  step_motor_lr                   
202000ac  step_motor_ud                   
000000c1  task_1                          
20200098  tick_ms                         
00001c53  tim_interrupt_ms_init           
00000409  track                           


GLOBAL SYMBOLS: SORTED BY Symbol Address 

address   name                            
-------   ----                            
00000000  __TI_ATRegion0_region_sz        
00000000  __TI_ATRegion0_src_addr         
00000000  __TI_ATRegion0_trg_addr         
00000000  __TI_ATRegion1_region_sz        
00000000  __TI_ATRegion1_src_addr         
00000000  __TI_ATRegion1_trg_addr         
00000000  __TI_ATRegion2_region_sz        
00000000  __TI_ATRegion2_src_addr         
00000000  __TI_ATRegion2_trg_addr         
00000000  __TI_static_base__              
00000000  interruptVectors                
000000c1  task_1                          
00000200  __STACK_SIZE                    
00000409  track                           
00000667  SYSCFG_DL_SYSTICK_init          
00000669  SYSCFG_DL_GPIO_init             
000008c1  digtal                          
00000a29  pid_control_line                
00000b49  pid_cal                         
00000c65  UART1_rx_dataframe              
00000d69  GROUP1_IRQHandler               
00000e69  DL_Timer_initTimerMode          
00000f51  __aeabi_fsub                    
00000f51  __subsf3                        
00000f5b  __addsf3                        
00000f5b  __aeabi_fadd                    
00001029  TIMG0_IRQHandler                
000010f9  DL_Timer_initPWMMode            
000011bd  pid_control                     
00001271  step                            
00001321  SYSCFG_DL_initPower             
000013c1  main                            
00001459  __aeabi_fmul                    
00001459  __mulsf3                        
000014e5  motor_target_set                
00001675  SYSCFG_DL_PWM_motor_init        
000016f5  __TI_decompress_lzss            
00001771  __aeabi_fcmpeq                  
00001785  __aeabi_fcmplt                  
00001799  __aeabi_fcmple                  
000017ad  __aeabi_fcmpge                  
000017c1  __aeabi_fcmpgt                  
000017d3  __aeabi_idiv0                   
000017d5  SYSCFG_DL_I2C_OLED_init         
000018c9  DL_UART_init                    
00001911  SYSCFG_DL_UART_0_init           
00001959  SYSCFG_DL_UART_1_init           
000019a1  motorA_duty                     
000019e9  motorB_duty                     
00001a2d  SYSCFG_DL_UART_2_init           
00001a6d  __aeabi_uidiv                   
00001a6d  __aeabi_uidivmod                
00001aad  pidout_limit                    
00001b29  __aeabi_i2f                     
00001b29  __floatsisf                     
00001b65  __gesf2                         
00001b65  __gtsf2                         
00001ba1  __TI_auto_init_nobinit_nopinit  
00001bdd  __cmpsf2                        
00001bdd  __eqsf2                         
00001bdd  __lesf2                         
00001bdd  __ltsf2                         
00001bdd  __nesf2                         
00001c19  __muldsi3                       
00001c53  tim_interrupt_ms_init           
00001c8d  SYSCFG_DL_init                  
00001cc5  __aeabi_f2iz                    
00001cc5  __fixsfsi                       
00001cfd  pwm_update                      
00001d69  SYSCFG_DL_TIMER_0_init          
00001dcd  gpio_set                        
00001e81  pid_init                        
00001f25  __aeabi_ui2f                    
00001f25  __floatunsisf                   
00001f4d  _c_int00_noargs                 
00001f9b  DL_I2C_setClockConfig           
00001fc1  Delay_us                        
00001fe5  UART0_IRQHandler                
00002009  UART1_IRQHandler                
0000202d  delay_ms                        
00002051  SYSCFG_DL_SYSCTL_init           
000021e9  DL_Timer_setCaptCompUpdateMethod
00002205  DL_Timer_setClockConfig         
000023d5  DL_Timer_setCaptureCompareOutCtl
000024a7  SysTick_Init                    
000024bd  car_stop                        
000024d3  gpio_get                        
000024e9  __TI_zero_init_nomemset         
0000259d  DL_UART_setClockConfig          
000025af  TI_memcpy_small                 
000025c1  __TI_decompress_none            
000025d5  DL_Timer_setCaptureCompareValue 
000025e5  SysTick_Handler                 
000025f5  motor_init                      
00002605  DL_Common_delayCycles           
0000260f  encoder_init                    
00002619  __aeabi_memcpy                  
00002619  __aeabi_memcpy4                 
00002619  __aeabi_memcpy8                 
00002621  abort                           
00002627  ADC0_IRQHandler                 
00002627  ADC1_IRQHandler                 
00002627  AES_IRQHandler                  
00002627  CANFD0_IRQHandler               
00002627  DAC0_IRQHandler                 
00002627  DMA_IRQHandler                  
00002627  Default_Handler                 
00002627  GROUP0_IRQHandler               
00002627  HardFault_Handler               
00002627  I2C0_IRQHandler                 
00002627  I2C1_IRQHandler                 
00002627  NMI_Handler                     
00002627  PendSV_Handler                  
00002627  RTC_IRQHandler                  
00002627  SPI0_IRQHandler                 
00002627  SPI1_IRQHandler                 
00002627  SVC_Handler                     
00002627  TIMA0_IRQHandler                
00002627  TIMA1_IRQHandler                
00002627  TIMG12_IRQHandler               
00002627  TIMG6_IRQHandler                
00002627  TIMG7_IRQHandler                
00002627  TIMG8_IRQHandler                
00002627  UART2_IRQHandler                
00002627  UART3_IRQHandler                
0000262a  C$$EXIT                         
0000262b  HOSTexit                        
0000262f  Reset_Handler                   
00002633  _system_pre_init                
00002694  __TI_Handler_Table_Base         
000026a0  __TI_Handler_Table_Limit        
000026a8  __TI_CINIT_Base                 
000026b8  __TI_CINIT_Limit                
000026b8  __TI_CINIT_Warm                 
20200000  __start___llvm_prf_bits         
20200000  __start___llvm_prf_cnts         
20200000  __stop___llvm_prf_bits          
20200000  __stop___llvm_prf_cnts          
20200000  motorA                          
20200034  motorB                          
20200068  gUART_2Backup                   
20200098  tick_ms                         
2020009c  rx_data                         
202000a0  step_motor_lr                   
202000ac  step_motor_ud                   
202000b8  rx_order                        
202000c1  N_target                        
202000c2  last_data                       
202000c3  motorA_dir                      
202000c4  Encoder_count1                  
202000c8  Encoder_count2                  
202000cc  motorB_dir                      
202000cd  pt                              
20207e00  __stack                         
20208000  __STACK_END                     
ffffffff  __TI_pprof_out_hndl             
ffffffff  __TI_prof_data_size             
ffffffff  __TI_prof_data_start            
ffffffff  __binit__                       
ffffffff  binit                           
UNDEFED   __mpu_init                      
UNDEFED   _system_post_cinit              

[162 symbols]
