******************************************************************************
            TI ARM Clang Linker PC v4.0.3                      
******************************************************************************
>> Linked Wed Jul 23 16:54:44 2025

OUTPUT FILE NAME:   <empty_LP_MSPM0G3507_nortos_ticlang.out>
ENTRY POINT SYMBOL: "_c_int00_noargs"  address: 00002369


MEMORY CONFIGURATION

         name            origin    length      used     unused   attr    fill
----------------------  --------  ---------  --------  --------  ----  --------
  FLASH                 00000000   00020000  00002c10  0001d3f0  R  X
  SRAM                  20200000   00008000  000004a3  00007b5d  RW X
  BCR_CONFIG            41c00000   00000080  00000000  00000080  R   
  BSL_CONFIG            41c00100   00000080  00000000  00000080  R   


SEGMENT ALLOCATION MAP

run origin  load origin   length   init length attrs members
----------  ----------- ---------- ----------- ----- -------
00000000    00000000    00002c10   00002c10    r-x
  00000000    00000000    000000c0   000000c0    r-- .intvecs
  000000c0    000000c0    00002a90   00002a90    r-x .text
  00002b50    00002b50    00000068   00000068    r-- .rodata
  00002bb8    00002bb8    00000058   00000058    r-- .cinit
20200000    20200000    000002a3   00000000    rw-
  20200000    20200000    000001a0   00000000    rw- .bss
  202001a0    202001a0    00000103   00000000    rw- .data
20207e00    20207e00    00000200   00000000    rw-
  20207e00    20207e00    00000200   00000000    rw- .stack


SECTION ALLOCATION MAP

 output                                  attributes/
section   page    origin      length       input sections
--------  ----  ----------  ----------   ----------------
.intvecs   0    00000000    000000c0     
                  00000000    000000c0     startup_mspm0g350x_ticlang.o (.intvecs)

.text      0    000000c0    00002a90     
                  000000c0    00000284     libc.a : _printfi.c.obj (.text:__TI_printfi_minimal)
                  00000344    00000228     gray_track.o (.text.track)
                  0000056c    000001b0     ti_msp_dl_config.o (.text.SYSCFG_DL_GPIO_init)
                  0000071c    00000168     gray_track.o (.text.digtal)
                  00000884    00000124     isr.o (.text.GROUP1_IRQHandler)
                  000009a8    00000124     main.o (.text.main)
                  00000acc    0000011c     pid.o (.text.pid_cal)
                  00000be8    000000e8     driverlib.a : dl_timer.o (.text.DL_Timer_initTimerMode)
                  00000cd0    000000d8     libclang_rt.builtins.a : addsf3.S.obj (.text)
                  00000da8    000000cc     ml_JY901S.o (.text.JY61P_GetData)
                  00000e74    000000c4     driverlib.a : dl_timer.o (.text.DL_Timer_initPWMMode)
                  00000f38    000000bc     pid.o (.text.pid_control_angle)
                  00000ff4    000000b8     isr.o (.text.TIMA0_IRQHandler)
                  000010ac    00000098     ml_JY901S.o (.text.JY901S_Read)
                  00001144    0000008c     ti_msp_dl_config.o (.text.SYSCFG_DL_initPower)
                  000011d0    0000008c     libclang_rt.builtins.a : mulsf3.S.obj (.text.__mulsf3)
                  0000125c    00000088     pid.o (.text.motor_target_set)
                  000012e4    00000084     clock.o (.text.__NVIC_SetPriority)
                  00001368    00000084     ml_tim.o (.text.__NVIC_SetPriority)
                  000013ec    00000080     ti_msp_dl_config.o (.text.SYSCFG_DL_PWM_motor_init)
                  0000146c    0000007c     libc.a : copy_decompress_lzss.c.obj (.text:decompress:lzss)
                  000014e8    00000074     libclang_rt.builtins.a : comparedf2.c.obj (.text.__gedf2)
                  0000155c    00000004     startup_mspm0g350x_ticlang.o (.text.Default_Handler)
                  00001560    00000074     libclang_rt.builtins.a : truncdfsf2.S.obj (.text.__truncdfsf2)
                  000015d4    00000068     my_i2c.o (.text.MyI2C_ReceiveByte)
                  0000163c    00000068     libclang_rt.builtins.a : comparedf2.c.obj (.text.__ledf2)
                  000016a4    00000064     ti_msp_dl_config.o (.text.SYSCFG_DL_UART_1_init)
                  00001708    00000062     libclang_rt.builtins.a : aeabi_dcmp.S.obj (.text.__aeabi_dcmp)
                  0000176a    00000002     ti_msp_dl_config.o (.text.SYSCFG_DL_SYSTICK_init)
                  0000176c    00000062     libclang_rt.builtins.a : aeabi_fcmp.S.obj (.text.__aeabi_fcmp)
                  000017ce    00000002                            : aeabi_div0.c.obj (.text.__aeabi_idiv0)
                  000017d0    00000060     isr.o (.text.UART3_IRQHandler)
                  00001830    0000005c     ml_JY901S.o (.text.JY901S_Init)
                  0000188c    0000005c     libc.a : printf.c.obj (.text.printf)
                  000018e8    00000058     ti_msp_dl_config.o (.text.SYSCFG_DL_I2C_OLED_init)
                  00001940    00000050     clock.o (.text.SysTick_Config)
                  00001990    00000050     ml_uart.o (.text.fputs)
                  000019e0    0000004c     ti_msp_dl_config.o (.text.DL_UART_setBaudRateDivisor)
                  00001a2c    0000004c     my_i2c.o (.text.MyI2C_SendByte)
                  00001a78    00000048     driverlib.a : dl_uart.o (.text.DL_UART_init)
                  00001ac0    00000048     ti_msp_dl_config.o (.text.SYSCFG_DL_UART_0_init)
                  00001b08    00000048     main.o (.text.car_stop)
                  00001b50    00000048     motor.o (.text.motorA_duty)
                  00001b98    00000048     pid.o (.text.pid_control)
                  00001be0    00000044     motor.o (.text.motorB_duty)
                  00001c24    00000040     ti_msp_dl_config.o (.text.SYSCFG_DL_init)
                  00001c64    00000040     libclang_rt.builtins.a : aeabi_uidivmod.S.obj (.text.__aeabi_uidivmod)
                  00001ca4    00000040                            : extendsfdf2.S.obj (.text.__extendsfdf2)
                  00001ce4    00000040     pid.o (.text.pidout_limit)
                  00001d24    00000040     pid.o (.text.pidout_limit_angle)
                  00001d64    0000003c     ti_msp_dl_config.o (.text.DL_GPIO_initPeripheralInputFunctionFeatures)
                  00001da0    0000003c     my_i2c.o (.text.MyI2C_R_SDA)
                  00001ddc    0000003c     my_i2c.o (.text.MyI2C_W_SDA)
                  00001e18    0000003c     libclang_rt.builtins.a : floatsisf.S.obj (.text.__floatsisf)
                  00001e54    0000003c                            : comparesf2.S.obj (.text.__gtsf2)
                  00001e90    0000003c     libc.a : autoinit.c.obj (.text:__TI_auto_init_nobinit_nopinit)
                  00001ecc    0000003a     libclang_rt.builtins.a : comparesf2.S.obj (.text.__eqsf2)
                  00001f06    00000002     libc.a : _lock.c.obj (.text._nop)
                  00001f08    0000003a     libclang_rt.builtins.a : muldsi3.S.obj (.text.__muldsi3)
                  00001f42    0000003a     ml_tim.o (.text.tim_interrupt_ms_init)
                  00001f7c    00000038     libclang_rt.builtins.a : fixsfsi.S.obj (.text.__fixsfsi)
                  00001fb4    00000038     ml_pwm.o (.text.pwm_update)
                  00001fec    00000034     my_i2c.o (.text.DL_GPIO_initDigitalInputFeatures)
                  00002020    00000034     ti_msp_dl_config.o (.text.DL_GPIO_initDigitalInputFeatures)
                  00002054    00000034     my_i2c.o (.text.MyI2C_W_SCL)
                  00002088    00000034     ti_msp_dl_config.o (.text.SYSCFG_DL_TIMER_0_init)
                  000020bc    00000032     my_i2c.o (.text.MyI2C_ReceiveAck)
                  000020ee    00000002     --HOLE-- [fill = 0]
                  000020f0    00000030     ml_gpio.o (.text.gpio_set)
                  00002120    0000002c     ml_tim.o (.text.__NVIC_ClearPendingIRQ)
                  0000214c    0000002c     ml_uart.o (.text.__NVIC_ClearPendingIRQ)
                  00002178    0000002c     ml_tim.o (.text.__NVIC_EnableIRQ)
                  000021a4    0000002c     ml_uart.o (.text.__NVIC_EnableIRQ)
                  000021d0    0000002c     motor.o (.text.__NVIC_EnableIRQ)
                  000021fc    0000002a     pid.o (.text.pid_init)
                  00002226    00000028     ti_msp_dl_config.o (.text.DL_Common_updateReg)
                  0000224e    00000002     --HOLE-- [fill = 0]
                  00002250    00000028     ti_msp_dl_config.o (.text.DL_I2C_setControllerRXFIFOThreshold)
                  00002278    00000028     ti_msp_dl_config.o (.text.DL_I2C_setControllerTXFIFOThreshold)
                  000022a0    00000028     ti_msp_dl_config.o (.text.DL_UART_setRXFIFOThreshold)
                  000022c8    00000028     ti_msp_dl_config.o (.text.DL_UART_setTXFIFOThreshold)
                  000022f0    00000028     my_i2c.o (.text.MyI2C_Start)
                  00002318    00000028     my_i2c.o (.text.SDA_OUT)
                  00002340    00000028     libclang_rt.builtins.a : floatunsisf.S.obj (.text.__floatunsisf)
                  00002368    00000028     libc.a : boot_cortex_m.c.obj (.text:_c_int00_noargs)
                  00002390    00000026     ti_msp_dl_config.o (.text.DL_I2C_setAnalogGlitchFilterPulseWidth)
                  000023b6    00000026     driverlib.a : dl_i2c.o (.text.DL_I2C_setClockConfig)
                  000023dc    00000026     my_i2c.o (.text.MyI2C_SendAck)
                  00002402    00000024     my_i2c.o (.text.Delay_us)
                  00002426    00000024     clock.o (.text.delay_ms)
                  0000244a    00000024     ml_uart.o (.text.uart_init)
                  0000246e    00000022     ti_msp_dl_config.o (.text.SYSCFG_DL_SYSCTL_init)
                  00002490    00000022     libc.a : memccpy.c.obj (.text.memccpy)
                  000024b2    00000002     --HOLE-- [fill = 0]
                  000024b4    00000020     ti_msp_dl_config.o (.text.DL_GPIO_initPeripheralInputFunction)
                  000024d4    00000020     driverlib.a : dl_uart.o (.text.DL_UART_transmitDataBlocking)
                  000024f4    00000020     my_i2c.o (.text.MyI2C_Stop)
                  00002514    0000001e     ti_msp_dl_config.o (.text.DL_UART_setOversampling)
                  00002532    00000002     --HOLE-- [fill = 0]
                  00002534    0000001c     isr.o (.text.DL_GPIO_clearInterruptStatus)
                  00002550    0000001c     ti_msp_dl_config.o (.text.DL_GPIO_clearInterruptStatus)
                  0000256c    0000001c     ti_msp_dl_config.o (.text.DL_GPIO_enableHiZ)
                  00002588    0000001c     ti_msp_dl_config.o (.text.DL_GPIO_enableInterrupt)
                  000025a4    0000001c     ti_msp_dl_config.o (.text.DL_GPIO_initDigitalInput)
                  000025c0    0000001c     ti_msp_dl_config.o (.text.DL_GPIO_initPeripheralOutputFunction)
                  000025dc    0000001c     ti_msp_dl_config.o (.text.DL_GPIO_setLowerPinsPolarity)
                  000025f8    0000001c     ti_msp_dl_config.o (.text.DL_SYSCTL_setMCLKDivider)
                  00002614    0000001c     ti_msp_dl_config.o (.text.DL_SYSCTL_setSYSOSCFreq)
                  00002630    0000001c     ti_msp_dl_config.o (.text.DL_SYSCTL_setULPCLKDivider)
                  0000264c    0000001c     ti_msp_dl_config.o (.text.DL_Timer_enableInterrupt)
                  00002668    0000001c     driverlib.a : dl_timer.o (.text.DL_Timer_setCaptCompUpdateMethod)
                  00002684    0000001c                 : dl_timer.o (.text.DL_Timer_setClockConfig)
                  000026a0    0000001c     ti_msp_dl_config.o (.text.DL_UART_enableInterrupt)
                  000026bc    0000001c     ml_uart.o (.text.fputc)
                  000026d8    00000018     my_i2c.o (.text.DL_GPIO_enableOutput)
                  000026f0    00000018     ti_msp_dl_config.o (.text.DL_GPIO_enableOutput)
                  00002708    00000018     ti_msp_dl_config.o (.text.DL_GPIO_enablePower)
                  00002720    00000018     isr.o (.text.DL_GPIO_getEnabledInterruptStatus)
                  00002738    00000018     my_i2c.o (.text.DL_GPIO_initDigitalOutput)
                  00002750    00000018     ti_msp_dl_config.o (.text.DL_GPIO_initDigitalOutput)
                  00002768    00000018     ti_msp_dl_config.o (.text.DL_GPIO_reset)
                  00002780    00000018     my_i2c.o (.text.DL_GPIO_setPins)
                  00002798    00000018     ti_msp_dl_config.o (.text.DL_GPIO_setUpperPinsPolarity)
                  000027b0    00000018     ti_msp_dl_config.o (.text.DL_I2C_enableAnalogGlitchFilter)
                  000027c8    00000018     ti_msp_dl_config.o (.text.DL_I2C_enableController)
                  000027e0    00000018     ti_msp_dl_config.o (.text.DL_I2C_enableControllerClockStretching)
                  000027f8    00000018     ti_msp_dl_config.o (.text.DL_I2C_enablePower)
                  00002810    00000018     ti_msp_dl_config.o (.text.DL_I2C_reset)
                  00002828    00000018     ti_msp_dl_config.o (.text.DL_I2C_setTimerPeriod)
                  00002840    00000018     ti_msp_dl_config.o (.text.DL_SYSCTL_setBORThreshold)
                  00002858    00000018     ti_msp_dl_config.o (.text.DL_Timer_enablePower)
                  00002870    00000018     ti_msp_dl_config.o (.text.DL_Timer_reset)
                  00002888    00000018     driverlib.a : dl_timer.o (.text.DL_Timer_setCaptureCompareOutCtl)
                  000028a0    00000018     ml_tim.o (.text.DL_Timer_startCounter)
                  000028b8    00000018     motor.o (.text.DL_Timer_startCounter)
                  000028d0    00000018     isr.o (.text.DL_UART_clearInterruptStatus)
                  000028e8    00000018     ti_msp_dl_config.o (.text.DL_UART_enableFIFOs)
                  00002900    00000018     ti_msp_dl_config.o (.text.DL_UART_enablePower)
                  00002918    00000018     ti_msp_dl_config.o (.text.DL_UART_reset)
                  00002930    00000018     isr.o (.text.UART0_IRQHandler)
                  00002948    00000016     my_i2c.o (.text.DL_GPIO_readPins)
                  0000295e    00000016     ti_msp_dl_config.o (.text.DL_UART_enable)
                  00002974    00000016     my_i2c.o (.text.SDA_IN)
                  0000298a    00000016     clock.o (.text.SysTick_Init)
                  000029a0    00000016     ml_gpio.o (.text.gpio_get)
                  000029b6    00000016     libc.a : copy_zero_init.c.obj (.text:decompress:ZI:__TI_zero_init_nomemset)
                  000029cc    00000014     my_i2c.o (.text.DL_GPIO_clearPins)
                  000029e0    00000014     ti_msp_dl_config.o (.text.DL_GPIO_clearPins)
                  000029f4    00000014     ti_msp_dl_config.o (.text.DL_I2C_resetControllerTransfer)
                  00002a08    00000014     ti_msp_dl_config.o (.text.DL_Timer_enableClock)
                  00002a1c    00000014     ti_msp_dl_config.o (.text.DL_Timer_setCCPDirection)
                  00002a30    00000014     isr.o (.text.DL_UART_receiveData)
                  00002a44    00000012     isr.o (.text.DL_Timer_getPendingInterrupt)
                  00002a56    00000012     isr.o (.text.DL_UART_getPendingInterrupt)
                  00002a68    00000012     driverlib.a : dl_uart.o (.text.DL_UART_setClockConfig)
                  00002a7a    00000012     libc.a : memcpy16.S.obj (.text:TI_memcpy_small)
                  00002a8c    00000012            : copy_decompress_none.c.obj (.text:decompress:none)
                  00002a9e    00000002     --HOLE-- [fill = 0]
                  00002aa0    00000010     driverlib.a : dl_timer.o (.text.DL_Timer_setCaptureCompareValue)
                  00002ab0    00000010     clock.o (.text.SysTick_Handler)
                  00002ac0    00000010     motor.o (.text.motor_init)
                  00002ad0    0000000e     libclang_rt.builtins.a : aeabi_memset.S.obj (.text.__aeabi_memset)
                  00002ade    0000000e     libc.a : _printfi.c.obj (.text.strlen)
                  00002aec    0000000e            : strlen.c.obj (.text.strlen)
                  00002afa    0000000e            : memset16.S.obj (.text:TI_memset_small)
                  00002b08    0000000a     driverlib.a : dl_common.o (.text.DL_Common_delayCycles)
                  00002b12    0000000a     motor.o (.text.encoder_init)
                  00002b1c    00000008     libclang_rt.builtins.a : aeabi_memcpy.S.obj (.text.__aeabi_memcpy)
                  00002b24    00000008     libc.a : printf.c.obj (.text._outc)
                  00002b2c    00000008            : printf.c.obj (.text._outs)
                  00002b34    00000006            : exit.c.obj (.text:abort)
                  00002b3a    00000004     libsysbm.a : hostexit.c.obj (.text.HOSTexit)
                  00002b3e    00000004     startup_mspm0g350x_ticlang.o (.text.Reset_Handler)
                  00002b42    00000004     libc.a : pre_init.c.obj (.text._system_pre_init)
                  00002b46    0000000a     --HOLE-- [fill = 0]

.cinit     0    00002bb8    00000058     
                  00002bb8    0000002d     (.cinit..data.load) [load image, compression = lzss]
                  00002be5    00000003     --HOLE-- [fill = 0]
                  00002be8    0000000c     (__TI_handler_table)
                  00002bf4    00000008     (.cinit..bss.load) [load image, compression = zero_init]
                  00002bfc    00000010     (__TI_cinit_table)
                  00002c0c    00000004     --HOLE-- [fill = 0]

.rodata    0    00002b50    00000068     
                  00002b50    00000014     ti_msp_dl_config.o (.rodata.gTIMER_0TimerConfig)
                  00002b64    00000011     libc.a : _printfi.c.obj (.rodata.str1.15363888844622738466.1)
                  00002b75    0000000d     isr.o (.rodata.str1.13602985083408752662.1)
                  00002b82    0000000c     isr.o (.rodata.str1.14035627306564887214.1)
                  00002b8e    0000000a     ti_msp_dl_config.o (.rodata.gUART_0Config)
                  00002b98    0000000a     ti_msp_dl_config.o (.rodata.gUART_1Config)
                  00002ba2    00000002     ti_msp_dl_config.o (.rodata.gI2C_OLEDClockConfig)
                  00002ba4    00000008     ti_msp_dl_config.o (.rodata.gPWM_motorConfig)
                  00002bac    00000003     ti_msp_dl_config.o (.rodata.gPWM_motorClockConfig)
                  00002baf    00000003     ti_msp_dl_config.o (.rodata.gTIMER_0ClockConfig)
                  00002bb2    00000002     ti_msp_dl_config.o (.rodata.gUART_0ClockConfig)
                  00002bb4    00000002     ti_msp_dl_config.o (.rodata.gUART_1ClockConfig)
                  00002bb6    00000002     --HOLE-- [fill = 0]

.init_array 
*          0    00000000    00000000     UNINITIALIZED

.binit     0    00000000    00000000     

.bss       0    20200000    000001a0     UNINITIALIZED
                  20200000    000000bc     (.common:gTIMER_0Backup)
                  202000bc    00000034     (.common:angle)
                  202000f0    00000034     (.common:motorA)
                  20200124    00000034     (.common:motorB)
                  20200158    00000030     (.common:gUART_1Backup)
                  20200188    00000004     (.common:error)
                  2020018c    00000004     (.common:last_yaw)
                  20200190    00000004     (.common:tick_ms)
                  20200194    00000004     (.common:yaw)
                  20200198    00000004     (.common:yaw_gyro)
                  2020019c    00000004     (.common:yaw_o)

.data      0    202001a0    00000103     UNINITIALIZED
                  202001a0    000000f0     libc.a : defs.c.obj (.data._ftable)
                  20200290    00000004     motor.o (.data.Encoder_count1)
                  20200294    00000004     motor.o (.data.Encoder_count2)
                  20200298    00000004     libc.a : _lock.c.obj (.data._lock)
                  2020029c    00000004            : _lock.c.obj (.data._unlock)
                  202002a0    00000001     isr.o (.data.gEchoData)
                  202002a1    00000001     motor.o (.data.motorA_dir)
                  202002a2    00000001     motor.o (.data.motorB_dir)

.stack     0    20207e00    00000200     UNINITIALIZED
                  20207e00    00000004     libc.a : boot_cortex_m.c.obj (.stack)
                  20207e04    000001fc     --HOLE--

__llvm_prf_cnts 
*          0    20200000    00000000     UNINITIALIZED

__llvm_prf_bits 
*          0    20200000    00000000     UNINITIALIZED

MODULE SUMMARY

       Module                         code    ro data   rw data
       ------                         ----    -------   -------
    .\
       ti_msp_dl_config.o             2418    60        236    
       isr.o                          728     25        1      
       main.o                         364     0         0      
       startup_mspm0g350x_ticlang.o   8       192       0      
    +--+------------------------------+-------+---------+---------+
       Total:                         3518    277       237    
                                                               
    .\code\
       pid.o                          850     0         156    
       gray_track.o                   912     0         0      
       motor.o                        234     0         10     
    +--+------------------------------+-------+---------+---------+
       Total:                         1996    0         166    
                                                               
    .\ml_libs\
       my_i2c.o                       776     0         0      
       ml_JY901S.o                    448     0         20     
       ml_tim.o                       302     0         0      
       clock.o                        286     0         4      
       ml_uart.o                      232     0         0      
       ml_gpio.o                      70      0         0      
       ml_pwm.o                       56      0         0      
    +--+------------------------------+-------+---------+---------+
       Total:                         2170    0         24     
                                                               
    C:/ti/mspm0_sdk_2_00_01_00/source/ti/driverlib/lib/ticlang/m0p/mspm0g1x0x_g3x0x/driverlib.a
       dl_timer.o                     524     0         0      
       dl_uart.o                      122     0         0      
       dl_i2c.o                       38      0         0      
       dl_common.o                    10      0         0      
    +--+------------------------------+-------+---------+---------+
       Total:                         694     0         0      
                                                               
    E:\25DianSai\ccs\ccs\tools\compiler\ti-cgt-armllvm_4.0.3.LTS\lib\armv6m-ti-none-eabi/c/libc.a
       _printfi.c.obj                 658     17        0      
       defs.c.obj                     0       0         240    
       copy_decompress_lzss.c.obj     124     0         0      
       printf.c.obj                   108     0         0      
       autoinit.c.obj                 60      0         0      
       boot_cortex_m.c.obj            40      0         0      
       memccpy.c.obj                  34      0         0      
       copy_zero_init.c.obj           22      0         0      
       copy_decompress_none.c.obj     18      0         0      
       memcpy16.S.obj                 18      0         0      
       memset16.S.obj                 14      0         0      
       strlen.c.obj                   14      0         0      
       _lock.c.obj                    2       0         8      
       exit.c.obj                     6       0         0      
       pre_init.c.obj                 4       0         0      
    +--+------------------------------+-------+---------+---------+
       Total:                         1122    17        248    
                                                               
    E:\25DianSai\ccs\ccs\tools\compiler\ti-cgt-armllvm_4.0.3.LTS\lib\armv6m-ti-none-eabi/c/libsysbm.a
       hostexit.c.obj                 4       0         0      
    +--+------------------------------+-------+---------+---------+
       Total:                         4       0         0      
                                                               
    E:\25DianSai\ccs\ccs\tools\compiler\ti-cgt-armllvm_4.0.3.LTS\lib\armv6m-ti-none-eabi/libclang_rt.builtins.a
       comparedf2.c.obj               220     0         0      
       addsf3.S.obj                   216     0         0      
       mulsf3.S.obj                   140     0         0      
       comparesf2.S.obj               118     0         0      
       truncdfsf2.S.obj               116     0         0      
       aeabi_dcmp.S.obj               98      0         0      
       aeabi_fcmp.S.obj               98      0         0      
       aeabi_uidivmod.S.obj           64      0         0      
       extendsfdf2.S.obj              64      0         0      
       floatsisf.S.obj                60      0         0      
       muldsi3.S.obj                  58      0         0      
       fixsfsi.S.obj                  56      0         0      
       floatunsisf.S.obj              40      0         0      
       aeabi_memset.S.obj             14      0         0      
       aeabi_memcpy.S.obj             8       0         0      
       aeabi_div0.c.obj               2       0         0      
    +--+------------------------------+-------+---------+---------+
       Total:                         1372    0         0      
                                                               
       Stack:                         0       0         512    
       Linker Generated:              0       81        0      
    +--+------------------------------+-------+---------+---------+
       Grand Total:                   10876   375       1187   


LINKER GENERATED COPY TABLES

__TI_cinit_table @ 00002bfc records: 2, size/record: 8, table size: 16
	.data: load addr=00002bb8, load size=0000002d bytes, run addr=202001a0, run size=00000103 bytes, compression=lzss
	.bss: load addr=00002bf4, load size=00000008 bytes, run addr=20200000, run size=000001a0 bytes, compression=zero_init


LINKER GENERATED HANDLER TABLE

__TI_handler_table @ 00002be8 records: 3, size/record: 4, table size: 12
	index: 0, handler: __TI_decompress_lzss
	index: 1, handler: __TI_decompress_none
	index: 2, handler: __TI_zero_init


GLOBAL SYMBOLS: SORTED ALPHABETICALLY BY Name 

address   name                            
-------   ----                            
0000155d  ADC0_IRQHandler                 
0000155d  ADC1_IRQHandler                 
0000155d  AES_IRQHandler                  
00002b3a  C$$EXIT                         
0000155d  CANFD0_IRQHandler               
0000155d  DAC0_IRQHandler                 
00002b09  DL_Common_delayCycles           
000023b7  DL_I2C_setClockConfig           
00000e75  DL_Timer_initPWMMode            
00000be9  DL_Timer_initTimerMode          
00002669  DL_Timer_setCaptCompUpdateMethod
00002889  DL_Timer_setCaptureCompareOutCtl
00002aa1  DL_Timer_setCaptureCompareValue 
00002685  DL_Timer_setClockConfig         
00001a79  DL_UART_init                    
00002a69  DL_UART_setClockConfig          
000024d5  DL_UART_transmitDataBlocking    
0000155d  DMA_IRQHandler                  
0000155d  Default_Handler                 
00002403  Delay_us                        
20200290  Encoder_count1                  
20200294  Encoder_count2                  
0000155d  GROUP0_IRQHandler               
00000885  GROUP1_IRQHandler               
00002b3b  HOSTexit                        
0000155d  HardFault_Handler               
0000155d  I2C0_IRQHandler                 
0000155d  I2C1_IRQHandler                 
00000da9  JY61P_GetData                   
00001831  JY901S_Init                     
000010ad  JY901S_Read                     
00001da1  MyI2C_R_SDA                     
000020bd  MyI2C_ReceiveAck                
000015d5  MyI2C_ReceiveByte               
000023dd  MyI2C_SendAck                   
00001a2d  MyI2C_SendByte                  
000022f1  MyI2C_Start                     
000024f5  MyI2C_Stop                      
00002055  MyI2C_W_SCL                     
00001ddd  MyI2C_W_SDA                     
0000155d  NMI_Handler                     
0000155d  PendSV_Handler                  
0000155d  RTC_IRQHandler                  
00002b3f  Reset_Handler                   
00002975  SDA_IN                          
00002319  SDA_OUT                         
0000155d  SPI0_IRQHandler                 
0000155d  SPI1_IRQHandler                 
0000155d  SVC_Handler                     
0000056d  SYSCFG_DL_GPIO_init             
000018e9  SYSCFG_DL_I2C_OLED_init         
000013ed  SYSCFG_DL_PWM_motor_init        
0000246f  SYSCFG_DL_SYSCTL_init           
0000176b  SYSCFG_DL_SYSTICK_init          
00002089  SYSCFG_DL_TIMER_0_init          
00001ac1  SYSCFG_DL_UART_0_init           
000016a5  SYSCFG_DL_UART_1_init           
00001c25  SYSCFG_DL_init                  
00001145  SYSCFG_DL_initPower             
00002ab1  SysTick_Handler                 
0000298b  SysTick_Init                    
00000ff5  TIMA0_IRQHandler                
0000155d  TIMA1_IRQHandler                
0000155d  TIMG0_IRQHandler                
0000155d  TIMG12_IRQHandler               
0000155d  TIMG6_IRQHandler                
0000155d  TIMG7_IRQHandler                
0000155d  TIMG8_IRQHandler                
00002a7b  TI_memcpy_small                 
00002afb  TI_memset_small                 
00002931  UART0_IRQHandler                
0000155d  UART1_IRQHandler                
0000155d  UART2_IRQHandler                
000017d1  UART3_IRQHandler                
20208000  __STACK_END                     
00000200  __STACK_SIZE                    
00000000  __TI_ATRegion0_region_sz        
00000000  __TI_ATRegion0_src_addr         
00000000  __TI_ATRegion0_trg_addr         
00000000  __TI_ATRegion1_region_sz        
00000000  __TI_ATRegion1_src_addr         
00000000  __TI_ATRegion1_trg_addr         
00000000  __TI_ATRegion2_region_sz        
00000000  __TI_ATRegion2_src_addr         
00000000  __TI_ATRegion2_trg_addr         
00002bfc  __TI_CINIT_Base                 
00002c0c  __TI_CINIT_Limit                
00002c0c  __TI_CINIT_Warm                 
00002be8  __TI_Handler_Table_Base         
00002bf4  __TI_Handler_Table_Limit        
00001e91  __TI_auto_init_nobinit_nopinit  
0000146d  __TI_decompress_lzss            
00002a8d  __TI_decompress_none            
ffffffff  __TI_pprof_out_hndl             
000000c1  __TI_printfi_minimal            
ffffffff  __TI_prof_data_size             
ffffffff  __TI_prof_data_start            
00000000  __TI_static_base__              
000029b7  __TI_zero_init_nomemset         
00000cdb  __addsf3                        
00001561  __aeabi_d2f                     
00001709  __aeabi_dcmpeq                  
00001745  __aeabi_dcmpge                  
00001759  __aeabi_dcmpgt                  
00001731  __aeabi_dcmple                  
0000171d  __aeabi_dcmplt                  
00001ca5  __aeabi_f2d                     
00001f7d  __aeabi_f2iz                    
00000cdb  __aeabi_fadd                    
0000176d  __aeabi_fcmpeq                  
000017a9  __aeabi_fcmpge                  
000017bd  __aeabi_fcmpgt                  
00001795  __aeabi_fcmple                  
00001781  __aeabi_fcmplt                  
000011d1  __aeabi_fmul                    
00000cd1  __aeabi_fsub                    
00001e19  __aeabi_i2f                     
000017cf  __aeabi_idiv0                   
00002b1d  __aeabi_memcpy                  
00002b1d  __aeabi_memcpy4                 
00002b1d  __aeabi_memcpy8                 
00002ad1  __aeabi_memset                  
00002ad1  __aeabi_memset4                 
00002ad1  __aeabi_memset8                 
00002341  __aeabi_ui2f                    
00001c65  __aeabi_uidiv                   
00001c65  __aeabi_uidivmod                
ffffffff  __binit__                       
0000163d  __cmpdf2                        
00001ecd  __cmpsf2                        
0000163d  __eqdf2                         
00001ecd  __eqsf2                         
00001ca5  __extendsfdf2                   
00001f7d  __fixsfsi                       
00001e19  __floatsisf                     
00002341  __floatunsisf                   
000014e9  __gedf2                         
00001e55  __gesf2                         
000014e9  __gtdf2                         
00001e55  __gtsf2                         
0000163d  __ledf2                         
00001ecd  __lesf2                         
0000163d  __ltdf2                         
00001ecd  __ltsf2                         
UNDEFED   __mpu_init                      
00001f09  __muldsi3                       
000011d1  __mulsf3                        
0000163d  __nedf2                         
00001ecd  __nesf2                         
20207e00  __stack                         
20200000  __start___llvm_prf_bits         
20200000  __start___llvm_prf_cnts         
20200000  __stop___llvm_prf_bits          
20200000  __stop___llvm_prf_cnts          
00000cd1  __subsf3                        
00001561  __truncdfsf2                    
00002369  _c_int00_noargs                 
202001a0  _ftable                         
20200298  _lock                           
00001f07  _nop                            
UNDEFED   _system_post_cinit              
00002b43  _system_pre_init                
2020029c  _unlock                         
00002b35  abort                           
202000bc  angle                           
ffffffff  binit                           
00001b09  car_stop                        
00002427  delay_ms                        
0000071d  digtal                          
00002b13  encoder_init                    
20200188  error                           
000026bd  fputc                           
00001991  fputs                           
202002a0  gEchoData                       
20200000  gTIMER_0Backup                  
20200158  gUART_1Backup                   
000029a1  gpio_get                        
000020f1  gpio_set                        
00000000  interruptVectors                
2020018c  last_yaw                        
000009a9  main                            
00002491  memccpy                         
202000f0  motorA                          
202002a1  motorA_dir                      
00001b51  motorA_duty                     
20200124  motorB                          
202002a2  motorB_dir                      
00001be1  motorB_duty                     
00002ac1  motor_init                      
0000125d  motor_target_set                
00000acd  pid_cal                         
00001b99  pid_control                     
00000f39  pid_control_angle               
000021fd  pid_init                        
00001ce5  pidout_limit                    
00001d25  pidout_limit_angle              
0000188d  printf                          
00001fb5  pwm_update                      
00002aed  strlen                          
20200190  tick_ms                         
00001f43  tim_interrupt_ms_init           
00000345  track                           
0000244b  uart_init                       
20200194  yaw                             
20200198  yaw_gyro                        
2020019c  yaw_o                           


GLOBAL SYMBOLS: SORTED BY Symbol Address 

address   name                            
-------   ----                            
00000000  __TI_ATRegion0_region_sz        
00000000  __TI_ATRegion0_src_addr         
00000000  __TI_ATRegion0_trg_addr         
00000000  __TI_ATRegion1_region_sz        
00000000  __TI_ATRegion1_src_addr         
00000000  __TI_ATRegion1_trg_addr         
00000000  __TI_ATRegion2_region_sz        
00000000  __TI_ATRegion2_src_addr         
00000000  __TI_ATRegion2_trg_addr         
00000000  __TI_static_base__              
00000000  interruptVectors                
000000c1  __TI_printfi_minimal            
00000200  __STACK_SIZE                    
00000345  track                           
0000056d  SYSCFG_DL_GPIO_init             
0000071d  digtal                          
00000885  GROUP1_IRQHandler               
000009a9  main                            
00000acd  pid_cal                         
00000be9  DL_Timer_initTimerMode          
00000cd1  __aeabi_fsub                    
00000cd1  __subsf3                        
00000cdb  __addsf3                        
00000cdb  __aeabi_fadd                    
00000da9  JY61P_GetData                   
00000e75  DL_Timer_initPWMMode            
00000f39  pid_control_angle               
00000ff5  TIMA0_IRQHandler                
000010ad  JY901S_Read                     
00001145  SYSCFG_DL_initPower             
000011d1  __aeabi_fmul                    
000011d1  __mulsf3                        
0000125d  motor_target_set                
000013ed  SYSCFG_DL_PWM_motor_init        
0000146d  __TI_decompress_lzss            
000014e9  __gedf2                         
000014e9  __gtdf2                         
0000155d  ADC0_IRQHandler                 
0000155d  ADC1_IRQHandler                 
0000155d  AES_IRQHandler                  
0000155d  CANFD0_IRQHandler               
0000155d  DAC0_IRQHandler                 
0000155d  DMA_IRQHandler                  
0000155d  Default_Handler                 
0000155d  GROUP0_IRQHandler               
0000155d  HardFault_Handler               
0000155d  I2C0_IRQHandler                 
0000155d  I2C1_IRQHandler                 
0000155d  NMI_Handler                     
0000155d  PendSV_Handler                  
0000155d  RTC_IRQHandler                  
0000155d  SPI0_IRQHandler                 
0000155d  SPI1_IRQHandler                 
0000155d  SVC_Handler                     
0000155d  TIMA1_IRQHandler                
0000155d  TIMG0_IRQHandler                
0000155d  TIMG12_IRQHandler               
0000155d  TIMG6_IRQHandler                
0000155d  TIMG7_IRQHandler                
0000155d  TIMG8_IRQHandler                
0000155d  UART1_IRQHandler                
0000155d  UART2_IRQHandler                
00001561  __aeabi_d2f                     
00001561  __truncdfsf2                    
000015d5  MyI2C_ReceiveByte               
0000163d  __cmpdf2                        
0000163d  __eqdf2                         
0000163d  __ledf2                         
0000163d  __ltdf2                         
0000163d  __nedf2                         
000016a5  SYSCFG_DL_UART_1_init           
00001709  __aeabi_dcmpeq                  
0000171d  __aeabi_dcmplt                  
00001731  __aeabi_dcmple                  
00001745  __aeabi_dcmpge                  
00001759  __aeabi_dcmpgt                  
0000176b  SYSCFG_DL_SYSTICK_init          
0000176d  __aeabi_fcmpeq                  
00001781  __aeabi_fcmplt                  
00001795  __aeabi_fcmple                  
000017a9  __aeabi_fcmpge                  
000017bd  __aeabi_fcmpgt                  
000017cf  __aeabi_idiv0                   
000017d1  UART3_IRQHandler                
00001831  JY901S_Init                     
0000188d  printf                          
000018e9  SYSCFG_DL_I2C_OLED_init         
00001991  fputs                           
00001a2d  MyI2C_SendByte                  
00001a79  DL_UART_init                    
00001ac1  SYSCFG_DL_UART_0_init           
00001b09  car_stop                        
00001b51  motorA_duty                     
00001b99  pid_control                     
00001be1  motorB_duty                     
00001c25  SYSCFG_DL_init                  
00001c65  __aeabi_uidiv                   
00001c65  __aeabi_uidivmod                
00001ca5  __aeabi_f2d                     
00001ca5  __extendsfdf2                   
00001ce5  pidout_limit                    
00001d25  pidout_limit_angle              
00001da1  MyI2C_R_SDA                     
00001ddd  MyI2C_W_SDA                     
00001e19  __aeabi_i2f                     
00001e19  __floatsisf                     
00001e55  __gesf2                         
00001e55  __gtsf2                         
00001e91  __TI_auto_init_nobinit_nopinit  
00001ecd  __cmpsf2                        
00001ecd  __eqsf2                         
00001ecd  __lesf2                         
00001ecd  __ltsf2                         
00001ecd  __nesf2                         
00001f07  _nop                            
00001f09  __muldsi3                       
00001f43  tim_interrupt_ms_init           
00001f7d  __aeabi_f2iz                    
00001f7d  __fixsfsi                       
00001fb5  pwm_update                      
00002055  MyI2C_W_SCL                     
00002089  SYSCFG_DL_TIMER_0_init          
000020bd  MyI2C_ReceiveAck                
000020f1  gpio_set                        
000021fd  pid_init                        
000022f1  MyI2C_Start                     
00002319  SDA_OUT                         
00002341  __aeabi_ui2f                    
00002341  __floatunsisf                   
00002369  _c_int00_noargs                 
000023b7  DL_I2C_setClockConfig           
000023dd  MyI2C_SendAck                   
00002403  Delay_us                        
00002427  delay_ms                        
0000244b  uart_init                       
0000246f  SYSCFG_DL_SYSCTL_init           
00002491  memccpy                         
000024d5  DL_UART_transmitDataBlocking    
000024f5  MyI2C_Stop                      
00002669  DL_Timer_setCaptCompUpdateMethod
00002685  DL_Timer_setClockConfig         
000026bd  fputc                           
00002889  DL_Timer_setCaptureCompareOutCtl
00002931  UART0_IRQHandler                
00002975  SDA_IN                          
0000298b  SysTick_Init                    
000029a1  gpio_get                        
000029b7  __TI_zero_init_nomemset         
00002a69  DL_UART_setClockConfig          
00002a7b  TI_memcpy_small                 
00002a8d  __TI_decompress_none            
00002aa1  DL_Timer_setCaptureCompareValue 
00002ab1  SysTick_Handler                 
00002ac1  motor_init                      
00002ad1  __aeabi_memset                  
00002ad1  __aeabi_memset4                 
00002ad1  __aeabi_memset8                 
00002aed  strlen                          
00002afb  TI_memset_small                 
00002b09  DL_Common_delayCycles           
00002b13  encoder_init                    
00002b1d  __aeabi_memcpy                  
00002b1d  __aeabi_memcpy4                 
00002b1d  __aeabi_memcpy8                 
00002b35  abort                           
00002b3a  C$$EXIT                         
00002b3b  HOSTexit                        
00002b3f  Reset_Handler                   
00002b43  _system_pre_init                
00002be8  __TI_Handler_Table_Base         
00002bf4  __TI_Handler_Table_Limit        
00002bfc  __TI_CINIT_Base                 
00002c0c  __TI_CINIT_Limit                
00002c0c  __TI_CINIT_Warm                 
20200000  __start___llvm_prf_bits         
20200000  __start___llvm_prf_cnts         
20200000  __stop___llvm_prf_bits          
20200000  __stop___llvm_prf_cnts          
20200000  gTIMER_0Backup                  
202000bc  angle                           
202000f0  motorA                          
20200124  motorB                          
20200158  gUART_1Backup                   
20200188  error                           
2020018c  last_yaw                        
20200190  tick_ms                         
20200194  yaw                             
20200198  yaw_gyro                        
2020019c  yaw_o                           
202001a0  _ftable                         
20200290  Encoder_count1                  
20200294  Encoder_count2                  
20200298  _lock                           
2020029c  _unlock                         
202002a0  gEchoData                       
202002a1  motorA_dir                      
202002a2  motorB_dir                      
20207e00  __stack                         
20208000  __STACK_END                     
ffffffff  __TI_pprof_out_hndl             
ffffffff  __TI_prof_data_size             
ffffffff  __TI_prof_data_start            
ffffffff  __binit__                       
ffffffff  binit                           
UNDEFED   __mpu_init                      
UNDEFED   _system_post_cinit              

[206 symbols]
