<?xml version="1.0" encoding="ISO-8859-1" ?>
<link_info>
   <banner>TI ARM Clang Linker PC v4.0.3.LTS</banner>
   <copyright>Copyright (c) 1996-2018 Texas Instruments Incorporated</copyright>
   <command_line>E:\25DianSai\ccs\ccs\tools\compiler\ti-cgt-armllvm_4.0.3.LTS\bin\tiarmlnk -IE:\25DianSai\ccs\ccs\tools\compiler\ti-cgt-armllvm_4.0.3.LTS\lib -o empty_LP_MSPM0G3507_nortos_ticlang.out -mempty_LP_MSPM0G3507_nortos_ticlang.map -iC:/ti/mspm0_sdk_2_00_01_00/source -iC:/Users/wyh18/Desktop/1empty_LP_MSPM0G3507_nortos_ticlang/1empty_LP_MSPM0G3507_nortos_ticlang/1empty_LP_MSPM0G3507_nortos_ticlang -iC:/Users/wyh18/Desktop/1empty_LP_MSPM0G3507_nortos_ticlang/1empty_LP_MSPM0G3507_nortos_ticlang/1empty_LP_MSPM0G3507_nortos_ticlang/Debug/syscfg -iE:/25DianSai/ccs/ccs/tools/compiler/ti-cgt-armllvm_4.0.3.LTS/lib --diag_wrap=off --display_error_number --warn_sections --xml_link_info=empty_LP_MSPM0G3507_nortos_ticlang_linkInfo.xml --rom_model ./ti_msp_dl_config.o ./startup_mspm0g350x_ticlang.o ./isr.o ./main.o ./code/filter.o ./code/gray_track.o ./code/motor.o ./code/pid.o ./ml_libs/clock.o ./ml_libs/ml_JY901S.o ./ml_libs/ml_gpio.o ./ml_libs/ml_pwm.o ./ml_libs/ml_tim.o ./ml_libs/ml_uart.o ./ml_libs/my_i2c.o ./ml_libs/oled_hardware_i2c.o -l./device_linker.cmd -ldevice.cmd.genlibs -llibc.a --start-group -llibc++.a -llibc++abi.a -llibc.a -llibsys.a -llibsysbm.a -llibclang_rt.builtins.a -llibclang_rt.profile.a --end-group --cg_opt_level=0</command_line>
   <link_time>0x6880a354</link_time>
   <link_errors>0x0</link_errors>
   <output_file>C:\Users\wyh18\Desktop\1empty_LP_MSPM0G3507_nortos_ticlang\1empty_LP_MSPM0G3507_nortos_ticlang\1empty_LP_MSPM0G3507_nortos_ticlang\Debug\empty_LP_MSPM0G3507_nortos_ticlang.out</output_file>
   <entry_point>
      <name>_c_int00_noargs</name>
      <address>0x2369</address>
   </entry_point>
   <input_file_list>
      <input_file id="fl-1">
         <path>C:\Users\wyh18\Desktop\1empty_LP_MSPM0G3507_nortos_ticlang\1empty_LP_MSPM0G3507_nortos_ticlang\1empty_LP_MSPM0G3507_nortos_ticlang\Debug\.\</path>
         <kind>object</kind>
         <file>ti_msp_dl_config.o</file>
         <name>ti_msp_dl_config.o</name>
      </input_file>
      <input_file id="fl-2">
         <path>C:\Users\wyh18\Desktop\1empty_LP_MSPM0G3507_nortos_ticlang\1empty_LP_MSPM0G3507_nortos_ticlang\1empty_LP_MSPM0G3507_nortos_ticlang\Debug\.\</path>
         <kind>object</kind>
         <file>startup_mspm0g350x_ticlang.o</file>
         <name>startup_mspm0g350x_ticlang.o</name>
      </input_file>
      <input_file id="fl-3">
         <path>C:\Users\wyh18\Desktop\1empty_LP_MSPM0G3507_nortos_ticlang\1empty_LP_MSPM0G3507_nortos_ticlang\1empty_LP_MSPM0G3507_nortos_ticlang\Debug\.\</path>
         <kind>object</kind>
         <file>isr.o</file>
         <name>isr.o</name>
      </input_file>
      <input_file id="fl-4">
         <path>C:\Users\wyh18\Desktop\1empty_LP_MSPM0G3507_nortos_ticlang\1empty_LP_MSPM0G3507_nortos_ticlang\1empty_LP_MSPM0G3507_nortos_ticlang\Debug\.\</path>
         <kind>object</kind>
         <file>main.o</file>
         <name>main.o</name>
      </input_file>
      <input_file id="fl-5">
         <path>C:\Users\wyh18\Desktop\1empty_LP_MSPM0G3507_nortos_ticlang\1empty_LP_MSPM0G3507_nortos_ticlang\1empty_LP_MSPM0G3507_nortos_ticlang\Debug\.\code\</path>
         <kind>object</kind>
         <file>filter.o</file>
         <name>filter.o</name>
      </input_file>
      <input_file id="fl-6">
         <path>C:\Users\wyh18\Desktop\1empty_LP_MSPM0G3507_nortos_ticlang\1empty_LP_MSPM0G3507_nortos_ticlang\1empty_LP_MSPM0G3507_nortos_ticlang\Debug\.\code\</path>
         <kind>object</kind>
         <file>gray_track.o</file>
         <name>gray_track.o</name>
      </input_file>
      <input_file id="fl-7">
         <path>C:\Users\wyh18\Desktop\1empty_LP_MSPM0G3507_nortos_ticlang\1empty_LP_MSPM0G3507_nortos_ticlang\1empty_LP_MSPM0G3507_nortos_ticlang\Debug\.\code\</path>
         <kind>object</kind>
         <file>motor.o</file>
         <name>motor.o</name>
      </input_file>
      <input_file id="fl-8">
         <path>C:\Users\wyh18\Desktop\1empty_LP_MSPM0G3507_nortos_ticlang\1empty_LP_MSPM0G3507_nortos_ticlang\1empty_LP_MSPM0G3507_nortos_ticlang\Debug\.\code\</path>
         <kind>object</kind>
         <file>pid.o</file>
         <name>pid.o</name>
      </input_file>
      <input_file id="fl-9">
         <path>C:\Users\wyh18\Desktop\1empty_LP_MSPM0G3507_nortos_ticlang\1empty_LP_MSPM0G3507_nortos_ticlang\1empty_LP_MSPM0G3507_nortos_ticlang\Debug\.\ml_libs\</path>
         <kind>object</kind>
         <file>clock.o</file>
         <name>clock.o</name>
      </input_file>
      <input_file id="fl-a">
         <path>C:\Users\wyh18\Desktop\1empty_LP_MSPM0G3507_nortos_ticlang\1empty_LP_MSPM0G3507_nortos_ticlang\1empty_LP_MSPM0G3507_nortos_ticlang\Debug\.\ml_libs\</path>
         <kind>object</kind>
         <file>ml_JY901S.o</file>
         <name>ml_JY901S.o</name>
      </input_file>
      <input_file id="fl-b">
         <path>C:\Users\wyh18\Desktop\1empty_LP_MSPM0G3507_nortos_ticlang\1empty_LP_MSPM0G3507_nortos_ticlang\1empty_LP_MSPM0G3507_nortos_ticlang\Debug\.\ml_libs\</path>
         <kind>object</kind>
         <file>ml_gpio.o</file>
         <name>ml_gpio.o</name>
      </input_file>
      <input_file id="fl-c">
         <path>C:\Users\wyh18\Desktop\1empty_LP_MSPM0G3507_nortos_ticlang\1empty_LP_MSPM0G3507_nortos_ticlang\1empty_LP_MSPM0G3507_nortos_ticlang\Debug\.\ml_libs\</path>
         <kind>object</kind>
         <file>ml_pwm.o</file>
         <name>ml_pwm.o</name>
      </input_file>
      <input_file id="fl-d">
         <path>C:\Users\wyh18\Desktop\1empty_LP_MSPM0G3507_nortos_ticlang\1empty_LP_MSPM0G3507_nortos_ticlang\1empty_LP_MSPM0G3507_nortos_ticlang\Debug\.\ml_libs\</path>
         <kind>object</kind>
         <file>ml_tim.o</file>
         <name>ml_tim.o</name>
      </input_file>
      <input_file id="fl-e">
         <path>C:\Users\wyh18\Desktop\1empty_LP_MSPM0G3507_nortos_ticlang\1empty_LP_MSPM0G3507_nortos_ticlang\1empty_LP_MSPM0G3507_nortos_ticlang\Debug\.\ml_libs\</path>
         <kind>object</kind>
         <file>ml_uart.o</file>
         <name>ml_uart.o</name>
      </input_file>
      <input_file id="fl-f">
         <path>C:\Users\wyh18\Desktop\1empty_LP_MSPM0G3507_nortos_ticlang\1empty_LP_MSPM0G3507_nortos_ticlang\1empty_LP_MSPM0G3507_nortos_ticlang\Debug\.\ml_libs\</path>
         <kind>object</kind>
         <file>my_i2c.o</file>
         <name>my_i2c.o</name>
      </input_file>
      <input_file id="fl-10">
         <path>C:\Users\wyh18\Desktop\1empty_LP_MSPM0G3507_nortos_ticlang\1empty_LP_MSPM0G3507_nortos_ticlang\1empty_LP_MSPM0G3507_nortos_ticlang\Debug\.\ml_libs\</path>
         <kind>object</kind>
         <file>oled_hardware_i2c.o</file>
         <name>oled_hardware_i2c.o</name>
      </input_file>
      <input_file id="fl-1d">
         <path>C:\Users\wyh18\Desktop\1empty_LP_MSPM0G3507_nortos_ticlang\1empty_LP_MSPM0G3507_nortos_ticlang\1empty_LP_MSPM0G3507_nortos_ticlang\Debug\</path>
         <kind>object</kind>
         <file>&lt;internal&gt;</file>
         <name>&lt;internal&gt;</name>
      </input_file>
      <input_file id="fl-1e">
         <path>C:\ti\mspm0_sdk_2_00_01_00\source\ti\driverlib\lib\ticlang\m0p\mspm0g1x0x_g3x0x\</path>
         <kind>archive</kind>
         <file>driverlib.a</file>
         <name>dl_common.o</name>
      </input_file>
      <input_file id="fl-1f">
         <path>C:\ti\mspm0_sdk_2_00_01_00\source\ti\driverlib\lib\ticlang\m0p\mspm0g1x0x_g3x0x\</path>
         <kind>archive</kind>
         <file>driverlib.a</file>
         <name>dl_i2c.o</name>
      </input_file>
      <input_file id="fl-20">
         <path>C:\ti\mspm0_sdk_2_00_01_00\source\ti\driverlib\lib\ticlang\m0p\mspm0g1x0x_g3x0x\</path>
         <kind>archive</kind>
         <file>driverlib.a</file>
         <name>dl_timer.o</name>
      </input_file>
      <input_file id="fl-21">
         <path>C:\ti\mspm0_sdk_2_00_01_00\source\ti\driverlib\lib\ticlang\m0p\mspm0g1x0x_g3x0x\</path>
         <kind>archive</kind>
         <file>driverlib.a</file>
         <name>dl_uart.o</name>
      </input_file>
      <input_file id="fl-38">
         <path>E:\25DianSai\ccs\ccs\tools\compiler\ti-cgt-armllvm_4.0.3.LTS\lib\armv6m-ti-none-eabi\c\</path>
         <kind>archive</kind>
         <file>libc.a</file>
         <name>printf.c.obj</name>
      </input_file>
      <input_file id="fl-39">
         <path>E:\25DianSai\ccs\ccs\tools\compiler\ti-cgt-armllvm_4.0.3.LTS\lib\armv6m-ti-none-eabi\c\</path>
         <kind>archive</kind>
         <file>libc.a</file>
         <name>_printfi.c.obj</name>
      </input_file>
      <input_file id="fl-3a">
         <path>E:\25DianSai\ccs\ccs\tools\compiler\ti-cgt-armllvm_4.0.3.LTS\lib\armv6m-ti-none-eabi\c\</path>
         <kind>archive</kind>
         <file>libc.a</file>
         <name>s_frexp.c.obj</name>
      </input_file>
      <input_file id="fl-3b">
         <path>E:\25DianSai\ccs\ccs\tools\compiler\ti-cgt-armllvm_4.0.3.LTS\lib\armv6m-ti-none-eabi\c\</path>
         <kind>archive</kind>
         <file>libc.a</file>
         <name>s_scalbn.c.obj</name>
      </input_file>
      <input_file id="fl-3c">
         <path>E:\25DianSai\ccs\ccs\tools\compiler\ti-cgt-armllvm_4.0.3.LTS\lib\armv6m-ti-none-eabi\c\</path>
         <kind>archive</kind>
         <file>libc.a</file>
         <name>wcslen.c.obj</name>
      </input_file>
      <input_file id="fl-3d">
         <path>E:\25DianSai\ccs\ccs\tools\compiler\ti-cgt-armllvm_4.0.3.LTS\lib\armv6m-ti-none-eabi\c\</path>
         <kind>archive</kind>
         <file>libc.a</file>
         <name>aeabi_portable.c.obj</name>
      </input_file>
      <input_file id="fl-3e">
         <path>E:\25DianSai\ccs\ccs\tools\compiler\ti-cgt-armllvm_4.0.3.LTS\lib\armv6m-ti-none-eabi\c\</path>
         <kind>archive</kind>
         <file>libc.a</file>
         <name>_lock.c.obj</name>
      </input_file>
      <input_file id="fl-3f">
         <path>E:\25DianSai\ccs\ccs\tools\compiler\ti-cgt-armllvm_4.0.3.LTS\lib\armv6m-ti-none-eabi\c\</path>
         <kind>archive</kind>
         <file>libc.a</file>
         <name>_ltoa.c.obj</name>
      </input_file>
      <input_file id="fl-40">
         <path>E:\25DianSai\ccs\ccs\tools\compiler\ti-cgt-armllvm_4.0.3.LTS\lib\armv6m-ti-none-eabi\c\</path>
         <kind>archive</kind>
         <file>libc.a</file>
         <name>assert.c.obj</name>
      </input_file>
      <input_file id="fl-41">
         <path>E:\25DianSai\ccs\ccs\tools\compiler\ti-cgt-armllvm_4.0.3.LTS\lib\armv6m-ti-none-eabi\c\</path>
         <kind>archive</kind>
         <file>libc.a</file>
         <name>atoi.c.obj</name>
      </input_file>
      <input_file id="fl-42">
         <path>E:\25DianSai\ccs\ccs\tools\compiler\ti-cgt-armllvm_4.0.3.LTS\lib\armv6m-ti-none-eabi\c\</path>
         <kind>archive</kind>
         <file>libc.a</file>
         <name>defs.c.obj</name>
      </input_file>
      <input_file id="fl-43">
         <path>E:\25DianSai\ccs\ccs\tools\compiler\ti-cgt-armllvm_4.0.3.LTS\lib\armv6m-ti-none-eabi\c\</path>
         <kind>archive</kind>
         <file>libc.a</file>
         <name>memccpy.c.obj</name>
      </input_file>
      <input_file id="fl-44">
         <path>E:\25DianSai\ccs\ccs\tools\compiler\ti-cgt-armllvm_4.0.3.LTS\lib\armv6m-ti-none-eabi\c\</path>
         <kind>archive</kind>
         <file>libc.a</file>
         <name>memory.c.obj</name>
      </input_file>
      <input_file id="fl-45">
         <path>E:\25DianSai\ccs\ccs\tools\compiler\ti-cgt-armllvm_4.0.3.LTS\lib\armv6m-ti-none-eabi\c\</path>
         <kind>archive</kind>
         <file>libc.a</file>
         <name>strlen.c.obj</name>
      </input_file>
      <input_file id="fl-46">
         <path>E:\25DianSai\ccs\ccs\tools\compiler\ti-cgt-armllvm_4.0.3.LTS\lib\armv6m-ti-none-eabi\c\</path>
         <kind>archive</kind>
         <file>libc.a</file>
         <name>boot_cortex_m.c.obj</name>
      </input_file>
      <input_file id="fl-47">
         <path>E:\25DianSai\ccs\ccs\tools\compiler\ti-cgt-armllvm_4.0.3.LTS\lib\armv6m-ti-none-eabi\c\</path>
         <kind>archive</kind>
         <file>libc.a</file>
         <name>mathacl_init.c.obj</name>
      </input_file>
      <input_file id="fl-48">
         <path>E:\25DianSai\ccs\ccs\tools\compiler\ti-cgt-armllvm_4.0.3.LTS\lib\armv6m-ti-none-eabi\c\</path>
         <kind>archive</kind>
         <file>libc.a</file>
         <name>autoinit.c.obj</name>
      </input_file>
      <input_file id="fl-49">
         <path>E:\25DianSai\ccs\ccs\tools\compiler\ti-cgt-armllvm_4.0.3.LTS\lib\armv6m-ti-none-eabi\c\</path>
         <kind>archive</kind>
         <file>libc.a</file>
         <name>pre_init.c.obj</name>
      </input_file>
      <input_file id="fl-4a">
         <path>E:\25DianSai\ccs\ccs\tools\compiler\ti-cgt-armllvm_4.0.3.LTS\lib\armv6m-ti-none-eabi\c\</path>
         <kind>archive</kind>
         <file>libc.a</file>
         <name>cpy_tbl.c.obj</name>
      </input_file>
      <input_file id="fl-4b">
         <path>E:\25DianSai\ccs\ccs\tools\compiler\ti-cgt-armllvm_4.0.3.LTS\lib\armv6m-ti-none-eabi\c\</path>
         <kind>archive</kind>
         <file>libc.a</file>
         <name>copy_zero_init.c.obj</name>
      </input_file>
      <input_file id="fl-4c">
         <path>E:\25DianSai\ccs\ccs\tools\compiler\ti-cgt-armllvm_4.0.3.LTS\lib\armv6m-ti-none-eabi\c\</path>
         <kind>archive</kind>
         <file>libc.a</file>
         <name>copy_decompress_none.c.obj</name>
      </input_file>
      <input_file id="fl-4d">
         <path>E:\25DianSai\ccs\ccs\tools\compiler\ti-cgt-armllvm_4.0.3.LTS\lib\armv6m-ti-none-eabi\c\</path>
         <kind>archive</kind>
         <file>libc.a</file>
         <name>copy_decompress_lzss.c.obj</name>
      </input_file>
      <input_file id="fl-4e">
         <path>E:\25DianSai\ccs\ccs\tools\compiler\ti-cgt-armllvm_4.0.3.LTS\lib\armv6m-ti-none-eabi\c\</path>
         <kind>archive</kind>
         <file>libc.a</file>
         <name>sprintf.c.obj</name>
      </input_file>
      <input_file id="fl-4f">
         <path>E:\25DianSai\ccs\ccs\tools\compiler\ti-cgt-armllvm_4.0.3.LTS\lib\armv6m-ti-none-eabi\c\</path>
         <kind>archive</kind>
         <file>libc.a</file>
         <name>fflush.c.obj</name>
      </input_file>
      <input_file id="fl-50">
         <path>E:\25DianSai\ccs\ccs\tools\compiler\ti-cgt-armllvm_4.0.3.LTS\lib\armv6m-ti-none-eabi\c\</path>
         <kind>archive</kind>
         <file>libc.a</file>
         <name>aeabi_ctype.S.obj</name>
      </input_file>
      <input_file id="fl-51">
         <path>E:\25DianSai\ccs\ccs\tools\compiler\ti-cgt-armllvm_4.0.3.LTS\lib\armv6m-ti-none-eabi\c\</path>
         <kind>archive</kind>
         <file>libc.a</file>
         <name>exit.c.obj</name>
      </input_file>
      <input_file id="fl-52">
         <path>E:\25DianSai\ccs\ccs\tools\compiler\ti-cgt-armllvm_4.0.3.LTS\lib\armv6m-ti-none-eabi\c\</path>
         <kind>archive</kind>
         <file>libc.a</file>
         <name>args_main.c.obj</name>
      </input_file>
      <input_file id="fl-f2">
         <path>E:\25DianSai\ccs\ccs\tools\compiler\ti-cgt-armllvm_4.0.3.LTS\lib\armv6m-ti-none-eabi\c\</path>
         <kind>archive</kind>
         <file>libsysbm.a</file>
         <name>hostexit.c.obj</name>
      </input_file>
      <input_file id="fl-f3">
         <path>E:\25DianSai\ccs\ccs\tools\compiler\ti-cgt-armllvm_4.0.3.LTS\lib\armv6m-ti-none-eabi\c\</path>
         <kind>archive</kind>
         <file>libsysbm.a</file>
         <name>write.c.obj</name>
      </input_file>
      <input_file id="fl-f4">
         <path>E:\25DianSai\ccs\ccs\tools\compiler\ti-cgt-armllvm_4.0.3.LTS\lib\armv6m-ti-none-eabi\c\</path>
         <kind>archive</kind>
         <file>libsysbm.a</file>
         <name>host_device.c.obj</name>
      </input_file>
      <input_file id="fl-f5">
         <path>E:\25DianSai\ccs\ccs\tools\compiler\ti-cgt-armllvm_4.0.3.LTS\lib\armv6m-ti-none-eabi\c\</path>
         <kind>archive</kind>
         <file>libsysbm.a</file>
         <name>hostclose.c.obj</name>
      </input_file>
      <input_file id="fl-f6">
         <path>E:\25DianSai\ccs\ccs\tools\compiler\ti-cgt-armllvm_4.0.3.LTS\lib\armv6m-ti-none-eabi\c\</path>
         <kind>archive</kind>
         <file>libsysbm.a</file>
         <name>hostlseek.c.obj</name>
      </input_file>
      <input_file id="fl-f7">
         <path>E:\25DianSai\ccs\ccs\tools\compiler\ti-cgt-armllvm_4.0.3.LTS\lib\armv6m-ti-none-eabi\c\</path>
         <kind>archive</kind>
         <file>libsysbm.a</file>
         <name>hostopen.c.obj</name>
      </input_file>
      <input_file id="fl-f8">
         <path>E:\25DianSai\ccs\ccs\tools\compiler\ti-cgt-armllvm_4.0.3.LTS\lib\armv6m-ti-none-eabi\c\</path>
         <kind>archive</kind>
         <file>libsysbm.a</file>
         <name>hostread.c.obj</name>
      </input_file>
      <input_file id="fl-f9">
         <path>E:\25DianSai\ccs\ccs\tools\compiler\ti-cgt-armllvm_4.0.3.LTS\lib\armv6m-ti-none-eabi\c\</path>
         <kind>archive</kind>
         <file>libsysbm.a</file>
         <name>hostrename.c.obj</name>
      </input_file>
      <input_file id="fl-fa">
         <path>E:\25DianSai\ccs\ccs\tools\compiler\ti-cgt-armllvm_4.0.3.LTS\lib\armv6m-ti-none-eabi\c\</path>
         <kind>archive</kind>
         <file>libsysbm.a</file>
         <name>hostunlink.c.obj</name>
      </input_file>
      <input_file id="fl-fb">
         <path>E:\25DianSai\ccs\ccs\tools\compiler\ti-cgt-armllvm_4.0.3.LTS\lib\armv6m-ti-none-eabi\c\</path>
         <kind>archive</kind>
         <file>libsysbm.a</file>
         <name>hostwrite.c.obj</name>
      </input_file>
      <input_file id="fl-fc">
         <path>E:\25DianSai\ccs\ccs\tools\compiler\ti-cgt-armllvm_4.0.3.LTS\lib\armv6m-ti-none-eabi\c\</path>
         <kind>archive</kind>
         <file>libsysbm.a</file>
         <name>trgmsg.c.obj</name>
      </input_file>
      <input_file id="fl-fd">
         <path>E:\25DianSai\ccs\ccs\tools\compiler\ti-cgt-armllvm_4.0.3.LTS\lib\armv6m-ti-none-eabi\</path>
         <kind>archive</kind>
         <file>libclang_rt.builtins.a</file>
         <name>addsf3.S.obj</name>
      </input_file>
      <input_file id="fl-fe">
         <path>E:\25DianSai\ccs\ccs\tools\compiler\ti-cgt-armllvm_4.0.3.LTS\lib\armv6m-ti-none-eabi\</path>
         <kind>archive</kind>
         <file>libclang_rt.builtins.a</file>
         <name>adddf3.S.obj</name>
      </input_file>
      <input_file id="fl-ff">
         <path>E:\25DianSai\ccs\ccs\tools\compiler\ti-cgt-armllvm_4.0.3.LTS\lib\armv6m-ti-none-eabi\</path>
         <kind>archive</kind>
         <file>libclang_rt.builtins.a</file>
         <name>muldf3.S.obj</name>
      </input_file>
      <input_file id="fl-100">
         <path>E:\25DianSai\ccs\ccs\tools\compiler\ti-cgt-armllvm_4.0.3.LTS\lib\armv6m-ti-none-eabi\</path>
         <kind>archive</kind>
         <file>libclang_rt.builtins.a</file>
         <name>muldsi3.S.obj</name>
      </input_file>
      <input_file id="fl-101">
         <path>E:\25DianSai\ccs\ccs\tools\compiler\ti-cgt-armllvm_4.0.3.LTS\lib\armv6m-ti-none-eabi\</path>
         <kind>archive</kind>
         <file>libclang_rt.builtins.a</file>
         <name>mulsf3.S.obj</name>
      </input_file>
      <input_file id="fl-102">
         <path>E:\25DianSai\ccs\ccs\tools\compiler\ti-cgt-armllvm_4.0.3.LTS\lib\armv6m-ti-none-eabi\</path>
         <kind>archive</kind>
         <file>libclang_rt.builtins.a</file>
         <name>divsf3.S.obj</name>
      </input_file>
      <input_file id="fl-103">
         <path>E:\25DianSai\ccs\ccs\tools\compiler\ti-cgt-armllvm_4.0.3.LTS\lib\armv6m-ti-none-eabi\</path>
         <kind>archive</kind>
         <file>libclang_rt.builtins.a</file>
         <name>divdf3.S.obj</name>
      </input_file>
      <input_file id="fl-104">
         <path>E:\25DianSai\ccs\ccs\tools\compiler\ti-cgt-armllvm_4.0.3.LTS\lib\armv6m-ti-none-eabi\</path>
         <kind>archive</kind>
         <file>libclang_rt.builtins.a</file>
         <name>extendsfdf2.S.obj</name>
      </input_file>
      <input_file id="fl-105">
         <path>E:\25DianSai\ccs\ccs\tools\compiler\ti-cgt-armllvm_4.0.3.LTS\lib\armv6m-ti-none-eabi\</path>
         <kind>archive</kind>
         <file>libclang_rt.builtins.a</file>
         <name>fixdfsi.S.obj</name>
      </input_file>
      <input_file id="fl-106">
         <path>E:\25DianSai\ccs\ccs\tools\compiler\ti-cgt-armllvm_4.0.3.LTS\lib\armv6m-ti-none-eabi\</path>
         <kind>archive</kind>
         <file>libclang_rt.builtins.a</file>
         <name>fixsfsi.S.obj</name>
      </input_file>
      <input_file id="fl-107">
         <path>E:\25DianSai\ccs\ccs\tools\compiler\ti-cgt-armllvm_4.0.3.LTS\lib\armv6m-ti-none-eabi\</path>
         <kind>archive</kind>
         <file>libclang_rt.builtins.a</file>
         <name>floatsidf.S.obj</name>
      </input_file>
      <input_file id="fl-108">
         <path>E:\25DianSai\ccs\ccs\tools\compiler\ti-cgt-armllvm_4.0.3.LTS\lib\armv6m-ti-none-eabi\</path>
         <kind>archive</kind>
         <file>libclang_rt.builtins.a</file>
         <name>floatsisf.S.obj</name>
      </input_file>
      <input_file id="fl-109">
         <path>E:\25DianSai\ccs\ccs\tools\compiler\ti-cgt-armllvm_4.0.3.LTS\lib\armv6m-ti-none-eabi\</path>
         <kind>archive</kind>
         <file>libclang_rt.builtins.a</file>
         <name>floatunsisf.S.obj</name>
      </input_file>
      <input_file id="fl-10a">
         <path>E:\25DianSai\ccs\ccs\tools\compiler\ti-cgt-armllvm_4.0.3.LTS\lib\armv6m-ti-none-eabi\</path>
         <kind>archive</kind>
         <file>libclang_rt.builtins.a</file>
         <name>muldi3.S.obj</name>
      </input_file>
      <input_file id="fl-10b">
         <path>E:\25DianSai\ccs\ccs\tools\compiler\ti-cgt-armllvm_4.0.3.LTS\lib\armv6m-ti-none-eabi\</path>
         <kind>archive</kind>
         <file>libclang_rt.builtins.a</file>
         <name>truncdfsf2.S.obj</name>
      </input_file>
      <input_file id="fl-10c">
         <path>E:\25DianSai\ccs\ccs\tools\compiler\ti-cgt-armllvm_4.0.3.LTS\lib\armv6m-ti-none-eabi\</path>
         <kind>archive</kind>
         <file>libclang_rt.builtins.a</file>
         <name>aeabi_dcmp.S.obj</name>
      </input_file>
      <input_file id="fl-10d">
         <path>E:\25DianSai\ccs\ccs\tools\compiler\ti-cgt-armllvm_4.0.3.LTS\lib\armv6m-ti-none-eabi\</path>
         <kind>archive</kind>
         <file>libclang_rt.builtins.a</file>
         <name>aeabi_fcmp.S.obj</name>
      </input_file>
      <input_file id="fl-10e">
         <path>E:\25DianSai\ccs\ccs\tools\compiler\ti-cgt-armllvm_4.0.3.LTS\lib\armv6m-ti-none-eabi\</path>
         <kind>archive</kind>
         <file>libclang_rt.builtins.a</file>
         <name>aeabi_idivmod.S.obj</name>
      </input_file>
      <input_file id="fl-10f">
         <path>E:\25DianSai\ccs\ccs\tools\compiler\ti-cgt-armllvm_4.0.3.LTS\lib\armv6m-ti-none-eabi\</path>
         <kind>archive</kind>
         <file>libclang_rt.builtins.a</file>
         <name>aeabi_memcpy.S.obj</name>
      </input_file>
      <input_file id="fl-110">
         <path>E:\25DianSai\ccs\ccs\tools\compiler\ti-cgt-armllvm_4.0.3.LTS\lib\armv6m-ti-none-eabi\</path>
         <kind>archive</kind>
         <file>libclang_rt.builtins.a</file>
         <name>aeabi_memset.S.obj</name>
      </input_file>
      <input_file id="fl-111">
         <path>E:\25DianSai\ccs\ccs\tools\compiler\ti-cgt-armllvm_4.0.3.LTS\lib\armv6m-ti-none-eabi\</path>
         <kind>archive</kind>
         <file>libclang_rt.builtins.a</file>
         <name>aeabi_uidivmod.S.obj</name>
      </input_file>
      <input_file id="fl-112">
         <path>E:\25DianSai\ccs\ccs\tools\compiler\ti-cgt-armllvm_4.0.3.LTS\lib\armv6m-ti-none-eabi\</path>
         <kind>archive</kind>
         <file>libclang_rt.builtins.a</file>
         <name>aeabi_uldivmod.S.obj</name>
      </input_file>
      <input_file id="fl-113">
         <path>E:\25DianSai\ccs\ccs\tools\compiler\ti-cgt-armllvm_4.0.3.LTS\lib\armv6m-ti-none-eabi\</path>
         <kind>archive</kind>
         <file>libclang_rt.builtins.a</file>
         <name>comparesf2.S.obj</name>
      </input_file>
      <input_file id="fl-114">
         <path>E:\25DianSai\ccs\ccs\tools\compiler\ti-cgt-armllvm_4.0.3.LTS\lib\armv6m-ti-none-eabi\</path>
         <kind>archive</kind>
         <file>libclang_rt.builtins.a</file>
         <name>udivmoddi4.S.obj</name>
      </input_file>
      <input_file id="fl-115">
         <path>E:\25DianSai\ccs\ccs\tools\compiler\ti-cgt-armllvm_4.0.3.LTS\lib\armv6m-ti-none-eabi\</path>
         <kind>archive</kind>
         <file>libclang_rt.builtins.a</file>
         <name>ashldi3.S.obj</name>
      </input_file>
      <input_file id="fl-116">
         <path>E:\25DianSai\ccs\ccs\tools\compiler\ti-cgt-armllvm_4.0.3.LTS\lib\armv6m-ti-none-eabi\</path>
         <kind>archive</kind>
         <file>libclang_rt.builtins.a</file>
         <name>comparedf2.c.obj</name>
      </input_file>
      <input_file id="fl-117">
         <path>E:\25DianSai\ccs\ccs\tools\compiler\ti-cgt-armllvm_4.0.3.LTS\lib\armv6m-ti-none-eabi\</path>
         <kind>archive</kind>
         <file>libclang_rt.builtins.a</file>
         <name>aeabi_div0.c.obj</name>
      </input_file>
      <input_file id="fl-118">
         <path>E:\25DianSai\ccs\ccs\tools\compiler\ti-cgt-armllvm_4.0.3.LTS\lib\armv6m-ti-none-eabi\c\</path>
         <kind>archive</kind>
         <file>libc.a</file>
         <name>memcpy16.S.obj</name>
      </input_file>
      <input_file id="fl-119">
         <path>E:\25DianSai\ccs\ccs\tools\compiler\ti-cgt-armllvm_4.0.3.LTS\lib\armv6m-ti-none-eabi\c\</path>
         <kind>archive</kind>
         <file>libc.a</file>
         <name>memset16.S.obj</name>
      </input_file>
   </input_file_list>
   <object_component_list>
      <object_component id="oc-18">
         <name>.intvecs</name>
         <load_address>0x0</load_address>
         <readonly>true</readonly>
         <run_address>0x0</run_address>
         <size>0xc0</size>
         <alignment>0x4</alignment>
         <input_file_ref idref="fl-2"/>
      </object_component>
      <object_component id="oc-110">
         <name>.text:__TI_printfi_minimal</name>
         <load_address>0xc0</load_address>
         <readonly>true</readonly>
         <executable>true</executable>
         <run_address>0xc0</run_address>
         <size>0x284</size>
         <alignment>0x4</alignment>
         <input_file_ref idref="fl-39"/>
      </object_component>
      <object_component id="oc-155">
         <name>.text.track</name>
         <load_address>0x344</load_address>
         <readonly>true</readonly>
         <executable>true</executable>
         <run_address>0x344</run_address>
         <size>0x228</size>
         <alignment>0x2</alignment>
         <input_file_ref idref="fl-6"/>
      </object_component>
      <object_component id="oc-12d">
         <name>.text.SYSCFG_DL_GPIO_init</name>
         <load_address>0x56c</load_address>
         <readonly>true</readonly>
         <executable>true</executable>
         <run_address>0x56c</run_address>
         <size>0x1b0</size>
         <alignment>0x4</alignment>
         <input_file_ref idref="fl-1"/>
      </object_component>
      <object_component id="oc-20b">
         <name>.text.digtal</name>
         <load_address>0x71c</load_address>
         <readonly>true</readonly>
         <executable>true</executable>
         <run_address>0x71c</run_address>
         <size>0x168</size>
         <alignment>0x4</alignment>
         <input_file_ref idref="fl-6"/>
      </object_component>
      <object_component id="oc-39">
         <name>.text.GROUP1_IRQHandler</name>
         <load_address>0x884</load_address>
         <readonly>true</readonly>
         <executable>true</executable>
         <run_address>0x884</run_address>
         <size>0x124</size>
         <alignment>0x4</alignment>
         <input_file_ref idref="fl-3"/>
      </object_component>
      <object_component id="oc-95">
         <name>.text.main</name>
         <load_address>0x9a8</load_address>
         <readonly>true</readonly>
         <executable>true</executable>
         <run_address>0x9a8</run_address>
         <size>0x124</size>
         <alignment>0x4</alignment>
         <input_file_ref idref="fl-4"/>
      </object_component>
      <object_component id="oc-15a">
         <name>.text.pid_cal</name>
         <load_address>0xacc</load_address>
         <readonly>true</readonly>
         <executable>true</executable>
         <run_address>0xacc</run_address>
         <size>0x11c</size>
         <alignment>0x2</alignment>
         <input_file_ref idref="fl-8"/>
      </object_component>
      <object_component id="oc-1dd">
         <name>.text.DL_Timer_initTimerMode</name>
         <load_address>0xbe8</load_address>
         <readonly>true</readonly>
         <executable>true</executable>
         <run_address>0xbe8</run_address>
         <size>0xe8</size>
         <alignment>0x4</alignment>
         <input_file_ref idref="fl-20"/>
      </object_component>
      <object_component id="oc-e4">
         <name>.text</name>
         <load_address>0xcd0</load_address>
         <readonly>true</readonly>
         <executable>true</executable>
         <run_address>0xcd0</run_address>
         <size>0xd8</size>
         <alignment>0x4</alignment>
         <input_file_ref idref="fl-fd"/>
      </object_component>
      <object_component id="oc-f1">
         <name>.text.JY61P_GetData</name>
         <load_address>0xda8</load_address>
         <readonly>true</readonly>
         <executable>true</executable>
         <run_address>0xda8</run_address>
         <size>0xcc</size>
         <alignment>0x4</alignment>
         <input_file_ref idref="fl-a"/>
      </object_component>
      <object_component id="oc-1d5">
         <name>.text.DL_Timer_initPWMMode</name>
         <load_address>0xe74</load_address>
         <readonly>true</readonly>
         <executable>true</executable>
         <run_address>0xe74</run_address>
         <size>0xc4</size>
         <alignment>0x4</alignment>
         <input_file_ref idref="fl-20"/>
      </object_component>
      <object_component id="oc-f2">
         <name>.text.pid_control_angle</name>
         <load_address>0xf38</load_address>
         <readonly>true</readonly>
         <executable>true</executable>
         <run_address>0xf38</run_address>
         <size>0xbc</size>
         <alignment>0x4</alignment>
         <input_file_ref idref="fl-8"/>
      </object_component>
      <object_component id="oc-40">
         <name>.text.TIMA0_IRQHandler</name>
         <load_address>0xff4</load_address>
         <readonly>true</readonly>
         <executable>true</executable>
         <run_address>0xff4</run_address>
         <size>0xb8</size>
         <alignment>0x4</alignment>
         <input_file_ref idref="fl-3"/>
      </object_component>
      <object_component id="oc-139">
         <name>.text.JY901S_Read</name>
         <load_address>0x10ac</load_address>
         <readonly>true</readonly>
         <executable>true</executable>
         <run_address>0x10ac</run_address>
         <size>0x98</size>
         <alignment>0x4</alignment>
         <input_file_ref idref="fl-a"/>
      </object_component>
      <object_component id="oc-12c">
         <name>.text.SYSCFG_DL_initPower</name>
         <load_address>0x1144</load_address>
         <readonly>true</readonly>
         <executable>true</executable>
         <run_address>0x1144</run_address>
         <size>0x8c</size>
         <alignment>0x4</alignment>
         <input_file_ref idref="fl-1"/>
      </object_component>
      <object_component id="oc-13a">
         <name>.text.__mulsf3</name>
         <load_address>0x11d0</load_address>
         <readonly>true</readonly>
         <executable>true</executable>
         <run_address>0x11d0</run_address>
         <size>0x8c</size>
         <alignment>0x4</alignment>
         <input_file_ref idref="fl-101"/>
      </object_component>
      <object_component id="oc-20c">
         <name>.text.motor_target_set</name>
         <load_address>0x125c</load_address>
         <readonly>true</readonly>
         <executable>true</executable>
         <run_address>0x125c</run_address>
         <size>0x88</size>
         <alignment>0x4</alignment>
         <input_file_ref idref="fl-8"/>
      </object_component>
      <object_component id="oc-12b">
         <name>.text.__NVIC_SetPriority</name>
         <load_address>0x12e4</load_address>
         <readonly>true</readonly>
         <executable>true</executable>
         <run_address>0x12e4</run_address>
         <size>0x84</size>
         <alignment>0x4</alignment>
         <input_file_ref idref="fl-9"/>
      </object_component>
      <object_component id="oc-14f">
         <name>.text.__NVIC_SetPriority</name>
         <load_address>0x1368</load_address>
         <readonly>true</readonly>
         <executable>true</executable>
         <run_address>0x1368</run_address>
         <size>0x84</size>
         <alignment>0x4</alignment>
         <input_file_ref idref="fl-d"/>
      </object_component>
      <object_component id="oc-12f">
         <name>.text.SYSCFG_DL_PWM_motor_init</name>
         <load_address>0x13ec</load_address>
         <readonly>true</readonly>
         <executable>true</executable>
         <run_address>0x13ec</run_address>
         <size>0x80</size>
         <alignment>0x4</alignment>
         <input_file_ref idref="fl-1"/>
      </object_component>
      <object_component id="oc-1c">
         <name>.text:decompress:lzss</name>
         <load_address>0x146c</load_address>
         <readonly>true</readonly>
         <executable>true</executable>
         <run_address>0x146c</run_address>
         <size>0x7c</size>
         <alignment>0x4</alignment>
         <input_file_ref idref="fl-4d"/>
      </object_component>
      <object_component id="oc-16a">
         <name>.text.__gedf2</name>
         <load_address>0x14e8</load_address>
         <readonly>true</readonly>
         <executable>true</executable>
         <run_address>0x14e8</run_address>
         <size>0x74</size>
         <alignment>0x4</alignment>
         <input_file_ref idref="fl-116"/>
      </object_component>
      <object_component id="oc-33">
         <name>.text.Default_Handler</name>
         <load_address>0x155c</load_address>
         <readonly>true</readonly>
         <executable>true</executable>
         <run_address>0x155c</run_address>
         <size>0x4</size>
         <alignment>0x2</alignment>
         <input_file_ref idref="fl-2"/>
      </object_component>
      <object_component id="oc-16d">
         <name>.text.__truncdfsf2</name>
         <load_address>0x1560</load_address>
         <readonly>true</readonly>
         <executable>true</executable>
         <run_address>0x1560</run_address>
         <size>0x74</size>
         <alignment>0x10</alignment>
         <input_file_ref idref="fl-10b"/>
      </object_component>
      <object_component id="oc-200">
         <name>.text.MyI2C_ReceiveByte</name>
         <load_address>0x15d4</load_address>
         <readonly>true</readonly>
         <executable>true</executable>
         <run_address>0x15d4</run_address>
         <size>0x68</size>
         <alignment>0x2</alignment>
         <input_file_ref idref="fl-f"/>
      </object_component>
      <object_component id="oc-164">
         <name>.text.__ledf2</name>
         <load_address>0x163c</load_address>
         <readonly>true</readonly>
         <executable>true</executable>
         <run_address>0x163c</run_address>
         <size>0x68</size>
         <alignment>0x4</alignment>
         <input_file_ref idref="fl-116"/>
      </object_component>
      <object_component id="oc-133">
         <name>.text.SYSCFG_DL_UART_1_init</name>
         <load_address>0x16a4</load_address>
         <readonly>true</readonly>
         <executable>true</executable>
         <run_address>0x16a4</run_address>
         <size>0x64</size>
         <alignment>0x4</alignment>
         <input_file_ref idref="fl-1"/>
      </object_component>
      <object_component id="oc-ec">
         <name>.text.__aeabi_dcmp</name>
         <load_address>0x1708</load_address>
         <readonly>true</readonly>
         <executable>true</executable>
         <run_address>0x1708</run_address>
         <size>0x62</size>
         <alignment>0x4</alignment>
         <input_file_ref idref="fl-10c"/>
      </object_component>
      <object_component id="oc-134">
         <name>.text.SYSCFG_DL_SYSTICK_init</name>
         <load_address>0x176a</load_address>
         <readonly>true</readonly>
         <executable>true</executable>
         <run_address>0x176a</run_address>
         <size>0x2</size>
         <alignment>0x2</alignment>
         <input_file_ref idref="fl-1"/>
      </object_component>
      <object_component id="oc-171">
         <name>.text.__aeabi_fcmp</name>
         <load_address>0x176c</load_address>
         <readonly>true</readonly>
         <executable>true</executable>
         <run_address>0x176c</run_address>
         <size>0x62</size>
         <alignment>0x4</alignment>
         <input_file_ref idref="fl-10d"/>
      </object_component>
      <object_component id="oc-226">
         <name>.text.__aeabi_idiv0</name>
         <load_address>0x17ce</load_address>
         <readonly>true</readonly>
         <executable>true</executable>
         <run_address>0x17ce</run_address>
         <size>0x2</size>
         <alignment>0x2</alignment>
         <input_file_ref idref="fl-117"/>
      </object_component>
      <object_component id="oc-3e">
         <name>.text.UART3_IRQHandler</name>
         <load_address>0x17d0</load_address>
         <readonly>true</readonly>
         <executable>true</executable>
         <run_address>0x17d0</run_address>
         <size>0x60</size>
         <alignment>0x4</alignment>
         <input_file_ref idref="fl-3"/>
      </object_component>
      <object_component id="oc-c9">
         <name>.text.JY901S_Init</name>
         <load_address>0x1830</load_address>
         <readonly>true</readonly>
         <executable>true</executable>
         <run_address>0x1830</run_address>
         <size>0x5c</size>
         <alignment>0x4</alignment>
         <input_file_ref idref="fl-a"/>
      </object_component>
      <object_component id="oc-74">
         <name>.text.printf</name>
         <load_address>0x188c</load_address>
         <readonly>true</readonly>
         <executable>true</executable>
         <run_address>0x188c</run_address>
         <size>0x5c</size>
         <alignment>0x4</alignment>
         <input_file_ref idref="fl-38"/>
      </object_component>
      <object_component id="oc-131">
         <name>.text.SYSCFG_DL_I2C_OLED_init</name>
         <load_address>0x18e8</load_address>
         <readonly>true</readonly>
         <executable>true</executable>
         <run_address>0x18e8</run_address>
         <size>0x58</size>
         <alignment>0x4</alignment>
         <input_file_ref idref="fl-1"/>
      </object_component>
      <object_component id="oc-12a">
         <name>.text.SysTick_Config</name>
         <load_address>0x1940</load_address>
         <readonly>true</readonly>
         <executable>true</executable>
         <run_address>0x1940</run_address>
         <size>0x50</size>
         <alignment>0x4</alignment>
         <input_file_ref idref="fl-9"/>
      </object_component>
      <object_component id="oc-121">
         <name>.text.fputs</name>
         <load_address>0x1990</load_address>
         <readonly>true</readonly>
         <executable>true</executable>
         <run_address>0x1990</run_address>
         <size>0x50</size>
         <alignment>0x4</alignment>
         <input_file_ref idref="fl-e"/>
      </object_component>
      <object_component id="oc-1f3">
         <name>.text.DL_UART_setBaudRateDivisor</name>
         <load_address>0x19e0</load_address>
         <readonly>true</readonly>
         <executable>true</executable>
         <run_address>0x19e0</run_address>
         <size>0x4c</size>
         <alignment>0x4</alignment>
         <input_file_ref idref="fl-1"/>
      </object_component>
      <object_component id="oc-1fe">
         <name>.text.MyI2C_SendByte</name>
         <load_address>0x1a2c</load_address>
         <readonly>true</readonly>
         <executable>true</executable>
         <run_address>0x1a2c</run_address>
         <size>0x4c</size>
         <alignment>0x2</alignment>
         <input_file_ref idref="fl-f"/>
      </object_component>
      <object_component id="oc-1f1">
         <name>.text.DL_UART_init</name>
         <load_address>0x1a78</load_address>
         <readonly>true</readonly>
         <executable>true</executable>
         <run_address>0x1a78</run_address>
         <size>0x48</size>
         <alignment>0x4</alignment>
         <input_file_ref idref="fl-21"/>
      </object_component>
      <object_component id="oc-132">
         <name>.text.SYSCFG_DL_UART_0_init</name>
         <load_address>0x1ac0</load_address>
         <readonly>true</readonly>
         <executable>true</executable>
         <run_address>0x1ac0</run_address>
         <size>0x48</size>
         <alignment>0x4</alignment>
         <input_file_ref idref="fl-1"/>
      </object_component>
      <object_component id="oc-f0">
         <name>.text.car_stop</name>
         <load_address>0x1b08</load_address>
         <readonly>true</readonly>
         <executable>true</executable>
         <run_address>0x1b08</run_address>
         <size>0x48</size>
         <alignment>0x4</alignment>
         <input_file_ref idref="fl-4"/>
      </object_component>
      <object_component id="oc-160">
         <name>.text.motorA_duty</name>
         <load_address>0x1b50</load_address>
         <readonly>true</readonly>
         <executable>true</executable>
         <run_address>0x1b50</run_address>
         <size>0x48</size>
         <alignment>0x4</alignment>
         <input_file_ref idref="fl-7"/>
      </object_component>
      <object_component id="oc-e3">
         <name>.text.pid_control</name>
         <load_address>0x1b98</load_address>
         <readonly>true</readonly>
         <executable>true</executable>
         <run_address>0x1b98</run_address>
         <size>0x48</size>
         <alignment>0x4</alignment>
         <input_file_ref idref="fl-8"/>
      </object_component>
      <object_component id="oc-161">
         <name>.text.motorB_duty</name>
         <load_address>0x1be0</load_address>
         <readonly>true</readonly>
         <executable>true</executable>
         <run_address>0x1be0</run_address>
         <size>0x44</size>
         <alignment>0x4</alignment>
         <input_file_ref idref="fl-7"/>
      </object_component>
      <object_component id="oc-c4">
         <name>.text.SYSCFG_DL_init</name>
         <load_address>0x1c24</load_address>
         <readonly>true</readonly>
         <executable>true</executable>
         <run_address>0x1c24</run_address>
         <size>0x40</size>
         <alignment>0x4</alignment>
         <input_file_ref idref="fl-1"/>
      </object_component>
      <object_component id="oc-18b">
         <name>.text.__aeabi_uidivmod</name>
         <load_address>0x1c64</load_address>
         <readonly>true</readonly>
         <executable>true</executable>
         <run_address>0x1c64</run_address>
         <size>0x40</size>
         <alignment>0x4</alignment>
         <input_file_ref idref="fl-111"/>
      </object_component>
      <object_component id="oc-e8">
         <name>.text.__extendsfdf2</name>
         <load_address>0x1ca4</load_address>
         <readonly>true</readonly>
         <executable>true</executable>
         <run_address>0x1ca4</run_address>
         <size>0x40</size>
         <alignment>0x4</alignment>
         <input_file_ref idref="fl-104"/>
      </object_component>
      <object_component id="oc-15b">
         <name>.text.pidout_limit</name>
         <load_address>0x1ce4</load_address>
         <readonly>true</readonly>
         <executable>true</executable>
         <run_address>0x1ce4</run_address>
         <size>0x40</size>
         <alignment>0x4</alignment>
         <input_file_ref idref="fl-8"/>
      </object_component>
      <object_component id="oc-176">
         <name>.text.pidout_limit_angle</name>
         <load_address>0x1d24</load_address>
         <readonly>true</readonly>
         <executable>true</executable>
         <run_address>0x1d24</run_address>
         <size>0x40</size>
         <alignment>0x4</alignment>
         <input_file_ref idref="fl-8"/>
      </object_component>
      <object_component id="oc-1c0">
         <name>.text.DL_GPIO_initPeripheralInputFunctionFeatures</name>
         <load_address>0x1d64</load_address>
         <readonly>true</readonly>
         <executable>true</executable>
         <run_address>0x1d64</run_address>
         <size>0x3c</size>
         <alignment>0x4</alignment>
         <input_file_ref idref="fl-1"/>
      </object_component>
      <object_component id="oc-272">
         <name>.text.MyI2C_R_SDA</name>
         <load_address>0x1da0</load_address>
         <readonly>true</readonly>
         <executable>true</executable>
         <run_address>0x1da0</run_address>
         <size>0x3c</size>
         <alignment>0x4</alignment>
         <input_file_ref idref="fl-f"/>
      </object_component>
      <object_component id="oc-26f">
         <name>.text.MyI2C_W_SDA</name>
         <load_address>0x1ddc</load_address>
         <readonly>true</readonly>
         <executable>true</executable>
         <run_address>0x1ddc</run_address>
         <size>0x3c</size>
         <alignment>0x4</alignment>
         <input_file_ref idref="fl-f"/>
      </object_component>
      <object_component id="oc-7f">
         <name>.text.__floatsisf</name>
         <load_address>0x1e18</load_address>
         <readonly>true</readonly>
         <executable>true</executable>
         <run_address>0x1e18</run_address>
         <size>0x3c</size>
         <alignment>0x4</alignment>
         <input_file_ref idref="fl-108"/>
      </object_component>
      <object_component id="oc-21c">
         <name>.text.__gtsf2</name>
         <load_address>0x1e54</load_address>
         <readonly>true</readonly>
         <executable>true</executable>
         <run_address>0x1e54</run_address>
         <size>0x3c</size>
         <alignment>0x4</alignment>
         <input_file_ref idref="fl-113"/>
      </object_component>
      <object_component id="oc-fe">
         <name>.text:__TI_auto_init_nobinit_nopinit</name>
         <load_address>0x1e90</load_address>
         <readonly>true</readonly>
         <executable>true</executable>
         <run_address>0x1e90</run_address>
         <size>0x3c</size>
         <alignment>0x4</alignment>
         <input_file_ref idref="fl-48"/>
      </object_component>
      <object_component id="oc-217">
         <name>.text.__eqsf2</name>
         <load_address>0x1ecc</load_address>
         <readonly>true</readonly>
         <executable>true</executable>
         <run_address>0x1ecc</run_address>
         <size>0x3a</size>
         <alignment>0x4</alignment>
         <input_file_ref idref="fl-113"/>
      </object_component>
      <object_component id="oc-118">
         <name>.text._nop</name>
         <load_address>0x1f06</load_address>
         <readonly>true</readonly>
         <executable>true</executable>
         <run_address>0x1f06</run_address>
         <size>0x2</size>
         <alignment>0x2</alignment>
         <input_file_ref idref="fl-3e"/>
      </object_component>
      <object_component id="oc-203">
         <name>.text.__muldsi3</name>
         <load_address>0x1f08</load_address>
         <readonly>true</readonly>
         <executable>true</executable>
         <run_address>0x1f08</run_address>
         <size>0x3a</size>
         <alignment>0x4</alignment>
         <input_file_ref idref="fl-100"/>
      </object_component>
      <object_component id="oc-dd">
         <name>.text.tim_interrupt_ms_init</name>
         <load_address>0x1f42</load_address>
         <readonly>true</readonly>
         <executable>true</executable>
         <run_address>0x1f42</run_address>
         <size>0x3a</size>
         <alignment>0x2</alignment>
         <input_file_ref idref="fl-d"/>
      </object_component>
      <object_component id="oc-15c">
         <name>.text.__fixsfsi</name>
         <load_address>0x1f7c</load_address>
         <readonly>true</readonly>
         <executable>true</executable>
         <run_address>0x1f7c</run_address>
         <size>0x38</size>
         <alignment>0x4</alignment>
         <input_file_ref idref="fl-106"/>
      </object_component>
      <object_component id="oc-210">
         <name>.text.pwm_update</name>
         <load_address>0x1fb4</load_address>
         <readonly>true</readonly>
         <executable>true</executable>
         <run_address>0x1fb4</run_address>
         <size>0x38</size>
         <alignment>0x4</alignment>
         <input_file_ref idref="fl-c"/>
      </object_component>
      <object_component id="oc-29a">
         <name>.text.DL_GPIO_initDigitalInputFeatures</name>
         <load_address>0x1fec</load_address>
         <readonly>true</readonly>
         <executable>true</executable>
         <run_address>0x1fec</run_address>
         <size>0x34</size>
         <alignment>0x4</alignment>
         <input_file_ref idref="fl-f"/>
      </object_component>
      <object_component id="oc-1c4">
         <name>.text.DL_GPIO_initDigitalInputFeatures</name>
         <load_address>0x2020</load_address>
         <readonly>true</readonly>
         <executable>true</executable>
         <run_address>0x2020</run_address>
         <size>0x34</size>
         <alignment>0x4</alignment>
         <input_file_ref idref="fl-1"/>
      </object_component>
      <object_component id="oc-270">
         <name>.text.MyI2C_W_SCL</name>
         <load_address>0x2054</load_address>
         <readonly>true</readonly>
         <executable>true</executable>
         <run_address>0x2054</run_address>
         <size>0x34</size>
         <alignment>0x4</alignment>
         <input_file_ref idref="fl-f"/>
      </object_component>
      <object_component id="oc-130">
         <name>.text.SYSCFG_DL_TIMER_0_init</name>
         <load_address>0x2088</load_address>
         <readonly>true</readonly>
         <executable>true</executable>
         <run_address>0x2088</run_address>
         <size>0x34</size>
         <alignment>0x4</alignment>
         <input_file_ref idref="fl-1"/>
      </object_component>
      <object_component id="oc-1ff">
         <name>.text.MyI2C_ReceiveAck</name>
         <load_address>0x20bc</load_address>
         <readonly>true</readonly>
         <executable>true</executable>
         <run_address>0x20bc</run_address>
         <size>0x32</size>
         <alignment>0x2</alignment>
         <input_file_ref idref="fl-f"/>
      </object_component>
      <object_component id="oc-16c">
         <name>.text.gpio_set</name>
         <load_address>0x20f0</load_address>
         <readonly>true</readonly>
         <executable>true</executable>
         <run_address>0x20f0</run_address>
         <size>0x30</size>
         <alignment>0x4</alignment>
         <input_file_ref idref="fl-b"/>
      </object_component>
      <object_component id="oc-150">
         <name>.text.__NVIC_ClearPendingIRQ</name>
         <load_address>0x2120</load_address>
         <readonly>true</readonly>
         <executable>true</executable>
         <run_address>0x2120</run_address>
         <size>0x2c</size>
         <alignment>0x4</alignment>
         <input_file_ref idref="fl-d"/>
      </object_component>
      <object_component id="oc-14b">
         <name>.text.__NVIC_ClearPendingIRQ</name>
         <load_address>0x214c</load_address>
         <readonly>true</readonly>
         <executable>true</executable>
         <run_address>0x214c</run_address>
         <size>0x2c</size>
         <alignment>0x4</alignment>
         <input_file_ref idref="fl-e"/>
      </object_component>
      <object_component id="oc-151">
         <name>.text.__NVIC_EnableIRQ</name>
         <load_address>0x2178</load_address>
         <readonly>true</readonly>
         <executable>true</executable>
         <run_address>0x2178</run_address>
         <size>0x2c</size>
         <alignment>0x4</alignment>
         <input_file_ref idref="fl-d"/>
      </object_component>
      <object_component id="oc-14c">
         <name>.text.__NVIC_EnableIRQ</name>
         <load_address>0x21a4</load_address>
         <readonly>true</readonly>
         <executable>true</executable>
         <run_address>0x21a4</run_address>
         <size>0x2c</size>
         <alignment>0x4</alignment>
         <input_file_ref idref="fl-e"/>
      </object_component>
      <object_component id="oc-149">
         <name>.text.__NVIC_EnableIRQ</name>
         <load_address>0x21d0</load_address>
         <readonly>true</readonly>
         <executable>true</executable>
         <run_address>0x21d0</run_address>
         <size>0x2c</size>
         <alignment>0x4</alignment>
         <input_file_ref idref="fl-7"/>
      </object_component>
      <object_component id="oc-d6">
         <name>.text.pid_init</name>
         <load_address>0x21fc</load_address>
         <readonly>true</readonly>
         <executable>true</executable>
         <run_address>0x21fc</run_address>
         <size>0x2a</size>
         <alignment>0x2</alignment>
         <input_file_ref idref="fl-8"/>
      </object_component>
      <object_component id="oc-269">
         <name>.text.DL_Common_updateReg</name>
         <load_address>0x2226</load_address>
         <readonly>true</readonly>
         <executable>true</executable>
         <run_address>0x2226</run_address>
         <size>0x28</size>
         <alignment>0x2</alignment>
         <input_file_ref idref="fl-1"/>
      </object_component>
      <object_component id="oc-1ec">
         <name>.text.DL_I2C_setControllerRXFIFOThreshold</name>
         <load_address>0x2250</load_address>
         <readonly>true</readonly>
         <executable>true</executable>
         <run_address>0x2250</run_address>
         <size>0x28</size>
         <alignment>0x4</alignment>
         <input_file_ref idref="fl-1"/>
      </object_component>
      <object_component id="oc-1eb">
         <name>.text.DL_I2C_setControllerTXFIFOThreshold</name>
         <load_address>0x2278</load_address>
         <readonly>true</readonly>
         <executable>true</executable>
         <run_address>0x2278</run_address>
         <size>0x28</size>
         <alignment>0x4</alignment>
         <input_file_ref idref="fl-1"/>
      </object_component>
      <object_component id="oc-1f9">
         <name>.text.DL_UART_setRXFIFOThreshold</name>
         <load_address>0x22a0</load_address>
         <readonly>true</readonly>
         <executable>true</executable>
         <run_address>0x22a0</run_address>
         <size>0x28</size>
         <alignment>0x4</alignment>
         <input_file_ref idref="fl-1"/>
      </object_component>
      <object_component id="oc-1fa">
         <name>.text.DL_UART_setTXFIFOThreshold</name>
         <load_address>0x22c8</load_address>
         <readonly>true</readonly>
         <executable>true</executable>
         <run_address>0x22c8</run_address>
         <size>0x28</size>
         <alignment>0x4</alignment>
         <input_file_ref idref="fl-1"/>
      </object_component>
      <object_component id="oc-1fd">
         <name>.text.MyI2C_Start</name>
         <load_address>0x22f0</load_address>
         <readonly>true</readonly>
         <executable>true</executable>
         <run_address>0x22f0</run_address>
         <size>0x28</size>
         <alignment>0x2</alignment>
         <input_file_ref idref="fl-f"/>
      </object_component>
      <object_component id="oc-26e">
         <name>.text.SDA_OUT</name>
         <load_address>0x2318</load_address>
         <readonly>true</readonly>
         <executable>true</executable>
         <run_address>0x2318</run_address>
         <size>0x28</size>
         <alignment>0x4</alignment>
         <input_file_ref idref="fl-f"/>
      </object_component>
      <object_component id="oc-274">
         <name>.text.__floatunsisf</name>
         <load_address>0x2340</load_address>
         <readonly>true</readonly>
         <executable>true</executable>
         <run_address>0x2340</run_address>
         <size>0x28</size>
         <alignment>0x4</alignment>
         <input_file_ref idref="fl-109"/>
      </object_component>
      <object_component id="oc-5c">
         <name>.text:_c_int00_noargs</name>
         <load_address>0x2368</load_address>
         <readonly>true</readonly>
         <executable>true</executable>
         <run_address>0x2368</run_address>
         <size>0x28</size>
         <alignment>0x4</alignment>
         <input_file_ref idref="fl-46"/>
      </object_component>
      <object_component id="oc-1e7">
         <name>.text.DL_I2C_setAnalogGlitchFilterPulseWidth</name>
         <load_address>0x2390</load_address>
         <readonly>true</readonly>
         <executable>true</executable>
         <run_address>0x2390</run_address>
         <size>0x26</size>
         <alignment>0x2</alignment>
         <input_file_ref idref="fl-1"/>
      </object_component>
      <object_component id="oc-1e1">
         <name>.text.DL_I2C_setClockConfig</name>
         <load_address>0x23b6</load_address>
         <readonly>true</readonly>
         <executable>true</executable>
         <run_address>0x23b6</run_address>
         <size>0x26</size>
         <alignment>0x2</alignment>
         <input_file_ref idref="fl-1f"/>
      </object_component>
      <object_component id="oc-201">
         <name>.text.MyI2C_SendAck</name>
         <load_address>0x23dc</load_address>
         <readonly>true</readonly>
         <executable>true</executable>
         <run_address>0x23dc</run_address>
         <size>0x26</size>
         <alignment>0x2</alignment>
         <input_file_ref idref="fl-f"/>
      </object_component>
      <object_component id="oc-ce">
         <name>.text.Delay_us</name>
         <load_address>0x2402</load_address>
         <readonly>true</readonly>
         <executable>true</executable>
         <run_address>0x2402</run_address>
         <size>0x24</size>
         <alignment>0x2</alignment>
         <input_file_ref idref="fl-f"/>
      </object_component>
      <object_component id="oc-e2">
         <name>.text.delay_ms</name>
         <load_address>0x2426</load_address>
         <readonly>true</readonly>
         <executable>true</executable>
         <run_address>0x2426</run_address>
         <size>0x24</size>
         <alignment>0x2</alignment>
         <input_file_ref idref="fl-9"/>
      </object_component>
      <object_component id="oc-d8">
         <name>.text.uart_init</name>
         <load_address>0x244a</load_address>
         <readonly>true</readonly>
         <executable>true</executable>
         <run_address>0x244a</run_address>
         <size>0x24</size>
         <alignment>0x2</alignment>
         <input_file_ref idref="fl-e"/>
      </object_component>
      <object_component id="oc-12e">
         <name>.text.SYSCFG_DL_SYSCTL_init</name>
         <load_address>0x246e</load_address>
         <readonly>true</readonly>
         <executable>true</executable>
         <run_address>0x246e</run_address>
         <size>0x22</size>
         <alignment>0x2</alignment>
         <input_file_ref idref="fl-1"/>
      </object_component>
      <object_component id="oc-186">
         <name>.text.memccpy</name>
         <load_address>0x2490</load_address>
         <readonly>true</readonly>
         <executable>true</executable>
         <run_address>0x2490</run_address>
         <size>0x22</size>
         <alignment>0x2</alignment>
         <input_file_ref idref="fl-43"/>
      </object_component>
      <object_component id="oc-1c2">
         <name>.text.DL_GPIO_initPeripheralInputFunction</name>
         <load_address>0x24b4</load_address>
         <readonly>true</readonly>
         <executable>true</executable>
         <run_address>0x24b4</run_address>
         <size>0x20</size>
         <alignment>0x4</alignment>
         <input_file_ref idref="fl-1"/>
      </object_component>
      <object_component id="oc-1af">
         <name>.text.DL_UART_transmitDataBlocking</name>
         <load_address>0x24d4</load_address>
         <readonly>true</readonly>
         <executable>true</executable>
         <run_address>0x24d4</run_address>
         <size>0x20</size>
         <alignment>0x4</alignment>
         <input_file_ref idref="fl-21"/>
      </object_component>
      <object_component id="oc-202">
         <name>.text.MyI2C_Stop</name>
         <load_address>0x24f4</load_address>
         <readonly>true</readonly>
         <executable>true</executable>
         <run_address>0x24f4</run_address>
         <size>0x20</size>
         <alignment>0x2</alignment>
         <input_file_ref idref="fl-f"/>
      </object_component>
      <object_component id="oc-1f2">
         <name>.text.DL_UART_setOversampling</name>
         <load_address>0x2514</load_address>
         <readonly>true</readonly>
         <executable>true</executable>
         <run_address>0x2514</run_address>
         <size>0x1e</size>
         <alignment>0x2</alignment>
         <input_file_ref idref="fl-1"/>
      </object_component>
      <object_component id="oc-6c">
         <name>.text.DL_GPIO_clearInterruptStatus</name>
         <load_address>0x2534</load_address>
         <readonly>true</readonly>
         <executable>true</executable>
         <run_address>0x2534</run_address>
         <size>0x1c</size>
         <alignment>0x4</alignment>
         <input_file_ref idref="fl-3"/>
      </object_component>
      <object_component id="oc-1c9">
         <name>.text.DL_GPIO_clearInterruptStatus</name>
         <load_address>0x2550</load_address>
         <readonly>true</readonly>
         <executable>true</executable>
         <run_address>0x2550</run_address>
         <size>0x1c</size>
         <alignment>0x4</alignment>
         <input_file_ref idref="fl-1"/>
      </object_component>
      <object_component id="oc-1c1">
         <name>.text.DL_GPIO_enableHiZ</name>
         <load_address>0x256c</load_address>
         <readonly>true</readonly>
         <executable>true</executable>
         <run_address>0x256c</run_address>
         <size>0x1c</size>
         <alignment>0x4</alignment>
         <input_file_ref idref="fl-1"/>
      </object_component>
      <object_component id="oc-1ca">
         <name>.text.DL_GPIO_enableInterrupt</name>
         <load_address>0x2588</load_address>
         <readonly>true</readonly>
         <executable>true</executable>
         <run_address>0x2588</run_address>
         <size>0x1c</size>
         <alignment>0x4</alignment>
         <input_file_ref idref="fl-1"/>
      </object_component>
      <object_component id="oc-1c5">
         <name>.text.DL_GPIO_initDigitalInput</name>
         <load_address>0x25a4</load_address>
         <readonly>true</readonly>
         <executable>true</executable>
         <run_address>0x25a4</run_address>
         <size>0x1c</size>
         <alignment>0x4</alignment>
         <input_file_ref idref="fl-1"/>
      </object_component>
      <object_component id="oc-1be">
         <name>.text.DL_GPIO_initPeripheralOutputFunction</name>
         <load_address>0x25c0</load_address>
         <readonly>true</readonly>
         <executable>true</executable>
         <run_address>0x25c0</run_address>
         <size>0x1c</size>
         <alignment>0x4</alignment>
         <input_file_ref idref="fl-1"/>
      </object_component>
      <object_component id="oc-1c7">
         <name>.text.DL_GPIO_setLowerPinsPolarity</name>
         <load_address>0x25dc</load_address>
         <readonly>true</readonly>
         <executable>true</executable>
         <run_address>0x25dc</run_address>
         <size>0x1c</size>
         <alignment>0x4</alignment>
         <input_file_ref idref="fl-1"/>
      </object_component>
      <object_component id="oc-1ce">
         <name>.text.DL_SYSCTL_setMCLKDivider</name>
         <load_address>0x25f8</load_address>
         <readonly>true</readonly>
         <executable>true</executable>
         <run_address>0x25f8</run_address>
         <size>0x1c</size>
         <alignment>0x4</alignment>
         <input_file_ref idref="fl-1"/>
      </object_component>
      <object_component id="oc-1cc">
         <name>.text.DL_SYSCTL_setSYSOSCFreq</name>
         <load_address>0x2614</load_address>
         <readonly>true</readonly>
         <executable>true</executable>
         <run_address>0x2614</run_address>
         <size>0x1c</size>
         <alignment>0x4</alignment>
         <input_file_ref idref="fl-1"/>
      </object_component>
      <object_component id="oc-1cd">
         <name>.text.DL_SYSCTL_setULPCLKDivider</name>
         <load_address>0x2630</load_address>
         <readonly>true</readonly>
         <executable>true</executable>
         <run_address>0x2630</run_address>
         <size>0x1c</size>
         <alignment>0x4</alignment>
         <input_file_ref idref="fl-1"/>
      </object_component>
      <object_component id="oc-1de">
         <name>.text.DL_Timer_enableInterrupt</name>
         <load_address>0x264c</load_address>
         <readonly>true</readonly>
         <executable>true</executable>
         <run_address>0x264c</run_address>
         <size>0x1c</size>
         <alignment>0x4</alignment>
         <input_file_ref idref="fl-1"/>
      </object_component>
      <object_component id="oc-1d8">
         <name>.text.DL_Timer_setCaptCompUpdateMethod</name>
         <load_address>0x2668</load_address>
         <readonly>true</readonly>
         <executable>true</executable>
         <run_address>0x2668</run_address>
         <size>0x1c</size>
         <alignment>0x4</alignment>
         <input_file_ref idref="fl-20"/>
      </object_component>
      <object_component id="oc-1cf">
         <name>.text.DL_Timer_setClockConfig</name>
         <load_address>0x2684</load_address>
         <readonly>true</readonly>
         <executable>true</executable>
         <run_address>0x2684</run_address>
         <size>0x1c</size>
         <alignment>0x4</alignment>
         <input_file_ref idref="fl-20"/>
      </object_component>
      <object_component id="oc-1f4">
         <name>.text.DL_UART_enableInterrupt</name>
         <load_address>0x26a0</load_address>
         <readonly>true</readonly>
         <executable>true</executable>
         <run_address>0x26a0</run_address>
         <size>0x1c</size>
         <alignment>0x4</alignment>
         <input_file_ref idref="fl-1"/>
      </object_component>
      <object_component id="oc-122">
         <name>.text.fputc</name>
         <load_address>0x26bc</load_address>
         <readonly>true</readonly>
         <executable>true</executable>
         <run_address>0x26bc</run_address>
         <size>0x1c</size>
         <alignment>0x4</alignment>
         <input_file_ref idref="fl-e"/>
      </object_component>
      <object_component id="oc-298">
         <name>.text.DL_GPIO_enableOutput</name>
         <load_address>0x26d8</load_address>
         <readonly>true</readonly>
         <executable>true</executable>
         <run_address>0x26d8</run_address>
         <size>0x18</size>
         <alignment>0x4</alignment>
         <input_file_ref idref="fl-f"/>
      </object_component>
      <object_component id="oc-1bf">
         <name>.text.DL_GPIO_enableOutput</name>
         <load_address>0x26f0</load_address>
         <readonly>true</readonly>
         <executable>true</executable>
         <run_address>0x26f0</run_address>
         <size>0x18</size>
         <alignment>0x4</alignment>
         <input_file_ref idref="fl-1"/>
      </object_component>
      <object_component id="oc-1ba">
         <name>.text.DL_GPIO_enablePower</name>
         <load_address>0x2708</load_address>
         <readonly>true</readonly>
         <executable>true</executable>
         <run_address>0x2708</run_address>
         <size>0x18</size>
         <alignment>0x4</alignment>
         <input_file_ref idref="fl-1"/>
      </object_component>
      <object_component id="oc-66">
         <name>.text.DL_GPIO_getEnabledInterruptStatus</name>
         <load_address>0x2720</load_address>
         <readonly>true</readonly>
         <executable>true</executable>
         <run_address>0x2720</run_address>
         <size>0x18</size>
         <alignment>0x4</alignment>
         <input_file_ref idref="fl-3"/>
      </object_component>
      <object_component id="oc-296">
         <name>.text.DL_GPIO_initDigitalOutput</name>
         <load_address>0x2738</load_address>
         <readonly>true</readonly>
         <executable>true</executable>
         <run_address>0x2738</run_address>
         <size>0x18</size>
         <alignment>0x4</alignment>
         <input_file_ref idref="fl-f"/>
      </object_component>
      <object_component id="oc-1c3">
         <name>.text.DL_GPIO_initDigitalOutput</name>
         <load_address>0x2750</load_address>
         <readonly>true</readonly>
         <executable>true</executable>
         <run_address>0x2750</run_address>
         <size>0x18</size>
         <alignment>0x4</alignment>
         <input_file_ref idref="fl-1"/>
      </object_component>
      <object_component id="oc-1b6">
         <name>.text.DL_GPIO_reset</name>
         <load_address>0x2768</load_address>
         <readonly>true</readonly>
         <executable>true</executable>
         <run_address>0x2768</run_address>
         <size>0x18</size>
         <alignment>0x4</alignment>
         <input_file_ref idref="fl-1"/>
      </object_component>
      <object_component id="oc-297">
         <name>.text.DL_GPIO_setPins</name>
         <load_address>0x2780</load_address>
         <readonly>true</readonly>
         <executable>true</executable>
         <run_address>0x2780</run_address>
         <size>0x18</size>
         <alignment>0x4</alignment>
         <input_file_ref idref="fl-f"/>
      </object_component>
      <object_component id="oc-1c8">
         <name>.text.DL_GPIO_setUpperPinsPolarity</name>
         <load_address>0x2798</load_address>
         <readonly>true</readonly>
         <executable>true</executable>
         <run_address>0x2798</run_address>
         <size>0x18</size>
         <alignment>0x2</alignment>
         <input_file_ref idref="fl-1"/>
      </object_component>
      <object_component id="oc-1e8">
         <name>.text.DL_I2C_enableAnalogGlitchFilter</name>
         <load_address>0x27b0</load_address>
         <readonly>true</readonly>
         <executable>true</executable>
         <run_address>0x27b0</run_address>
         <size>0x18</size>
         <alignment>0x2</alignment>
         <input_file_ref idref="fl-1"/>
      </object_component>
      <object_component id="oc-1ee">
         <name>.text.DL_I2C_enableController</name>
         <load_address>0x27c8</load_address>
         <readonly>true</readonly>
         <executable>true</executable>
         <run_address>0x27c8</run_address>
         <size>0x18</size>
         <alignment>0x4</alignment>
         <input_file_ref idref="fl-1"/>
      </object_component>
      <object_component id="oc-1ed">
         <name>.text.DL_I2C_enableControllerClockStretching</name>
         <load_address>0x27e0</load_address>
         <readonly>true</readonly>
         <executable>true</executable>
         <run_address>0x27e0</run_address>
         <size>0x18</size>
         <alignment>0x4</alignment>
         <input_file_ref idref="fl-1"/>
      </object_component>
      <object_component id="oc-1bc">
         <name>.text.DL_I2C_enablePower</name>
         <load_address>0x27f8</load_address>
         <readonly>true</readonly>
         <executable>true</executable>
         <run_address>0x27f8</run_address>
         <size>0x18</size>
         <alignment>0x4</alignment>
         <input_file_ref idref="fl-1"/>
      </object_component>
      <object_component id="oc-1b8">
         <name>.text.DL_I2C_reset</name>
         <load_address>0x2810</load_address>
         <readonly>true</readonly>
         <executable>true</executable>
         <run_address>0x2810</run_address>
         <size>0x18</size>
         <alignment>0x4</alignment>
         <input_file_ref idref="fl-1"/>
      </object_component>
      <object_component id="oc-1ea">
         <name>.text.DL_I2C_setTimerPeriod</name>
         <load_address>0x2828</load_address>
         <readonly>true</readonly>
         <executable>true</executable>
         <run_address>0x2828</run_address>
         <size>0x18</size>
         <alignment>0x4</alignment>
         <input_file_ref idref="fl-1"/>
      </object_component>
      <object_component id="oc-1cb">
         <name>.text.DL_SYSCTL_setBORThreshold</name>
         <load_address>0x2840</load_address>
         <readonly>true</readonly>
         <executable>true</executable>
         <run_address>0x2840</run_address>
         <size>0x18</size>
         <alignment>0x4</alignment>
         <input_file_ref idref="fl-1"/>
      </object_component>
      <object_component id="oc-1bb">
         <name>.text.DL_Timer_enablePower</name>
         <load_address>0x2858</load_address>
         <readonly>true</readonly>
         <executable>true</executable>
         <run_address>0x2858</run_address>
         <size>0x18</size>
         <alignment>0x4</alignment>
         <input_file_ref idref="fl-1"/>
      </object_component>
      <object_component id="oc-1b7">
         <name>.text.DL_Timer_reset</name>
         <load_address>0x2870</load_address>
         <readonly>true</readonly>
         <executable>true</executable>
         <run_address>0x2870</run_address>
         <size>0x18</size>
         <alignment>0x4</alignment>
         <input_file_ref idref="fl-1"/>
      </object_component>
      <object_component id="oc-1d7">
         <name>.text.DL_Timer_setCaptureCompareOutCtl</name>
         <load_address>0x2888</load_address>
         <readonly>true</readonly>
         <executable>true</executable>
         <run_address>0x2888</run_address>
         <size>0x18</size>
         <alignment>0x4</alignment>
         <input_file_ref idref="fl-20"/>
      </object_component>
      <object_component id="oc-152">
         <name>.text.DL_Timer_startCounter</name>
         <load_address>0x28a0</load_address>
         <readonly>true</readonly>
         <executable>true</executable>
         <run_address>0x28a0</run_address>
         <size>0x18</size>
         <alignment>0x4</alignment>
         <input_file_ref idref="fl-d"/>
      </object_component>
      <object_component id="oc-14a">
         <name>.text.DL_Timer_startCounter</name>
         <load_address>0x28b8</load_address>
         <readonly>true</readonly>
         <executable>true</executable>
         <run_address>0x28b8</run_address>
         <size>0x18</size>
         <alignment>0x4</alignment>
         <input_file_ref idref="fl-7"/>
      </object_component>
      <object_component id="oc-7a">
         <name>.text.DL_UART_clearInterruptStatus</name>
         <load_address>0x28d0</load_address>
         <readonly>true</readonly>
         <executable>true</executable>
         <run_address>0x28d0</run_address>
         <size>0x18</size>
         <alignment>0x4</alignment>
         <input_file_ref idref="fl-3"/>
      </object_component>
      <object_component id="oc-1f8">
         <name>.text.DL_UART_enableFIFOs</name>
         <load_address>0x28e8</load_address>
         <readonly>true</readonly>
         <executable>true</executable>
         <run_address>0x28e8</run_address>
         <size>0x18</size>
         <alignment>0x2</alignment>
         <input_file_ref idref="fl-1"/>
      </object_component>
      <object_component id="oc-1bd">
         <name>.text.DL_UART_enablePower</name>
         <load_address>0x2900</load_address>
         <readonly>true</readonly>
         <executable>true</executable>
         <run_address>0x2900</run_address>
         <size>0x18</size>
         <alignment>0x4</alignment>
         <input_file_ref idref="fl-1"/>
      </object_component>
      <object_component id="oc-1b9">
         <name>.text.DL_UART_reset</name>
         <load_address>0x2918</load_address>
         <readonly>true</readonly>
         <executable>true</executable>
         <run_address>0x2918</run_address>
         <size>0x18</size>
         <alignment>0x4</alignment>
         <input_file_ref idref="fl-1"/>
      </object_component>
      <object_component id="oc-3f">
         <name>.text.UART0_IRQHandler</name>
         <load_address>0x2930</load_address>
         <readonly>true</readonly>
         <executable>true</executable>
         <run_address>0x2930</run_address>
         <size>0x18</size>
         <alignment>0x4</alignment>
         <input_file_ref idref="fl-3"/>
      </object_component>
      <object_component id="oc-29b">
         <name>.text.DL_GPIO_readPins</name>
         <load_address>0x2948</load_address>
         <readonly>true</readonly>
         <executable>true</executable>
         <run_address>0x2948</run_address>
         <size>0x16</size>
         <alignment>0x2</alignment>
         <input_file_ref idref="fl-f"/>
      </object_component>
      <object_component id="oc-1f5">
         <name>.text.DL_UART_enable</name>
         <load_address>0x295e</load_address>
         <readonly>true</readonly>
         <executable>true</executable>
         <run_address>0x295e</run_address>
         <size>0x16</size>
         <alignment>0x2</alignment>
         <input_file_ref idref="fl-1"/>
      </object_component>
      <object_component id="oc-271">
         <name>.text.SDA_IN</name>
         <load_address>0x2974</load_address>
         <readonly>true</readonly>
         <executable>true</executable>
         <run_address>0x2974</run_address>
         <size>0x16</size>
         <alignment>0x2</alignment>
         <input_file_ref idref="fl-f"/>
      </object_component>
      <object_component id="oc-c3">
         <name>.text.SysTick_Init</name>
         <load_address>0x298a</load_address>
         <readonly>true</readonly>
         <executable>true</executable>
         <run_address>0x298a</run_address>
         <size>0x16</size>
         <alignment>0x2</alignment>
         <input_file_ref idref="fl-9"/>
      </object_component>
      <object_component id="oc-67">
         <name>.text.gpio_get</name>
         <load_address>0x29a0</load_address>
         <readonly>true</readonly>
         <executable>true</executable>
         <run_address>0x29a0</run_address>
         <size>0x16</size>
         <alignment>0x2</alignment>
         <input_file_ref idref="fl-b"/>
      </object_component>
      <object_component id="oc-53">
         <name>.text:decompress:ZI:__TI_zero_init_nomemset</name>
         <load_address>0x29b6</load_address>
         <readonly>true</readonly>
         <executable>true</executable>
         <run_address>0x29b6</run_address>
         <size>0x16</size>
         <alignment>0x2</alignment>
         <input_file_ref idref="fl-4b"/>
      </object_component>
      <object_component id="oc-299">
         <name>.text.DL_GPIO_clearPins</name>
         <load_address>0x29cc</load_address>
         <readonly>true</readonly>
         <executable>true</executable>
         <run_address>0x29cc</run_address>
         <size>0x14</size>
         <alignment>0x2</alignment>
         <input_file_ref idref="fl-f"/>
      </object_component>
      <object_component id="oc-1c6">
         <name>.text.DL_GPIO_clearPins</name>
         <load_address>0x29e0</load_address>
         <readonly>true</readonly>
         <executable>true</executable>
[...]
         <value>0x125d</value>
         <object_component_ref idref="oc-20c"/>
      </symbol>
      <symbol id="sm-1c8">
         <name>motorA</name>
         <value>0x202000f0</value>
      </symbol>
      <symbol id="sm-1c9">
         <name>motorB</name>
         <value>0x20200124</value>
      </symbol>
      <symbol id="sm-1ca">
         <name>pid_cal</name>
         <value>0xacd</value>
         <object_component_ref idref="oc-15a"/>
      </symbol>
      <symbol id="sm-1cb">
         <name>pidout_limit</name>
         <value>0x1ce5</value>
         <object_component_ref idref="oc-15b"/>
      </symbol>
      <symbol id="sm-1cc">
         <name>pid_control</name>
         <value>0x1b99</value>
         <object_component_ref idref="oc-e3"/>
      </symbol>
      <symbol id="sm-1cd">
         <name>pid_control_angle</name>
         <value>0xf39</value>
         <object_component_ref idref="oc-f2"/>
      </symbol>
      <symbol id="sm-1ce">
         <name>pidout_limit_angle</name>
         <value>0x1d25</value>
         <object_component_ref idref="oc-176"/>
      </symbol>
      <symbol id="sm-1cf">
         <name>angle</name>
         <value>0x202000bc</value>
      </symbol>
      <symbol id="sm-1e5">
         <name>delay_ms</name>
         <value>0x2427</value>
         <object_component_ref idref="oc-e2"/>
      </symbol>
      <symbol id="sm-1e6">
         <name>tick_ms</name>
         <value>0x20200190</value>
      </symbol>
      <symbol id="sm-1e7">
         <name>SysTick_Init</name>
         <value>0x298b</value>
         <object_component_ref idref="oc-c3"/>
      </symbol>
      <symbol id="sm-1e8">
         <name>SysTick_Handler</name>
         <value>0x2ab1</value>
         <object_component_ref idref="oc-34"/>
      </symbol>
      <symbol id="sm-1f8">
         <name>JY901S_Read</name>
         <value>0x10ad</value>
         <object_component_ref idref="oc-139"/>
      </symbol>
      <symbol id="sm-1f9">
         <name>yaw_gyro</name>
         <value>0x20200198</value>
      </symbol>
      <symbol id="sm-1fa">
         <name>JY901S_Init</name>
         <value>0x1831</value>
         <object_component_ref idref="oc-c9"/>
      </symbol>
      <symbol id="sm-1fb">
         <name>last_yaw</name>
         <value>0x2020018c</value>
      </symbol>
      <symbol id="sm-1fc">
         <name>yaw</name>
         <value>0x20200194</value>
      </symbol>
      <symbol id="sm-1fd">
         <name>yaw_o</name>
         <value>0x2020019c</value>
      </symbol>
      <symbol id="sm-1fe">
         <name>JY61P_GetData</name>
         <value>0xda9</value>
         <object_component_ref idref="oc-f1"/>
      </symbol>
      <symbol id="sm-1ff">
         <name>error</name>
         <value>0x20200188</value>
      </symbol>
      <symbol id="sm-20b">
         <name>gpio_get</name>
         <value>0x29a1</value>
         <object_component_ref idref="oc-67"/>
      </symbol>
      <symbol id="sm-20c">
         <name>gpio_set</name>
         <value>0x20f1</value>
         <object_component_ref idref="oc-16c"/>
      </symbol>
      <symbol id="sm-215">
         <name>pwm_update</name>
         <value>0x1fb5</value>
         <object_component_ref idref="oc-210"/>
      </symbol>
      <symbol id="sm-22e">
         <name>tim_interrupt_ms_init</name>
         <value>0x1f43</value>
         <object_component_ref idref="oc-dd"/>
      </symbol>
      <symbol id="sm-245">
         <name>fputc</name>
         <value>0x26bd</value>
         <object_component_ref idref="oc-122"/>
      </symbol>
      <symbol id="sm-246">
         <name>fputs</name>
         <value>0x1991</value>
         <object_component_ref idref="oc-121"/>
      </symbol>
      <symbol id="sm-247">
         <name>uart_init</name>
         <value>0x244b</value>
         <object_component_ref idref="oc-d8"/>
      </symbol>
      <symbol id="sm-280">
         <name>SDA_OUT</name>
         <value>0x2319</value>
         <object_component_ref idref="oc-26e"/>
      </symbol>
      <symbol id="sm-281">
         <name>SDA_IN</name>
         <value>0x2975</value>
         <object_component_ref idref="oc-271"/>
      </symbol>
      <symbol id="sm-282">
         <name>Delay_us</name>
         <value>0x2403</value>
         <object_component_ref idref="oc-ce"/>
      </symbol>
      <symbol id="sm-283">
         <name>MyI2C_W_SCL</name>
         <value>0x2055</value>
         <object_component_ref idref="oc-270"/>
      </symbol>
      <symbol id="sm-284">
         <name>MyI2C_W_SDA</name>
         <value>0x1ddd</value>
         <object_component_ref idref="oc-26f"/>
      </symbol>
      <symbol id="sm-285">
         <name>MyI2C_R_SDA</name>
         <value>0x1da1</value>
         <object_component_ref idref="oc-272"/>
      </symbol>
      <symbol id="sm-286">
         <name>MyI2C_Start</name>
         <value>0x22f1</value>
         <object_component_ref idref="oc-1fd"/>
      </symbol>
      <symbol id="sm-287">
         <name>MyI2C_Stop</name>
         <value>0x24f5</value>
         <object_component_ref idref="oc-202"/>
      </symbol>
      <symbol id="sm-288">
         <name>MyI2C_SendByte</name>
         <value>0x1a2d</value>
         <object_component_ref idref="oc-1fe"/>
      </symbol>
      <symbol id="sm-289">
         <name>MyI2C_ReceiveByte</name>
         <value>0x15d5</value>
         <object_component_ref idref="oc-200"/>
      </symbol>
      <symbol id="sm-28a">
         <name>MyI2C_SendAck</name>
         <value>0x23dd</value>
         <object_component_ref idref="oc-201"/>
      </symbol>
      <symbol id="sm-28b">
         <name>MyI2C_ReceiveAck</name>
         <value>0x20bd</value>
         <object_component_ref idref="oc-1ff"/>
      </symbol>
      <symbol id="sm-28d">
         <name>__TI_ATRegion0_src_addr</name>
         <value>0x0</value>
      </symbol>
      <symbol id="sm-28e">
         <name>__TI_ATRegion0_trg_addr</name>
         <value>0x0</value>
      </symbol>
      <symbol id="sm-28f">
         <name>__TI_ATRegion0_region_sz</name>
         <value>0x0</value>
      </symbol>
      <symbol id="sm-290">
         <name>__TI_ATRegion1_src_addr</name>
         <value>0x0</value>
      </symbol>
      <symbol id="sm-291">
         <name>__TI_ATRegion1_trg_addr</name>
         <value>0x0</value>
      </symbol>
      <symbol id="sm-292">
         <name>__TI_ATRegion1_region_sz</name>
         <value>0x0</value>
      </symbol>
      <symbol id="sm-293">
         <name>__TI_ATRegion2_src_addr</name>
         <value>0x0</value>
      </symbol>
      <symbol id="sm-294">
         <name>__TI_ATRegion2_trg_addr</name>
         <value>0x0</value>
      </symbol>
      <symbol id="sm-295">
         <name>__TI_ATRegion2_region_sz</name>
         <value>0x0</value>
      </symbol>
      <symbol id="sm-29e">
         <name>DL_Common_delayCycles</name>
         <value>0x2b09</value>
         <object_component_ref idref="oc-143"/>
      </symbol>
      <symbol id="sm-2a8">
         <name>DL_I2C_setClockConfig</name>
         <value>0x23b7</value>
         <object_component_ref idref="oc-1e1"/>
      </symbol>
      <symbol id="sm-2c4">
         <name>DL_Timer_setClockConfig</name>
         <value>0x2685</value>
         <object_component_ref idref="oc-1cf"/>
      </symbol>
      <symbol id="sm-2c5">
         <name>DL_Timer_initTimerMode</name>
         <value>0xbe9</value>
         <object_component_ref idref="oc-1dd"/>
      </symbol>
      <symbol id="sm-2c6">
         <name>DL_Timer_setCaptureCompareValue</name>
         <value>0x2aa1</value>
         <object_component_ref idref="oc-1d6"/>
      </symbol>
      <symbol id="sm-2c7">
         <name>DL_Timer_initPWMMode</name>
         <value>0xe75</value>
         <object_component_ref idref="oc-1d5"/>
      </symbol>
      <symbol id="sm-2c8">
         <name>DL_Timer_setCaptureCompareOutCtl</name>
         <value>0x2889</value>
         <object_component_ref idref="oc-1d7"/>
      </symbol>
      <symbol id="sm-2c9">
         <name>DL_Timer_setCaptCompUpdateMethod</name>
         <value>0x2669</value>
         <object_component_ref idref="oc-1d8"/>
      </symbol>
      <symbol id="sm-2d9">
         <name>DL_UART_init</name>
         <value>0x1a79</value>
         <object_component_ref idref="oc-1f1"/>
      </symbol>
      <symbol id="sm-2da">
         <name>DL_UART_setClockConfig</name>
         <value>0x2a69</value>
         <object_component_ref idref="oc-1f0"/>
      </symbol>
      <symbol id="sm-2db">
         <name>DL_UART_transmitDataBlocking</name>
         <value>0x24d5</value>
         <object_component_ref idref="oc-1af"/>
      </symbol>
      <symbol id="sm-2ec">
         <name>printf</name>
         <value>0x188d</value>
         <object_component_ref idref="oc-74"/>
      </symbol>
      <symbol id="sm-302">
         <name>__TI_printfi_minimal</name>
         <value>0xc1</value>
         <object_component_ref idref="oc-110"/>
      </symbol>
      <symbol id="sm-30f">
         <name>_nop</name>
         <value>0x1f07</value>
         <object_component_ref idref="oc-118"/>
      </symbol>
      <symbol id="sm-310">
         <name>_lock</name>
         <value>0x20200298</value>
         <object_component_ref idref="oc-ab"/>
      </symbol>
      <symbol id="sm-311">
         <name>_unlock</name>
         <value>0x2020029c</value>
         <object_component_ref idref="oc-b1"/>
      </symbol>
      <symbol id="sm-319">
         <name>_ftable</name>
         <value>0x202001a0</value>
         <object_component_ref idref="oc-ad"/>
      </symbol>
      <symbol id="sm-322">
         <name>memccpy</name>
         <value>0x2491</value>
         <object_component_ref idref="oc-186"/>
      </symbol>
      <symbol id="sm-32c">
         <name>strlen</name>
         <value>0x2aed</value>
         <object_component_ref idref="oc-1ab"/>
      </symbol>
      <symbol id="sm-337">
         <name>_c_int00_noargs</name>
         <value>0x2369</value>
         <object_component_ref idref="oc-5c"/>
      </symbol>
      <symbol id="sm-338">
         <name>__stack</name>
         <value>0x20207e00</value>
         <object_component_ref idref="oc-1a"/>
      </symbol>
      <symbol id="sm-344">
         <name>__TI_auto_init_nobinit_nopinit</name>
         <value>0x1e91</value>
         <object_component_ref idref="oc-fe"/>
      </symbol>
      <symbol id="sm-34c">
         <name>_system_pre_init</name>
         <value>0x2b43</value>
         <object_component_ref idref="oc-91"/>
      </symbol>
      <symbol id="sm-357">
         <name>__TI_zero_init_nomemset</name>
         <value>0x29b7</value>
         <object_component_ref idref="oc-53"/>
      </symbol>
      <symbol id="sm-360">
         <name>__TI_decompress_none</name>
         <value>0x2a8d</value>
         <object_component_ref idref="oc-20"/>
      </symbol>
      <symbol id="sm-36b">
         <name>__TI_decompress_lzss</name>
         <value>0x146d</value>
         <object_component_ref idref="oc-1c"/>
      </symbol>
      <symbol id="sm-377">
         <name>abort</name>
         <value>0x2b35</value>
         <object_component_ref idref="oc-f7"/>
      </symbol>
      <symbol id="sm-380">
         <name>HOSTexit</name>
         <value>0x2b3b</value>
         <object_component_ref idref="oc-177"/>
      </symbol>
      <symbol id="sm-381">
         <name>C$$EXIT</name>
         <value>0x2b3a</value>
         <object_component_ref idref="oc-177"/>
      </symbol>
      <symbol id="sm-391">
         <name>__aeabi_fadd</name>
         <value>0xcdb</value>
         <object_component_ref idref="oc-e4"/>
      </symbol>
      <symbol id="sm-392">
         <name>__addsf3</name>
         <value>0xcdb</value>
         <object_component_ref idref="oc-e4"/>
      </symbol>
      <symbol id="sm-393">
         <name>__aeabi_fsub</name>
         <value>0xcd1</value>
         <object_component_ref idref="oc-e4"/>
      </symbol>
      <symbol id="sm-394">
         <name>__subsf3</name>
         <value>0xcd1</value>
         <object_component_ref idref="oc-e4"/>
      </symbol>
      <symbol id="sm-39a">
         <name>__muldsi3</name>
         <value>0x1f09</value>
         <object_component_ref idref="oc-203"/>
      </symbol>
      <symbol id="sm-3a0">
         <name>__aeabi_fmul</name>
         <value>0x11d1</value>
         <object_component_ref idref="oc-13a"/>
      </symbol>
      <symbol id="sm-3a1">
         <name>__mulsf3</name>
         <value>0x11d1</value>
         <object_component_ref idref="oc-13a"/>
      </symbol>
      <symbol id="sm-3a7">
         <name>__aeabi_f2d</name>
         <value>0x1ca5</value>
         <object_component_ref idref="oc-e8"/>
      </symbol>
      <symbol id="sm-3a8">
         <name>__extendsfdf2</name>
         <value>0x1ca5</value>
         <object_component_ref idref="oc-e8"/>
      </symbol>
      <symbol id="sm-3ae">
         <name>__aeabi_f2iz</name>
         <value>0x1f7d</value>
         <object_component_ref idref="oc-15c"/>
      </symbol>
      <symbol id="sm-3af">
         <name>__fixsfsi</name>
         <value>0x1f7d</value>
         <object_component_ref idref="oc-15c"/>
      </symbol>
      <symbol id="sm-3b5">
         <name>__aeabi_i2f</name>
         <value>0x1e19</value>
         <object_component_ref idref="oc-7f"/>
      </symbol>
      <symbol id="sm-3b6">
         <name>__floatsisf</name>
         <value>0x1e19</value>
         <object_component_ref idref="oc-7f"/>
      </symbol>
      <symbol id="sm-3bc">
         <name>__aeabi_ui2f</name>
         <value>0x2341</value>
         <object_component_ref idref="oc-274"/>
      </symbol>
      <symbol id="sm-3bd">
         <name>__floatunsisf</name>
         <value>0x2341</value>
         <object_component_ref idref="oc-274"/>
      </symbol>
      <symbol id="sm-3c4">
         <name>__aeabi_d2f</name>
         <value>0x1561</value>
         <object_component_ref idref="oc-16d"/>
      </symbol>
      <symbol id="sm-3c5">
         <name>__truncdfsf2</name>
         <value>0x1561</value>
         <object_component_ref idref="oc-16d"/>
      </symbol>
      <symbol id="sm-3cb">
         <name>__aeabi_dcmpeq</name>
         <value>0x1709</value>
         <object_component_ref idref="oc-ec"/>
      </symbol>
      <symbol id="sm-3cc">
         <name>__aeabi_dcmplt</name>
         <value>0x171d</value>
         <object_component_ref idref="oc-ec"/>
      </symbol>
      <symbol id="sm-3cd">
         <name>__aeabi_dcmple</name>
         <value>0x1731</value>
         <object_component_ref idref="oc-ec"/>
      </symbol>
      <symbol id="sm-3ce">
         <name>__aeabi_dcmpge</name>
         <value>0x1745</value>
         <object_component_ref idref="oc-ec"/>
      </symbol>
      <symbol id="sm-3cf">
         <name>__aeabi_dcmpgt</name>
         <value>0x1759</value>
         <object_component_ref idref="oc-ec"/>
      </symbol>
      <symbol id="sm-3d5">
         <name>__aeabi_fcmpeq</name>
         <value>0x176d</value>
         <object_component_ref idref="oc-171"/>
      </symbol>
      <symbol id="sm-3d6">
         <name>__aeabi_fcmplt</name>
         <value>0x1781</value>
         <object_component_ref idref="oc-171"/>
      </symbol>
      <symbol id="sm-3d7">
         <name>__aeabi_fcmple</name>
         <value>0x1795</value>
         <object_component_ref idref="oc-171"/>
      </symbol>
      <symbol id="sm-3d8">
         <name>__aeabi_fcmpge</name>
         <value>0x17a9</value>
         <object_component_ref idref="oc-171"/>
      </symbol>
      <symbol id="sm-3d9">
         <name>__aeabi_fcmpgt</name>
         <value>0x17bd</value>
         <object_component_ref idref="oc-171"/>
      </symbol>
      <symbol id="sm-3df">
         <name>__aeabi_memcpy</name>
         <value>0x2b1d</value>
         <object_component_ref idref="oc-4c"/>
      </symbol>
      <symbol id="sm-3e0">
         <name>__aeabi_memcpy4</name>
         <value>0x2b1d</value>
         <object_component_ref idref="oc-4c"/>
      </symbol>
      <symbol id="sm-3e1">
         <name>__aeabi_memcpy8</name>
         <value>0x2b1d</value>
         <object_component_ref idref="oc-4c"/>
      </symbol>
      <symbol id="sm-3e8">
         <name>__aeabi_memset</name>
         <value>0x2ad1</value>
         <object_component_ref idref="oc-185"/>
      </symbol>
      <symbol id="sm-3e9">
         <name>__aeabi_memset4</name>
         <value>0x2ad1</value>
         <object_component_ref idref="oc-185"/>
      </symbol>
      <symbol id="sm-3ea">
         <name>__aeabi_memset8</name>
         <value>0x2ad1</value>
         <object_component_ref idref="oc-185"/>
      </symbol>
      <symbol id="sm-3f0">
         <name>__aeabi_uidiv</name>
         <value>0x1c65</value>
         <object_component_ref idref="oc-18b"/>
      </symbol>
      <symbol id="sm-3f1">
         <name>__aeabi_uidivmod</name>
         <value>0x1c65</value>
         <object_component_ref idref="oc-18b"/>
      </symbol>
      <symbol id="sm-3fa">
         <name>__eqsf2</name>
         <value>0x1ecd</value>
         <object_component_ref idref="oc-217"/>
      </symbol>
      <symbol id="sm-3fb">
         <name>__lesf2</name>
         <value>0x1ecd</value>
         <object_component_ref idref="oc-217"/>
      </symbol>
      <symbol id="sm-3fc">
         <name>__ltsf2</name>
         <value>0x1ecd</value>
         <object_component_ref idref="oc-217"/>
      </symbol>
      <symbol id="sm-3fd">
         <name>__nesf2</name>
         <value>0x1ecd</value>
         <object_component_ref idref="oc-217"/>
      </symbol>
      <symbol id="sm-3fe">
         <name>__cmpsf2</name>
         <value>0x1ecd</value>
         <object_component_ref idref="oc-217"/>
      </symbol>
      <symbol id="sm-3ff">
         <name>__gtsf2</name>
         <value>0x1e55</value>
         <object_component_ref idref="oc-21c"/>
      </symbol>
      <symbol id="sm-400">
         <name>__gesf2</name>
         <value>0x1e55</value>
         <object_component_ref idref="oc-21c"/>
      </symbol>
      <symbol id="sm-40e">
         <name>__ledf2</name>
         <value>0x163d</value>
         <object_component_ref idref="oc-164"/>
      </symbol>
      <symbol id="sm-40f">
         <name>__gedf2</name>
         <value>0x14e9</value>
         <object_component_ref idref="oc-16a"/>
      </symbol>
      <symbol id="sm-410">
         <name>__cmpdf2</name>
         <value>0x163d</value>
         <object_component_ref idref="oc-164"/>
      </symbol>
      <symbol id="sm-411">
         <name>__eqdf2</name>
         <value>0x163d</value>
         <object_component_ref idref="oc-164"/>
      </symbol>
      <symbol id="sm-412">
         <name>__ltdf2</name>
         <value>0x163d</value>
         <object_component_ref idref="oc-164"/>
      </symbol>
      <symbol id="sm-413">
         <name>__nedf2</name>
         <value>0x163d</value>
         <object_component_ref idref="oc-164"/>
      </symbol>
      <symbol id="sm-414">
         <name>__gtdf2</name>
         <value>0x14e9</value>
         <object_component_ref idref="oc-16a"/>
      </symbol>
      <symbol id="sm-41e">
         <name>__aeabi_idiv0</name>
         <value>0x17cf</value>
         <object_component_ref idref="oc-226"/>
      </symbol>
      <symbol id="sm-427">
         <name>TI_memcpy_small</name>
         <value>0x2a7b</value>
         <object_component_ref idref="oc-b9"/>
      </symbol>
      <symbol id="sm-430">
         <name>TI_memset_small</name>
         <value>0x2afb</value>
         <object_component_ref idref="oc-124"/>
      </symbol>
      <symbol id="sm-431">
         <name>__TI_static_base__</name>
         <value>0x0</value>
      </symbol>
      <symbol id="sm-434">
         <name>__mpu_init</name>
         <value>0x0</value>
      </symbol>
      <symbol id="sm-435">
         <name>_system_post_cinit</name>
         <value>0x0</value>
      </symbol>
   </symbol_table>
   <title>Link successful</title>
</link_info>
