******************************************************************************
            TI ARM Clang Linker PC v4.0.3                      
******************************************************************************
>> Linked Tue Jul 22 16:44:37 2025

OUTPUT FILE NAME:   <1empty_LP_MSPM0G3507_nortos_ticlang.out>
ENTRY POINT SYMBOL: "_c_int00_noargs"  address: 00003089


MEMORY CONFIGURATION

         name            origin    length      used     unused   attr    fill
----------------------  --------  ---------  --------  --------  ----  --------
  FLASH                 00000000   00020000  00003b68  0001c498  R  X
  SRAM                  20200000   00008000  00000572  00007a8e  RW X
  BCR_CONFIG            41c00000   00000080  00000000  00000080  R   
  BSL_CONFIG            41c00100   00000080  00000000  00000080  R   


SEGMENT ALLOCATION MAP

run origin  load origin   length   init length attrs members
----------  ----------- ---------- ----------- ----- -------
00000000    00000000    00003b68   00003b68    r-x
  00000000    00000000    000000c0   000000c0    r-- .intvecs
  000000c0    000000c0    000038b0   000038b0    r-x .text
  00003970    00003970    000001a0   000001a0    r-- .rodata
  00003b10    00003b10    00000058   00000058    r-- .cinit
20200000    20200000    00000372   00000000    rw-
  20200000    20200000    00000268   00000000    rw- .bss
  20200268    20200268    0000010a   00000000    rw- .data
20207e00    20207e00    00000200   00000000    rw-
  20207e00    20207e00    00000200   00000000    rw- .stack


SECTION ALLOCATION MAP

 output                                  attributes/
section   page    origin      length       input sections
--------  ----  ----------  ----------   ----------------
.intvecs   0    00000000    000000c0     
                  00000000    000000c0     startup_mspm0g350x_ticlang.o (.intvecs)

.text      0    000000c0    000038b0     
                  000000c0    000009d0     libc.a : _printfi.c.obj (.text:__TI_printfi)
                  00000a90    00000220            : _printfi.c.obj (.text._pconv_a)
                  00000cb0    000001dc            : _printfi.c.obj (.text._pconv_g)
                  00000e8c    000001c4     ti_msp_dl_config.o (.text.SYSCFG_DL_GPIO_init)
                  00001050    00000192     libclang_rt.builtins.a : adddf3.S.obj (.text.adddf3_subdf3)
                  000011e2    00000002     ti_msp_dl_config.o (.text.SYSCFG_DL_SYSTICK_init)
                  000011e4    0000013c     libc.a : _printfi.c.obj (.text.fcvt)
                  00001320    00000124     isr.o (.text.GROUP1_IRQHandler)
                  00001444    00000120     libc.a : _printfi.c.obj (.text._pconv_e)
                  00001564    0000010c     libclang_rt.builtins.a : divdf3.S.obj (.text.__divdf3)
                  00001670    000000e8     driverlib.a : dl_timer.o (.text.DL_Timer_initTimerMode)
                  00001758    000000e4     libclang_rt.builtins.a : muldf3.S.obj (.text.__muldf3)
                  0000183c    000000e0     main.o (.text.main)
                  0000191c    000000d8     libc.a : s_scalbn.c.obj (.text.scalbn)
                  000019f4    000000d8     libclang_rt.builtins.a : addsf3.S.obj (.text)
                  00001acc    000000c4     driverlib.a : dl_timer.o (.text.DL_Timer_initPWMMode)
                  00001b90    000000c4     isr.o (.text.TIMA0_IRQHandler)
                  00001c54    000000b0     ml_JY901S.o (.text.JY61P_GetData)
                  00001d04    000000a2     libclang_rt.builtins.a : udivmoddi4.S.obj (.text)
                  00001da6    00000002                            : aeabi_div0.c.obj (.text.__aeabi_idiv0)
                  00001da8    000000a0     ti_msp_dl_config.o (.text.SYSCFG_DL_initPower)
                  00001e48    00000098     ml_JY901S.o (.text.JY901S_Read)
                  00001ee0    0000008c     libclang_rt.builtins.a : mulsf3.S.obj (.text.__mulsf3)
                  00001f6c    00000084     clock.o (.text.__NVIC_SetPriority)
                  00001ff0    00000084     ml_tim.o (.text.__NVIC_SetPriority)
                  00002074    00000080     ti_msp_dl_config.o (.text.SYSCFG_DL_PWM_motor_init)
                  000020f4    0000007c     libc.a : copy_decompress_lzss.c.obj (.text:decompress:lzss)
                  00002170    00000074     libclang_rt.builtins.a : comparedf2.c.obj (.text.__gedf2)
                  000021e4    0000000a     driverlib.a : dl_common.o (.text.DL_Common_delayCycles)
                  000021ee    00000002     libclang_rt.builtins.a : aeabi_div0.c.obj (.text.__aeabi_ldiv0)
                  000021f0    00000074                            : truncdfsf2.S.obj (.text.__truncdfsf2)
                  00002264    0000006c     ml_hc05.o (.text.UART1_IRQHandler)
                  000022d0    00000068     my_i2c.o (.text.MyI2C_ReceiveByte)
                  00002338    00000068     libclang_rt.builtins.a : comparedf2.c.obj (.text.__ledf2)
                  000023a0    00000066     libc.a : _printfi.c.obj (.text._mcpy)
                  00002406    00000002            : _lock.c.obj (.text._nop)
                  00002408    00000062     libclang_rt.builtins.a : aeabi_dcmp.S.obj (.text.__aeabi_dcmp)
                  0000246a    00000002     --HOLE-- [fill = 0]
                  0000246c    00000060     isr.o (.text.UART3_IRQHandler)
                  000024cc    0000005c     ti_msp_dl_config.o (.text.SYSCFG_DL_UART_1_init)
                  00002528    0000005c     libc.a : s_frexp.c.obj (.text.frexp)
                  00002584    0000005c            : printf.c.obj (.text.printf)
                  000025e0    00000058     ti_msp_dl_config.o (.text.SYSCFG_DL_I2C_OLED_init)
                  00002638    00000058     libc.a : _ltoa.c.obj (.text.__TI_ltoa)
                  00002690    00000058            : _printfi.c.obj (.text._pconv_f)
                  000026e8    00000056     libclang_rt.builtins.a : aeabi_idivmod.S.obj (.text.__aeabi_idivmod)
                  0000273e    00000052     libc.a : _printfi.c.obj (.text._ecpy)
                  00002790    00000050     clock.o (.text.SysTick_Config)
                  000027e0    00000050     ml_uart.o (.text.fputs)
                  00002830    0000004c     ti_msp_dl_config.o (.text.DL_UART_setBaudRateDivisor)
                  0000287c    0000004c     my_i2c.o (.text.MyI2C_SendByte)
                  000028c8    0000004a     libclang_rt.builtins.a : fixdfsi.S.obj (.text.__fixdfsi)
                  00002912    00000002     --HOLE-- [fill = 0]
                  00002914    00000048     driverlib.a : dl_uart.o (.text.DL_UART_init)
                  0000295c    00000048     ml_JY901S.o (.text.JY901S_Init)
                  000029a4    00000048     ti_msp_dl_config.o (.text.SYSCFG_DL_UART_0_init)
                  000029ec    00000044     ti_msp_dl_config.o (.text.SYSCFG_DL_init)
                  00002a30    00000040     ti_msp_dl_config.o (.text.SYSCFG_DL_UART_2_init)
                  00002a70    00000040     libclang_rt.builtins.a : aeabi_uidivmod.S.obj (.text.__aeabi_uidivmod)
                  00002ab0    00000040                            : extendsfdf2.S.obj (.text.__extendsfdf2)
                  00002af0    00000040     libc.a : atoi.c.obj (.text.atoi)
                  00002b30    0000003c     ti_msp_dl_config.o (.text.DL_GPIO_initPeripheralInputFunctionFeatures)
                  00002b6c    0000003c     my_i2c.o (.text.MyI2C_R_SDA)
                  00002ba8    0000003c     my_i2c.o (.text.MyI2C_W_SDA)
                  00002be4    0000003c     libclang_rt.builtins.a : floatsisf.S.obj (.text.__floatsisf)
                  00002c20    0000003c     libc.a : autoinit.c.obj (.text:__TI_auto_init_nobinit_nopinit)
                  00002c5c    0000003a     libclang_rt.builtins.a : muldsi3.S.obj (.text.__muldsi3)
                  00002c96    0000003a     ml_tim.o (.text.tim_interrupt_ms_init)
                  00002cd0    00000038     libclang_rt.builtins.a : fixsfsi.S.obj (.text.__fixsfsi)
                  00002d08    00000034     my_i2c.o (.text.DL_GPIO_initDigitalInputFeatures)
                  00002d3c    00000034     ti_msp_dl_config.o (.text.DL_GPIO_initDigitalInputFeatures)
                  00002d70    00000034     my_i2c.o (.text.MyI2C_W_SCL)
                  00002da4    00000034     ti_msp_dl_config.o (.text.SYSCFG_DL_TIMER_0_init)
                  00002dd8    00000032     my_i2c.o (.text.MyI2C_ReceiveAck)
                  00002e0a    00000030     libc.a : _printfi.c.obj (.text._fcpy)
                  00002e3a    00000002     --HOLE-- [fill = 0]
                  00002e3c    0000002c     ml_tim.o (.text.__NVIC_ClearPendingIRQ)
                  00002e68    0000002c     ml_uart.o (.text.__NVIC_ClearPendingIRQ)
                  00002e94    0000002c     ml_tim.o (.text.__NVIC_EnableIRQ)
                  00002ec0    0000002c     ml_uart.o (.text.__NVIC_EnableIRQ)
                  00002eec    0000002c     motor.o (.text.__NVIC_EnableIRQ)
                  00002f18    0000002c     libclang_rt.builtins.a : floatsidf.S.obj (.text.__floatsidf)
                  00002f44    0000002a     pid.o (.text.pid_init)
                  00002f6e    00000028     ti_msp_dl_config.o (.text.DL_Common_updateReg)
                  00002f96    00000002     --HOLE-- [fill = 0]
                  00002f98    00000028     ti_msp_dl_config.o (.text.DL_I2C_setControllerRXFIFOThreshold)
                  00002fc0    00000028     ti_msp_dl_config.o (.text.DL_I2C_setControllerTXFIFOThreshold)
                  00002fe8    00000028     ti_msp_dl_config.o (.text.DL_UART_setRXFIFOThreshold)
                  00003010    00000028     ti_msp_dl_config.o (.text.DL_UART_setTXFIFOThreshold)
                  00003038    00000028     my_i2c.o (.text.MyI2C_Start)
                  00003060    00000028     my_i2c.o (.text.SDA_OUT)
                  00003088    00000028     libc.a : boot_cortex_m.c.obj (.text:_c_int00_noargs)
                  000030b0    00000026     ti_msp_dl_config.o (.text.DL_I2C_setAnalogGlitchFilterPulseWidth)
                  000030d6    00000026     driverlib.a : dl_i2c.o (.text.DL_I2C_setClockConfig)
                  000030fc    00000026     my_i2c.o (.text.MyI2C_SendAck)
                  00003122    00000024     my_i2c.o (.text.Delay_us)
                  00003146    00000002     --HOLE-- [fill = 0]
                  00003148    00000024     libclang_rt.builtins.a : muldi3.S.obj (.text.__muldi3)
                  0000316c    00000024     clock.o (.text.delay_ms)
                  00003190    00000024     ml_uart.o (.text.uart_init)
                  000031b4    00000022     ti_msp_dl_config.o (.text.SYSCFG_DL_SYSCTL_init)
                  000031d6    00000022     libc.a : memccpy.c.obj (.text.memccpy)
                  000031f8    00000020     ti_msp_dl_config.o (.text.DL_GPIO_initPeripheralInputFunction)
                  00003218    00000020     driverlib.a : dl_uart.o (.text.DL_UART_transmitDataBlocking)
                  00003238    00000020     my_i2c.o (.text.MyI2C_Stop)
                  00003258    0000001e     ti_msp_dl_config.o (.text.DL_UART_setOversampling)
                  00003276    00000002     --HOLE-- [fill = 0]
                  00003278    0000001e     libclang_rt.builtins.a : ashldi3.S.obj (.text.__ashldi3)
                  00003296    00000002     --HOLE-- [fill = 0]
                  00003298    0000001c     isr.o (.text.DL_GPIO_clearInterruptStatus)
                  000032b4    0000001c     ti_msp_dl_config.o (.text.DL_GPIO_clearInterruptStatus)
                  000032d0    0000001c     ti_msp_dl_config.o (.text.DL_GPIO_enableHiZ)
                  000032ec    0000001c     ti_msp_dl_config.o (.text.DL_GPIO_enableInterrupt)
                  00003308    0000001c     ti_msp_dl_config.o (.text.DL_GPIO_initDigitalInput)
                  00003324    0000001c     ti_msp_dl_config.o (.text.DL_GPIO_initPeripheralOutputFunction)
                  00003340    0000001c     ti_msp_dl_config.o (.text.DL_GPIO_setLowerPinsPolarity)
                  0000335c    0000001c     ti_msp_dl_config.o (.text.DL_SYSCTL_setMCLKDivider)
                  00003378    0000001c     ti_msp_dl_config.o (.text.DL_SYSCTL_setSYSOSCFreq)
                  00003394    0000001c     ti_msp_dl_config.o (.text.DL_SYSCTL_setULPCLKDivider)
                  000033b0    0000001c     ti_msp_dl_config.o (.text.DL_Timer_enableInterrupt)
                  000033cc    0000001c     driverlib.a : dl_timer.o (.text.DL_Timer_setCaptCompUpdateMethod)
                  000033e8    0000001c                 : dl_timer.o (.text.DL_Timer_setClockConfig)
                  00003404    0000001c     ti_msp_dl_config.o (.text.DL_UART_enableInterrupt)
                  00003420    0000001c     ml_uart.o (.text.fputc)
                  0000343c    00000018     my_i2c.o (.text.DL_GPIO_enableOutput)
                  00003454    00000018     ti_msp_dl_config.o (.text.DL_GPIO_enableOutput)
                  0000346c    00000018     ti_msp_dl_config.o (.text.DL_GPIO_enablePower)
                  00003484    00000018     isr.o (.text.DL_GPIO_getEnabledInterruptStatus)
                  0000349c    00000018     my_i2c.o (.text.DL_GPIO_initDigitalOutput)
                  000034b4    00000018     ti_msp_dl_config.o (.text.DL_GPIO_initDigitalOutput)
                  000034cc    00000018     ti_msp_dl_config.o (.text.DL_GPIO_reset)
                  000034e4    00000018     my_i2c.o (.text.DL_GPIO_setPins)
                  000034fc    00000018     ti_msp_dl_config.o (.text.DL_GPIO_setUpperPinsPolarity)
                  00003514    00000018     ti_msp_dl_config.o (.text.DL_I2C_enableAnalogGlitchFilter)
                  0000352c    00000018     ti_msp_dl_config.o (.text.DL_I2C_enableController)
                  00003544    00000018     ti_msp_dl_config.o (.text.DL_I2C_enableControllerClockStretching)
                  0000355c    00000018     ti_msp_dl_config.o (.text.DL_I2C_enablePower)
                  00003574    00000018     ti_msp_dl_config.o (.text.DL_I2C_reset)
                  0000358c    00000018     ti_msp_dl_config.o (.text.DL_I2C_setTimerPeriod)
                  000035a4    00000018     ti_msp_dl_config.o (.text.DL_SYSCTL_setBORThreshold)
                  000035bc    00000018     ti_msp_dl_config.o (.text.DL_Timer_enablePower)
                  000035d4    00000018     ti_msp_dl_config.o (.text.DL_Timer_reset)
                  000035ec    00000018     driverlib.a : dl_timer.o (.text.DL_Timer_setCaptureCompareOutCtl)
                  00003604    00000018     ml_tim.o (.text.DL_Timer_startCounter)
                  0000361c    00000018     motor.o (.text.DL_Timer_startCounter)
                  00003634    00000018     isr.o (.text.DL_UART_clearInterruptStatus)
                  0000364c    00000018     ml_hc05.o (.text.DL_UART_clearInterruptStatus)
                  00003664    00000018     ti_msp_dl_config.o (.text.DL_UART_enableFIFOs)
                  0000367c    00000018     ti_msp_dl_config.o (.text.DL_UART_enablePower)
                  00003694    00000018     ti_msp_dl_config.o (.text.DL_UART_reset)
                  000036ac    00000018     isr.o (.text.UART0_IRQHandler)
                  000036c4    00000016     my_i2c.o (.text.DL_GPIO_readPins)
                  000036da    00000016     ti_msp_dl_config.o (.text.DL_UART_enable)
                  000036f0    00000016     ti_msp_dl_config.o (.text.DL_UART_enableLoopbackMode)
                  00003706    00000016     my_i2c.o (.text.SDA_IN)
                  0000371c    00000016     clock.o (.text.SysTick_Init)
                  00003732    00000016     ml_gpio.o (.text.gpio_get)
                  00003748    00000016     libc.a : copy_zero_init.c.obj (.text:decompress:ZI:__TI_zero_init_nomemset)
                  0000375e    00000014     my_i2c.o (.text.DL_GPIO_clearPins)
                  00003772    00000014     ti_msp_dl_config.o (.text.DL_GPIO_clearPins)
                  00003786    00000002     --HOLE-- [fill = 0]
                  00003788    00000014     ti_msp_dl_config.o (.text.DL_I2C_resetControllerTransfer)
                  0000379c    00000014     ti_msp_dl_config.o (.text.DL_Timer_enableClock)
                  000037b0    00000014     ti_msp_dl_config.o (.text.DL_Timer_setCCPDirection)
                  000037c4    00000014     isr.o (.text.DL_UART_receiveData)
                  000037d8    00000014     ml_hc05.o (.text.DL_UART_receiveData)
                  000037ec    00000014     libclang_rt.builtins.a : aeabi_uldivmod.S.obj (.text.__aeabi_uldivmod)
                  00003800    00000014     libc.a : _printfi.c.obj (.text.strchr)
                  00003814    00000012     isr.o (.text.DL_Timer_getPendingInterrupt)
                  00003826    00000012     isr.o (.text.DL_UART_getPendingInterrupt)
                  00003838    00000012     ml_hc05.o (.text.DL_UART_getPendingInterrupt)
                  0000384a    00000012     driverlib.a : dl_uart.o (.text.DL_UART_setClockConfig)
                  0000385c    00000012     libc.a : memcpy16.S.obj (.text:TI_memcpy_small)
                  0000386e    00000012            : copy_decompress_none.c.obj (.text:decompress:none)
                  00003880    00000010     driverlib.a : dl_timer.o (.text.DL_Timer_setCaptureCompareValue)
                  00003890    00000010     clock.o (.text.SysTick_Handler)
                  000038a0    00000010     motor.o (.text.motor_init)
                  000038b0    00000010     libc.a : wcslen.c.obj (.text.wcslen)
                  000038c0    0000000e     libclang_rt.builtins.a : aeabi_memset.S.obj (.text.__aeabi_memset)
                  000038ce    0000000e     libc.a : _printfi.c.obj (.text.strlen)
                  000038dc    0000000e            : strlen.c.obj (.text.strlen)
                  000038ea    0000000e            : memset16.S.obj (.text:TI_memset_small)
                  000038f8    0000000a            : _printfi.c.obj (.text.OUTLINED_FUNCTION_0)
                  00003902    00000002     --HOLE-- [fill = 0]
                  00003904    00000010     libclang_rt.builtins.a : adddf3.S.obj (.tramp.__aeabi_dsub.1)
                  00003914    0000000a     libc.a : _printfi.c.obj (.text.OUTLINED_FUNCTION_1)
                  0000391e    0000000a     motor.o (.text.encoder_init)
                  00003928    00000008     libc.a : aeabi_portable.c.obj (.text.__aeabi_errno_addr)
                  00003930    00000008     libclang_rt.builtins.a : aeabi_memcpy.S.obj (.text.__aeabi_memcpy)
                  00003938    00000008     libc.a : printf.c.obj (.text._outc)
                  00003940    00000008            : printf.c.obj (.text._outs)
                  00003948    00000006            : exit.c.obj (.text:abort)
                  0000394e    00000004     startup_mspm0g350x_ticlang.o (.text.Default_Handler)
                  00003952    00000004     libsysbm.a : hostexit.c.obj (.text.HOSTexit)
                  00003956    00000004     startup_mspm0g350x_ticlang.o (.text.Reset_Handler)
                  0000395a    00000002     --HOLE-- [fill = 0]
                  0000395c    00000010     libc.a : boot_cortex_m.c.obj (.tramp._c_int00_noargs.1)
                  0000396c    00000004            : pre_init.c.obj (.text._system_pre_init)

.cinit     0    00003b10    00000058     
                  00003b10    0000002f     (.cinit..data.load) [load image, compression = lzss]
                  00003b3f    00000001     --HOLE-- [fill = 0]
                  00003b40    0000000c     (__TI_handler_table)
                  00003b4c    00000008     (.cinit..bss.load) [load image, compression = zero_init]
                  00003b54    00000010     (__TI_cinit_table)
                  00003b64    00000004     --HOLE-- [fill = 0]

.rodata    0    00003970    000001a0     
                  00003970    00000101     libc.a : aeabi_ctype.S.obj (.rodata:__aeabi_ctype_table_)
                  00003a71    00000003     ti_msp_dl_config.o (.rodata.gPWM_motorClockConfig)
                  00003a74    00000014     ti_msp_dl_config.o (.rodata.gTIMER_0TimerConfig)
                  00003a88    00000011     libc.a : _printfi.c.obj (.rodata.str1.10348868589481759720.1)
                  00003a99    00000011            : _printfi.c.obj (.rodata.str1.15363888844622738466.1)
                  00003aaa    00000010     main.o (.rodata.str1.8154729771448623357.1)
                  00003aba    0000000d     isr.o (.rodata.str1.13602985083408752662.1)
                  00003ac7    0000000c     isr.o (.rodata.str1.14035627306564887214.1)
                  00003ad3    00000001     --HOLE-- [fill = 0]
                  00003ad4    0000000a     ti_msp_dl_config.o (.rodata.gUART_0Config)
                  00003ade    0000000a     ti_msp_dl_config.o (.rodata.gUART_1Config)
                  00003ae8    0000000a     ti_msp_dl_config.o (.rodata.gUART_2Config)
                  00003af2    00000009     main.o (.rodata.str1.15159059442110792349.1)
                  00003afb    00000001     --HOLE-- [fill = 0]
                  00003afc    00000008     ti_msp_dl_config.o (.rodata.gPWM_motorConfig)
                  00003b04    00000003     ti_msp_dl_config.o (.rodata.gTIMER_0ClockConfig)
                  00003b07    00000002     ti_msp_dl_config.o (.rodata.gI2C_OLEDClockConfig)
                  00003b09    00000002     ti_msp_dl_config.o (.rodata.gUART_0ClockConfig)
                  00003b0b    00000002     ti_msp_dl_config.o (.rodata.gUART_1ClockConfig)
                  00003b0d    00000002     ti_msp_dl_config.o (.rodata.gUART_2ClockConfig)
                  00003b0f    00000001     --HOLE-- [fill = 0]

.init_array 
*          0    00000000    00000000     UNINITIALIZED

.binit     0    00000000    00000000     

.bss       0    20200000    00000268     UNINITIALIZED
                  20200000    000000c8     (.common:BLERX_BUFF)
                  202000c8    000000bc     (.common:gTIMER_0Backup)
                  20200184    00000034     (.common:angle)
                  202001b8    00000034     (.common:motorA)
                  202001ec    00000034     (.common:motorB)
                  20200220    00000030     (.common:gUART_1Backup)
                  20200250    00000004     (.common:error)
                  20200254    00000004     (.common:last_yaw)
                  20200258    00000004     (.common:tick_ms)
                  2020025c    00000004     (.common:yaw)
                  20200260    00000004     (.common:yaw_gyro)
                  20200264    00000004     (.common:yaw_o)

.data      0    20200268    0000010a     UNINITIALIZED
                  20200268    000000f0     libc.a : defs.c.obj (.data._ftable)
                  20200358    00000004     motor.o (.data.Encoder_count1)
                  2020035c    00000004     motor.o (.data.Encoder_count2)
                  20200360    00000004     libc.a : aeabi_portable.c.obj (.data.__aeabi_errno)
                  20200364    00000004            : _lock.c.obj (.data._lock)
                  20200368    00000004            : _lock.c.obj (.data._unlock)
                  2020036c    00000001     ml_hc05.o (.data.BLERX_FLAG)
                  2020036d    00000001     ml_hc05.o (.data.BLERX_LEN)
                  2020036e    00000001     isr.o (.data.gEchoData)
                  2020036f    00000001     motor.o (.data.motorA_dir)
                  20200370    00000001     motor.o (.data.motorB_dir)
                  20200371    00000001     isr.o (.data.num)

.stack     0    20207e00    00000200     UNINITIALIZED
                  20207e00    00000004     libc.a : boot_cortex_m.c.obj (.stack)
                  20207e04    000001fc     --HOLE--

__llvm_prf_cnts 
*          0    20200000    00000000     UNINITIALIZED

__llvm_prf_bits 
*          0    20200000    00000000     UNINITIALIZED

MODULE SUMMARY

       Module                         code    ro data   rw data
       ------                         ----    -------   -------
    .\
       ti_msp_dl_config.o             2540    72        236    
       isr.o                          740     25        2      
       main.o                         224     25        0      
       startup_mspm0g350x_ticlang.o   8       192       0      
    +--+------------------------------+-------+---------+---------+
       Total:                         3512    314       238    
                                                               
    .\code\
       pid.o                          42      0         156    
       motor.o                        94      0         10     
    +--+------------------------------+-------+---------+---------+
       Total:                         136     0         166    
                                                               
    .\ml_libs\
       my_i2c.o                       776     0         0      
       ml_JY901S.o                    400     0         20     
       ml_hc05.o                      170     0         202    
       ml_tim.o                       302     0         0      
       clock.o                        286     0         4      
       ml_uart.o                      232     0         0      
       ml_gpio.o                      22      0         0      
    +--+------------------------------+-------+---------+---------+
       Total:                         2188    0         226    
                                                               
    C:/ti/mspm0_sdk_2_00_01_00/source/ti/driverlib/lib/ticlang/m0p/mspm0g1x0x_g3x0x/driverlib.a
       dl_timer.o                     524     0         0      
       dl_uart.o                      122     0         0      
       dl_i2c.o                       38      0         0      
       dl_common.o                    10      0         0      
    +--+------------------------------+-------+---------+---------+
       Total:                         694     0         0      
                                                               
    E:\ti\ccs2020\ccs\tools\compiler\ti-cgt-armllvm_4.0.3.LTS\lib\armv6m-ti-none-eabi/c/libc.a
       _printfi.c.obj                 4510    34        0      
       aeabi_ctype.S.obj              0       257       0      
       defs.c.obj                     0       0         240    
       s_scalbn.c.obj                 216     0         0      
       copy_decompress_lzss.c.obj     124     0         0      
       printf.c.obj                   108     0         0      
       s_frexp.c.obj                  92      0         0      
       _ltoa.c.obj                    88      0         0      
       atoi.c.obj                     64      0         0      
       autoinit.c.obj                 60      0         0      
       boot_cortex_m.c.obj            56      0         0      
       memccpy.c.obj                  34      0         0      
       copy_zero_init.c.obj           22      0         0      
       copy_decompress_none.c.obj     18      0         0      
       memcpy16.S.obj                 18      0         0      
       wcslen.c.obj                   16      0         0      
       memset16.S.obj                 14      0         0      
       strlen.c.obj                   14      0         0      
       aeabi_portable.c.obj           8       0         4      
       _lock.c.obj                    2       0         8      
       exit.c.obj                     6       0         0      
       pre_init.c.obj                 4       0         0      
    +--+------------------------------+-------+---------+---------+
       Total:                         5474    291       252    
                                                               
    E:\ti\ccs2020\ccs\tools\compiler\ti-cgt-armllvm_4.0.3.LTS\lib\armv6m-ti-none-eabi/c/libsysbm.a
       hostexit.c.obj                 4       0         0      
    +--+------------------------------+-------+---------+---------+
       Total:                         4       0         0      
                                                               
    E:\ti\ccs2020\ccs\tools\compiler\ti-cgt-armllvm_4.0.3.LTS\lib\armv6m-ti-none-eabi/libclang_rt.builtins.a
       adddf3.S.obj                   418     0         0      
       divdf3.S.obj                   268     0         0      
       muldf3.S.obj                   228     0         0      
       comparedf2.c.obj               220     0         0      
       addsf3.S.obj                   216     0         0      
       udivmoddi4.S.obj               162     0         0      
       mulsf3.S.obj                   140     0         0      
       truncdfsf2.S.obj               116     0         0      
       aeabi_dcmp.S.obj               98      0         0      
       aeabi_idivmod.S.obj            86      0         0      
       fixdfsi.S.obj                  74      0         0      
       aeabi_uidivmod.S.obj           64      0         0      
       extendsfdf2.S.obj              64      0         0      
       floatsisf.S.obj                60      0         0      
       muldsi3.S.obj                  58      0         0      
       fixsfsi.S.obj                  56      0         0      
       floatsidf.S.obj                44      0         0      
       muldi3.S.obj                   36      0         0      
       ashldi3.S.obj                  30      0         0      
       aeabi_uldivmod.S.obj           20      0         0      
       aeabi_memset.S.obj             14      0         0      
       aeabi_memcpy.S.obj             8       0         0      
       aeabi_div0.c.obj               4       0         0      
    +--+------------------------------+-------+---------+---------+
       Total:                         2484    0         0      
                                                               
       Stack:                         0       0         512    
       Linker Generated:              0       83        0      
    +--+------------------------------+-------+---------+---------+
       Grand Total:                   14492   688       1394   


LINKER GENERATED COPY TABLES

__TI_cinit_table @ 00003b54 records: 2, size/record: 8, table size: 16
	.data: load addr=00003b10, load size=0000002f bytes, run addr=20200268, run size=0000010a bytes, compression=lzss
	.bss: load addr=00003b4c, load size=00000008 bytes, run addr=20200000, run size=00000268 bytes, compression=zero_init


LINKER GENERATED HANDLER TABLE

__TI_handler_table @ 00003b40 records: 3, size/record: 4, table size: 12
	index: 0, handler: __TI_decompress_lzss
	index: 1, handler: __TI_decompress_none
	index: 2, handler: __TI_zero_init


FAR CALL TRAMPOLINES

callee name               trampoline name
   callee addr  tramp addr   call addr  call info
--------------  -----------  ---------  ----------------
__aeabi_dsub              $Tramp$TT$L$PI$$__aeabi_dsub
   00001051     00003904     00003900   libc.a : _printfi.c.obj (.text.OUTLINED_FUNCTION_0)
_c_int00_noargs           $Tramp$TT$L$PI$$_c_int00_noargs
   00003089     0000395c     00003956   startup_mspm0g350x_ticlang.o (.text.Reset_Handler)

[2 trampolines]
[2 trampoline calls]


GLOBAL SYMBOLS: SORTED ALPHABETICALLY BY Name 

address   name                            
-------   ----                            
0000394f  ADC0_IRQHandler                 
0000394f  ADC1_IRQHandler                 
0000394f  AES_IRQHandler                  
20200000  BLERX_BUFF                      
2020036c  BLERX_FLAG                      
2020036d  BLERX_LEN                       
00003952  C$$EXIT                         
0000394f  CANFD0_IRQHandler               
0000394f  DAC0_IRQHandler                 
000021e5  DL_Common_delayCycles           
000030d7  DL_I2C_setClockConfig           
00001acd  DL_Timer_initPWMMode            
00001671  DL_Timer_initTimerMode          
000033cd  DL_Timer_setCaptCompUpdateMethod
000035ed  DL_Timer_setCaptureCompareOutCtl
00003881  DL_Timer_setCaptureCompareValue 
000033e9  DL_Timer_setClockConfig         
00002915  DL_UART_init                    
0000384b  DL_UART_setClockConfig          
00003219  DL_UART_transmitDataBlocking    
0000394f  DMA_IRQHandler                  
0000394f  Default_Handler                 
00003123  Delay_us                        
20200358  Encoder_count1                  
2020035c  Encoder_count2                  
0000394f  GROUP0_IRQHandler               
00001321  GROUP1_IRQHandler               
00003953  HOSTexit                        
0000394f  HardFault_Handler               
0000394f  I2C0_IRQHandler                 
0000394f  I2C1_IRQHandler                 
00001c55  JY61P_GetData                   
0000295d  JY901S_Init                     
00001e49  JY901S_Read                     
00002b6d  MyI2C_R_SDA                     
00002dd9  MyI2C_ReceiveAck                
000022d1  MyI2C_ReceiveByte               
000030fd  MyI2C_SendAck                   
0000287d  MyI2C_SendByte                  
00003039  MyI2C_Start                     
00003239  MyI2C_Stop                      
00002d71  MyI2C_W_SCL                     
00002ba9  MyI2C_W_SDA                     
0000394f  NMI_Handler                     
0000394f  PendSV_Handler                  
0000394f  RTC_IRQHandler                  
00003957  Reset_Handler                   
00003707  SDA_IN                          
00003061  SDA_OUT                         
0000394f  SPI0_IRQHandler                 
0000394f  SPI1_IRQHandler                 
0000394f  SVC_Handler                     
00000e8d  SYSCFG_DL_GPIO_init             
000025e1  SYSCFG_DL_I2C_OLED_init         
00002075  SYSCFG_DL_PWM_motor_init        
000031b5  SYSCFG_DL_SYSCTL_init           
000011e3  SYSCFG_DL_SYSTICK_init          
00002da5  SYSCFG_DL_TIMER_0_init          
000029a5  SYSCFG_DL_UART_0_init           
000024cd  SYSCFG_DL_UART_1_init           
00002a31  SYSCFG_DL_UART_2_init           
000029ed  SYSCFG_DL_init                  
00001da9  SYSCFG_DL_initPower             
00003891  SysTick_Handler                 
0000371d  SysTick_Init                    
00001b91  TIMA0_IRQHandler                
0000394f  TIMA1_IRQHandler                
0000394f  TIMG0_IRQHandler                
0000394f  TIMG12_IRQHandler               
0000394f  TIMG6_IRQHandler                
0000394f  TIMG7_IRQHandler                
0000394f  TIMG8_IRQHandler                
0000385d  TI_memcpy_small                 
000038eb  TI_memset_small                 
000036ad  UART0_IRQHandler                
00002265  UART1_IRQHandler                
0000394f  UART2_IRQHandler                
0000246d  UART3_IRQHandler                
20208000  __STACK_END                     
00000200  __STACK_SIZE                    
00000000  __TI_ATRegion0_region_sz        
00000000  __TI_ATRegion0_src_addr         
00000000  __TI_ATRegion0_trg_addr         
00000000  __TI_ATRegion1_region_sz        
00000000  __TI_ATRegion1_src_addr         
00000000  __TI_ATRegion1_trg_addr         
00000000  __TI_ATRegion2_region_sz        
00000000  __TI_ATRegion2_src_addr         
00000000  __TI_ATRegion2_trg_addr         
00003b54  __TI_CINIT_Base                 
00003b64  __TI_CINIT_Limit                
00003b64  __TI_CINIT_Warm                 
00003b40  __TI_Handler_Table_Base         
00003b4c  __TI_Handler_Table_Limit        
00002c21  __TI_auto_init_nobinit_nopinit  
000020f5  __TI_decompress_lzss            
0000386f  __TI_decompress_none            
00002639  __TI_ltoa                       
ffffffff  __TI_pprof_out_hndl             
000000c1  __TI_printfi                    
ffffffff  __TI_prof_data_size             
ffffffff  __TI_prof_data_start            
00000000  __TI_static_base__              
00003749  __TI_zero_init_nomemset         
0000105b  __adddf3                        
000019ff  __addsf3                        
00003970  __aeabi_ctype_table_            
00003970  __aeabi_ctype_table_C           
000021f1  __aeabi_d2f                     
000028c9  __aeabi_d2iz                    
0000105b  __aeabi_dadd                    
00002409  __aeabi_dcmpeq                  
00002445  __aeabi_dcmpge                  
00002459  __aeabi_dcmpgt                  
00002431  __aeabi_dcmple                  
0000241d  __aeabi_dcmplt                  
00001565  __aeabi_ddiv                    
00001759  __aeabi_dmul                    
00001051  __aeabi_dsub                    
20200360  __aeabi_errno                   
00003929  __aeabi_errno_addr              
00002ab1  __aeabi_f2d                     
00002cd1  __aeabi_f2iz                    
000019ff  __aeabi_fadd                    
00001ee1  __aeabi_fmul                    
000019f5  __aeabi_fsub                    
00002f19  __aeabi_i2d                     
00002be5  __aeabi_i2f                     
000026e9  __aeabi_idiv                    
00001da7  __aeabi_idiv0                   
000026e9  __aeabi_idivmod                 
000021ef  __aeabi_ldiv0                   
00003279  __aeabi_llsl                    
00003149  __aeabi_lmul                    
00003931  __aeabi_memcpy                  
00003931  __aeabi_memcpy4                 
00003931  __aeabi_memcpy8                 
000038c1  __aeabi_memset                  
000038c1  __aeabi_memset4                 
000038c1  __aeabi_memset8                 
00002a71  __aeabi_uidiv                   
00002a71  __aeabi_uidivmod                
000037ed  __aeabi_uldivmod                
00003279  __ashldi3                       
ffffffff  __binit__                       
00002339  __cmpdf2                        
00001565  __divdf3                        
00002339  __eqdf2                         
00002ab1  __extendsfdf2                   
000028c9  __fixdfsi                       
00002cd1  __fixsfsi                       
00002f19  __floatsidf                     
00002be5  __floatsisf                     
00002171  __gedf2                         
00002171  __gtdf2                         
00002339  __ledf2                         
00002339  __ltdf2                         
UNDEFED   __mpu_init                      
00001759  __muldf3                        
00003149  __muldi3                        
00002c5d  __muldsi3                       
00001ee1  __mulsf3                        
00002339  __nedf2                         
20207e00  __stack                         
20200000  __start___llvm_prf_bits         
20200000  __start___llvm_prf_cnts         
20200000  __stop___llvm_prf_bits          
20200000  __stop___llvm_prf_cnts          
00001051  __subdf3                        
000019f5  __subsf3                        
000021f1  __truncdfsf2                    
00001d05  __udivmoddi4                    
00003089  _c_int00_noargs                 
20200268  _ftable                         
20200364  _lock                           
00002407  _nop                            
UNDEFED   _system_post_cinit              
0000396d  _system_pre_init                
20200368  _unlock                         
00003949  abort                           
20200184  angle                           
00002af1  atoi                            
ffffffff  binit                           
0000316d  delay_ms                        
0000391f  encoder_init                    
20200250  error                           
00003421  fputc                           
000027e1  fputs                           
00002529  frexp                           
00002529  frexpl                          
2020036e  gEchoData                       
202000c8  gTIMER_0Backup                  
20200220  gUART_1Backup                   
00003733  gpio_get                        
00000000  interruptVectors                
20200254  last_yaw                        
0000191d  ldexp                           
0000191d  ldexpl                          
0000183d  main                            
000031d7  memccpy                         
202001b8  motorA                          
2020036f  motorA_dir                      
202001ec  motorB                          
20200370  motorB_dir                      
000038a1  motor_init                      
20200371  num                             
00002f45  pid_init                        
00002585  printf                          
0000191d  scalbn                          
0000191d  scalbnl                         
000038dd  strlen                          
20200258  tick_ms                         
00002c97  tim_interrupt_ms_init           
00003191  uart_init                       
000038b1  wcslen                          
2020025c  yaw                             
20200260  yaw_gyro                        
20200264  yaw_o                           


GLOBAL SYMBOLS: SORTED BY Symbol Address 

address   name                            
-------   ----                            
00000000  __TI_ATRegion0_region_sz        
00000000  __TI_ATRegion0_src_addr         
00000000  __TI_ATRegion0_trg_addr         
00000000  __TI_ATRegion1_region_sz        
00000000  __TI_ATRegion1_src_addr         
00000000  __TI_ATRegion1_trg_addr         
00000000  __TI_ATRegion2_region_sz        
00000000  __TI_ATRegion2_src_addr         
00000000  __TI_ATRegion2_trg_addr         
00000000  __TI_static_base__              
00000000  interruptVectors                
000000c1  __TI_printfi                    
00000200  __STACK_SIZE                    
00000e8d  SYSCFG_DL_GPIO_init             
00001051  __aeabi_dsub                    
00001051  __subdf3                        
0000105b  __adddf3                        
0000105b  __aeabi_dadd                    
000011e3  SYSCFG_DL_SYSTICK_init          
00001321  GROUP1_IRQHandler               
00001565  __aeabi_ddiv                    
00001565  __divdf3                        
00001671  DL_Timer_initTimerMode          
00001759  __aeabi_dmul                    
00001759  __muldf3                        
0000183d  main                            
0000191d  ldexp                           
0000191d  ldexpl                          
0000191d  scalbn                          
0000191d  scalbnl                         
000019f5  __aeabi_fsub                    
000019f5  __subsf3                        
000019ff  __addsf3                        
000019ff  __aeabi_fadd                    
00001acd  DL_Timer_initPWMMode            
00001b91  TIMA0_IRQHandler                
00001c55  JY61P_GetData                   
00001d05  __udivmoddi4                    
00001da7  __aeabi_idiv0                   
00001da9  SYSCFG_DL_initPower             
00001e49  JY901S_Read                     
00001ee1  __aeabi_fmul                    
00001ee1  __mulsf3                        
00002075  SYSCFG_DL_PWM_motor_init        
000020f5  __TI_decompress_lzss            
00002171  __gedf2                         
00002171  __gtdf2                         
000021e5  DL_Common_delayCycles           
000021ef  __aeabi_ldiv0                   
000021f1  __aeabi_d2f                     
000021f1  __truncdfsf2                    
00002265  UART1_IRQHandler                
000022d1  MyI2C_ReceiveByte               
00002339  __cmpdf2                        
00002339  __eqdf2                         
00002339  __ledf2                         
00002339  __ltdf2                         
00002339  __nedf2                         
00002407  _nop                            
00002409  __aeabi_dcmpeq                  
0000241d  __aeabi_dcmplt                  
00002431  __aeabi_dcmple                  
00002445  __aeabi_dcmpge                  
00002459  __aeabi_dcmpgt                  
0000246d  UART3_IRQHandler                
000024cd  SYSCFG_DL_UART_1_init           
00002529  frexp                           
00002529  frexpl                          
00002585  printf                          
000025e1  SYSCFG_DL_I2C_OLED_init         
00002639  __TI_ltoa                       
000026e9  __aeabi_idiv                    
000026e9  __aeabi_idivmod                 
000027e1  fputs                           
0000287d  MyI2C_SendByte                  
000028c9  __aeabi_d2iz                    
000028c9  __fixdfsi                       
00002915  DL_UART_init                    
0000295d  JY901S_Init                     
000029a5  SYSCFG_DL_UART_0_init           
000029ed  SYSCFG_DL_init                  
00002a31  SYSCFG_DL_UART_2_init           
00002a71  __aeabi_uidiv                   
00002a71  __aeabi_uidivmod                
00002ab1  __aeabi_f2d                     
00002ab1  __extendsfdf2                   
00002af1  atoi                            
00002b6d  MyI2C_R_SDA                     
00002ba9  MyI2C_W_SDA                     
00002be5  __aeabi_i2f                     
00002be5  __floatsisf                     
00002c21  __TI_auto_init_nobinit_nopinit  
00002c5d  __muldsi3                       
00002c97  tim_interrupt_ms_init           
00002cd1  __aeabi_f2iz                    
00002cd1  __fixsfsi                       
00002d71  MyI2C_W_SCL                     
00002da5  SYSCFG_DL_TIMER_0_init          
00002dd9  MyI2C_ReceiveAck                
00002f19  __aeabi_i2d                     
00002f19  __floatsidf                     
00002f45  pid_init                        
00003039  MyI2C_Start                     
00003061  SDA_OUT                         
00003089  _c_int00_noargs                 
000030d7  DL_I2C_setClockConfig           
000030fd  MyI2C_SendAck                   
00003123  Delay_us                        
00003149  __aeabi_lmul                    
00003149  __muldi3                        
0000316d  delay_ms                        
00003191  uart_init                       
000031b5  SYSCFG_DL_SYSCTL_init           
000031d7  memccpy                         
00003219  DL_UART_transmitDataBlocking    
00003239  MyI2C_Stop                      
00003279  __aeabi_llsl                    
00003279  __ashldi3                       
000033cd  DL_Timer_setCaptCompUpdateMethod
000033e9  DL_Timer_setClockConfig         
00003421  fputc                           
000035ed  DL_Timer_setCaptureCompareOutCtl
000036ad  UART0_IRQHandler                
00003707  SDA_IN                          
0000371d  SysTick_Init                    
00003733  gpio_get                        
00003749  __TI_zero_init_nomemset         
000037ed  __aeabi_uldivmod                
0000384b  DL_UART_setClockConfig          
0000385d  TI_memcpy_small                 
0000386f  __TI_decompress_none            
00003881  DL_Timer_setCaptureCompareValue 
00003891  SysTick_Handler                 
000038a1  motor_init                      
000038b1  wcslen                          
000038c1  __aeabi_memset                  
000038c1  __aeabi_memset4                 
000038c1  __aeabi_memset8                 
000038dd  strlen                          
000038eb  TI_memset_small                 
0000391f  encoder_init                    
00003929  __aeabi_errno_addr              
00003931  __aeabi_memcpy                  
00003931  __aeabi_memcpy4                 
00003931  __aeabi_memcpy8                 
00003949  abort                           
0000394f  ADC0_IRQHandler                 
0000394f  ADC1_IRQHandler                 
0000394f  AES_IRQHandler                  
0000394f  CANFD0_IRQHandler               
0000394f  DAC0_IRQHandler                 
0000394f  DMA_IRQHandler                  
0000394f  Default_Handler                 
0000394f  GROUP0_IRQHandler               
0000394f  HardFault_Handler               
0000394f  I2C0_IRQHandler                 
0000394f  I2C1_IRQHandler                 
0000394f  NMI_Handler                     
0000394f  PendSV_Handler                  
0000394f  RTC_IRQHandler                  
0000394f  SPI0_IRQHandler                 
0000394f  SPI1_IRQHandler                 
0000394f  SVC_Handler                     
0000394f  TIMA1_IRQHandler                
0000394f  TIMG0_IRQHandler                
0000394f  TIMG12_IRQHandler               
0000394f  TIMG6_IRQHandler                
0000394f  TIMG7_IRQHandler                
0000394f  TIMG8_IRQHandler                
0000394f  UART2_IRQHandler                
00003952  C$$EXIT                         
00003953  HOSTexit                        
00003957  Reset_Handler                   
0000396d  _system_pre_init                
00003970  __aeabi_ctype_table_            
00003970  __aeabi_ctype_table_C           
00003b40  __TI_Handler_Table_Base         
00003b4c  __TI_Handler_Table_Limit        
00003b54  __TI_CINIT_Base                 
00003b64  __TI_CINIT_Limit                
00003b64  __TI_CINIT_Warm                 
20200000  BLERX_BUFF                      
20200000  __start___llvm_prf_bits         
20200000  __start___llvm_prf_cnts         
20200000  __stop___llvm_prf_bits          
20200000  __stop___llvm_prf_cnts          
202000c8  gTIMER_0Backup                  
20200184  angle                           
202001b8  motorA                          
202001ec  motorB                          
20200220  gUART_1Backup                   
20200250  error                           
20200254  last_yaw                        
20200258  tick_ms                         
2020025c  yaw                             
20200260  yaw_gyro                        
20200264  yaw_o                           
20200268  _ftable                         
20200358  Encoder_count1                  
2020035c  Encoder_count2                  
20200360  __aeabi_errno                   
20200364  _lock                           
20200368  _unlock                         
2020036c  BLERX_FLAG                      
2020036d  BLERX_LEN                       
2020036e  gEchoData                       
2020036f  motorA_dir                      
20200370  motorB_dir                      
20200371  num                             
20207e00  __stack                         
20208000  __STACK_END                     
ffffffff  __TI_pprof_out_hndl             
ffffffff  __TI_prof_data_size             
ffffffff  __TI_prof_data_start            
ffffffff  __binit__                       
ffffffff  binit                           
UNDEFED   __mpu_init                      
UNDEFED   _system_post_cinit              

[218 symbols]
