******************************************************************************
            TI ARM Clang Linker PC v4.0.3                      
******************************************************************************
>> Linked Fri Jul 11 19:35:49 2025

OUTPUT FILE NAME:   <empty_LP_MSPM0G3507_nortos_ticlang.out>
ENTRY POINT SYMBOL: "_c_int00_noargs"  address: 00001511


MEMORY CONFIGURATION

         name            origin    length      used     unused   attr    fill
----------------------  --------  ---------  --------  --------  ----  --------
  FLASH                 00000000   00020000  00001ed8  0001e128  R  X
  SRAM                  20200000   00008000  0000023c  00007dc4  RW X
  BCR_CONFIG            41c00000   00000080  00000000  00000080  R   
  BSL_CONFIG            41c00100   00000080  00000000  00000080  R   


SEGMENT ALLOCATION MAP

run origin  load origin   length   init length attrs members
----------  ----------- ---------- ----------- ----- -------
00000000    00000000    00001ed8   00001ed8    r-x
  00000000    00000000    000000c0   000000c0    r-- .intvecs
  000000c0    000000c0    00001598   00001598    r-x .text
  00001658    00001658    00000850   00000850    r-- .rodata
  00001ea8    00001ea8    00000030   00000030    r-- .cinit
20200000    20200000    0000003c   00000000    rw-
  20200000    20200000    0000003b   00000000    rw- .bss
  2020003b    2020003b    00000001   00000000    rw- .data
20207e00    20207e00    00000200   00000000    rw-
  20207e00    20207e00    00000200   00000000    rw- .stack


SECTION ALLOCATION MAP

 output                                  attributes/
section   page    origin      length       input sections
--------  ----  ----------  ----------   ----------------
.intvecs   0    00000000    000000c0     
                  00000000    000000c0     startup_mspm0g350x_ticlang.o (.intvecs)

.text      0    000000c0    00001598     
                  000000c0    000002c4     oled_hardware_i2c.o (.text.OLED_Init)
                  00000384    000001f0     my_i2c.o (.text.MyI2C_ReceiveByte)
                  00000574    000001e0     ml_lsm6dsv16x.o (.text.LSM6DSV16X_Init)
                  00000754    000001a0     my_i2c.o (.text.MyI2C_SendByte)
                  000008f4    00000138     oled_hardware_i2c.o (.text.OLED_WR_Byte)
                  00000a2c    00000108     my_i2c.o (.text.MyI2C_ReceiveAck)
                  00000b34    000000fc     my_i2c.o (.text.MyI2C_Start)
                  00000c30    000000dc     oled_hardware_i2c.o (.text.OLED_ShowChar)
                  00000d0c    000000c8     my_i2c.o (.text.MyI2C_SendAck)
                  00000dd4    000000c8     my_i2c.o (.text.MyI2C_Stop)
                  00000e9c    000000a8     ml_uart.o (.text.puts)
                  00000f44    0000009a     libc.a : memcpy16.S.obj (.text:memcpy)
                  00000fde    00000002     startup_mspm0g350x_ticlang.o (.text.Default_Handler)
                  00000fe0    0000007c     libc.a : copy_decompress_lzss.c.obj (.text:decompress:lzss)
                  0000105c    00000070     ti_msp_dl_config.o (.text.SYSCFG_DL_UART_0_init)
                  000010cc    00000070     ti_msp_dl_config.o (.text.SYSCFG_DL_UART_1_init)
                  0000113c    0000005e     driverlib.a : dl_i2c.o (.text.DL_I2C_fillControllerTXFIFO)
                  0000119a    00000002     libclang_rt.builtins.a : aeabi_div0.c.obj (.text.__aeabi_idiv0)
                  0000119c    00000054     ti_msp_dl_config.o (.text.SYSCFG_DL_I2C_OLED_init)
                  000011f0    0000004c     main.o (.text.UART3_IRQHandler)
                  0000123c    0000004c     main.o (.text.main)
                  00001288    00000048     driverlib.a : dl_uart.o (.text.DL_UART_init)
                  000012d0    00000048     ti_msp_dl_config.o (.text.SYSCFG_DL_initPower)
                  00001318    00000044     ti_msp_dl_config.o (.text.SYSCFG_DL_GPIO_init)
                  0000135c    00000040     libclang_rt.builtins.a : aeabi_uidivmod.S.obj (.text.__aeabi_uidivmod)
                  0000139c    0000003e     ml_lsm6dsv16x.o (.text.LSM6DSV16X_Read)
                  000013da    00000002     --HOLE-- [fill = 0]
                  000013dc    0000003c     libc.a : autoinit.c.obj (.text:__TI_auto_init_nobinit_nopinit)
                  00001418    00000038     clock.o (.text.SysTick_Init)
                  00001450    00000034     clock.o (.text.delay_ms)
                  00001484    00000034     clock.o (.text.mspm0_delay_ms)
                  000014b8    00000030     ti_msp_dl_config.o (.text.SYSCFG_DL_SYSCTL_init)
                  000014e8    00000028     ti_msp_dl_config.o (.text.SYSCFG_DL_init)
                  00001510    00000028     libc.a : boot_cortex_m.c.obj (.text:_c_int00_noargs)
                  00001538    00000026     driverlib.a : dl_i2c.o (.text.DL_I2C_setClockConfig)
                  0000155e    00000002     --HOLE-- [fill = 0]
                  00001560    00000020                 : dl_uart.o (.text.DL_UART_receiveDataBlocking)
                  00001580    00000020                 : dl_uart.o (.text.DL_UART_transmitDataBlocking)
                  000015a0    00000020     ml_uart.o (.text.uart_init)
                  000015c0    00000018     clock.o (.text.mspm0_get_clock_ms)
                  000015d8    00000016     libc.a : copy_zero_init.c.obj (.text:decompress:ZI:__TI_zero_init_nomemset)
                  000015ee    00000012     driverlib.a : dl_uart.o (.text.DL_UART_setClockConfig)
                  00001600    00000012     libc.a : copy_decompress_none.c.obj (.text:decompress:none)
                  00001612    00000002     --HOLE-- [fill = 0]
                  00001614    00000010     main.o (.text.SysTick_Handler)
                  00001624    0000000c     main.o (.text.UART0_IRQHandler)
                  00001630    0000000a     driverlib.a : dl_common.o (.text.DL_Common_delayCycles)
                  0000163a    00000002     --HOLE-- [fill = 0]
                  0000163c    00000008     libclang_rt.builtins.a : aeabi_memcpy.S.obj (.text.__aeabi_memcpy)
                  00001644    00000006     libc.a : exit.c.obj (.text:abort)
                  0000164a    00000004     libsysbm.a : hostexit.c.obj (.text.HOSTexit)
                  0000164e    00000004     startup_mspm0g350x_ticlang.o (.text.Reset_Handler)
                  00001652    00000004     libc.a : pre_init.c.obj (.text._system_pre_init)
                  00001656    00000002     --HOLE-- [fill = 0]

.cinit     0    00001ea8    00000030     
                  00001ea8    0000000c     (__TI_handler_table)
                  00001eb4    00000008     (.cinit..bss.load) [load image, compression = zero_init]
                  00001ebc    00000005     (.cinit..data.load) [load image, compression = lzss]
                  00001ec1    00000003     --HOLE-- [fill = 0]
                  00001ec4    00000010     (__TI_cinit_table)
                  00001ed4    00000004     --HOLE-- [fill = 0]

.rodata    0    00001658    00000850     
                  00001658    000005f0     oled_hardware_i2c.o (.rodata.asc2_1608)
                  00001c48    00000228     oled_hardware_i2c.o (.rodata.asc2_0806)
                  00001e70    0000000c     main.o (.rodata.str1.11272840709118174904.1)
                  00001e7c    0000000b     main.o (.rodata.str1.735639854651301470.1)
                  00001e87    00000001     --HOLE-- [fill = 0]
                  00001e88    0000000a     ti_msp_dl_config.o (.rodata.gUART_0Config)
                  00001e92    0000000a     ti_msp_dl_config.o (.rodata.gUART_1Config)
                  00001e9c    00000002     ti_msp_dl_config.o (.rodata.gI2C_OLEDClockConfig)
                  00001e9e    00000002     ti_msp_dl_config.o (.rodata.gUART_0ClockConfig)
                  00001ea0    00000002     ti_msp_dl_config.o (.rodata.gUART_1ClockConfig)
                  00001ea2    00000006     --HOLE-- [fill = 0]

.init_array 
*          0    00000000    00000000     UNINITIALIZED

.binit     0    00000000    00000000     

.bss       0    20200000    0000003b     UNINITIALIZED
                  20200000    00000030     (.common:gUART_1Backup)
                  20200030    00000004     (.common:start_time)
                  20200034    00000004     (.common:tick_ms)
                  20200038    00000002     (.common:gz)
                  2020003a    00000001     (.common:count)

.data      0    2020003b    00000001     UNINITIALIZED
                  2020003b    00000001     main.o (.data.gEchoData)

.stack     0    20207e00    00000200     UNINITIALIZED
                  20207e00    00000004     libc.a : boot_cortex_m.c.obj (.stack)
                  20207e04    000001fc     --HOLE--

__llvm_prf_cnts 
*          0    20200000    00000000     UNINITIALIZED

__llvm_prf_bits 
*          0    20200000    00000000     UNINITIALIZED

MODULE SUMMARY

       Module                         code   ro data   rw data
       ------                         ----   -------   -------
    .\
       ti_msp_dl_config.o             536    26        48     
       main.o                         180    23        2      
       startup_mspm0g350x_ticlang.o   6      192       0      
    +--+------------------------------+------+---------+---------+
       Total:                         722    241       50     
                                                              
    .\ml_libs\
       oled_hardware_i2c.o            1240   2072      0      
       my_i2c.o                       1828   0         0      
       ml_lsm6dsv16x.o                542    0         2      
       ml_uart.o                      200    0         0      
       clock.o                        184    0         8      
    +--+------------------------------+------+---------+---------+
       Total:                         3994   2072      10     
                                                              
    C:/ti/mspm0_sdk_2_00_01_00/source/ti/driverlib/lib/ticlang/m0p/mspm0g1x0x_g3x0x/driverlib.a
       dl_uart.o                      154    0         0      
       dl_i2c.o                       132    0         0      
       dl_common.o                    10     0         0      
    +--+------------------------------+------+---------+---------+
       Total:                         296    0         0      
                                                              
    E:\ti\ccs2020\ccs\tools\compiler\ti-cgt-armllvm_4.0.3.LTS\lib\armv6m-ti-none-eabi/c/libc.a
       memcpy16.S.obj                 154    0         0      
       copy_decompress_lzss.c.obj     124    0         0      
       autoinit.c.obj                 60     0         0      
       boot_cortex_m.c.obj            40     0         0      
       copy_zero_init.c.obj           22     0         0      
       copy_decompress_none.c.obj     18     0         0      
       exit.c.obj                     6      0         0      
       pre_init.c.obj                 4      0         0      
    +--+------------------------------+------+---------+---------+
       Total:                         428    0         0      
                                                              
    E:\ti\ccs2020\ccs\tools\compiler\ti-cgt-armllvm_4.0.3.LTS\lib\armv6m-ti-none-eabi/c/libsysbm.a
       hostexit.c.obj                 4      0         0      
    +--+------------------------------+------+---------+---------+
       Total:                         4      0         0      
                                                              
    E:\ti\ccs2020\ccs\tools\compiler\ti-cgt-armllvm_4.0.3.LTS\lib\armv6m-ti-none-eabi/libclang_rt.builtins.a
       aeabi_uidivmod.S.obj           64     0         0      
       aeabi_memcpy.S.obj             8      0         0      
       aeabi_div0.c.obj               2      0         0      
    +--+------------------------------+------+---------+---------+
       Total:                         74     0         0      
                                                              
       Stack:                         0      0         512    
       Linker Generated:              0      41        0      
    +--+------------------------------+------+---------+---------+
       Grand Total:                   5518   2354      572    


LINKER GENERATED COPY TABLES

__TI_cinit_table @ 00001ec4 records: 2, size/record: 8, table size: 16
	.bss: load addr=00001eb4, load size=00000008 bytes, run addr=20200000, run size=0000003b bytes, compression=zero_init
	.data: load addr=00001ebc, load size=00000005 bytes, run addr=2020003b, run size=00000001 bytes, compression=lzss


LINKER GENERATED HANDLER TABLE

__TI_handler_table @ 00001ea8 records: 3, size/record: 4, table size: 12
	index: 0, handler: __TI_decompress_lzss
	index: 1, handler: __TI_decompress_none
	index: 2, handler: __TI_zero_init


GLOBAL SYMBOLS: SORTED ALPHABETICALLY BY Name 

address   name                          
-------   ----                          
00000fdf  ADC0_IRQHandler               
00000fdf  ADC1_IRQHandler               
00000fdf  AES_IRQHandler                
0000164a  C$$EXIT                       
00000fdf  CANFD0_IRQHandler             
00000fdf  DAC0_IRQHandler               
00001631  DL_Common_delayCycles         
0000113d  DL_I2C_fillControllerTXFIFO   
00001539  DL_I2C_setClockConfig         
00001289  DL_UART_init                  
00001561  DL_UART_receiveDataBlocking   
000015ef  DL_UART_setClockConfig        
00001581  DL_UART_transmitDataBlocking  
00000fdf  DMA_IRQHandler                
00000fdf  Default_Handler               
00000fdf  GROUP0_IRQHandler             
00000fdf  GROUP1_IRQHandler             
0000164b  HOSTexit                      
00000fdf  HardFault_Handler             
00000fdf  I2C0_IRQHandler               
00000fdf  I2C1_IRQHandler               
00000575  LSM6DSV16X_Init               
0000139d  LSM6DSV16X_Read               
00000a2d  MyI2C_ReceiveAck              
00000385  MyI2C_ReceiveByte             
00000d0d  MyI2C_SendAck                 
00000755  MyI2C_SendByte                
00000b35  MyI2C_Start                   
00000dd5  MyI2C_Stop                    
00000fdf  NMI_Handler                   
000000c1  OLED_Init                     
00000c31  OLED_ShowChar                 
000008f5  OLED_WR_Byte                  
00000fdf  PendSV_Handler                
00000fdf  RTC_IRQHandler                
0000164f  Reset_Handler                 
00000fdf  SPI0_IRQHandler               
00000fdf  SPI1_IRQHandler               
00000fdf  SVC_Handler                   
00001319  SYSCFG_DL_GPIO_init           
0000119d  SYSCFG_DL_I2C_OLED_init       
000014b9  SYSCFG_DL_SYSCTL_init         
0000105d  SYSCFG_DL_UART_0_init         
000010cd  SYSCFG_DL_UART_1_init         
000014e9  SYSCFG_DL_init                
000012d1  SYSCFG_DL_initPower           
00001615  SysTick_Handler               
00001419  SysTick_Init                  
00000fdf  TIMA0_IRQHandler              
00000fdf  TIMA1_IRQHandler              
00000fdf  TIMG0_IRQHandler              
00000fdf  TIMG12_IRQHandler             
00000fdf  TIMG6_IRQHandler              
00000fdf  TIMG7_IRQHandler              
00000fdf  TIMG8_IRQHandler              
00001625  UART0_IRQHandler              
00000fdf  UART1_IRQHandler              
00000fdf  UART2_IRQHandler              
000011f1  UART3_IRQHandler              
20208000  __STACK_END                   
00000200  __STACK_SIZE                  
00000000  __TI_ATRegion0_region_sz      
00000000  __TI_ATRegion0_src_addr       
00000000  __TI_ATRegion0_trg_addr       
00000000  __TI_ATRegion1_region_sz      
00000000  __TI_ATRegion1_src_addr       
00000000  __TI_ATRegion1_trg_addr       
00000000  __TI_ATRegion2_region_sz      
00000000  __TI_ATRegion2_src_addr       
00000000  __TI_ATRegion2_trg_addr       
00001ec4  __TI_CINIT_Base               
00001ed4  __TI_CINIT_Limit              
00001ed4  __TI_CINIT_Warm               
00001ea8  __TI_Handler_Table_Base       
00001eb4  __TI_Handler_Table_Limit      
000013dd  __TI_auto_init_nobinit_nopinit
00000fe1  __TI_decompress_lzss          
00001601  __TI_decompress_none          
ffffffff  __TI_pprof_out_hndl           
ffffffff  __TI_prof_data_size           
ffffffff  __TI_prof_data_start          
00000000  __TI_static_base__            
000015d9  __TI_zero_init_nomemset       
0000119b  __aeabi_idiv0                 
0000163d  __aeabi_memcpy                
0000163d  __aeabi_memcpy4               
0000163d  __aeabi_memcpy8               
0000135d  __aeabi_uidiv                 
0000135d  __aeabi_uidivmod              
ffffffff  __binit__                     
UNDEFED   __mpu_init                    
20207e00  __stack                       
20200000  __start___llvm_prf_bits       
20200000  __start___llvm_prf_cnts       
20200000  __stop___llvm_prf_bits        
20200000  __stop___llvm_prf_cnts        
00001511  _c_int00_noargs               
UNDEFED   _system_post_cinit            
00001653  _system_pre_init              
00001645  abort                         
00001c48  asc2_0806                     
00001658  asc2_1608                     
ffffffff  binit                         
2020003a  count                         
00001451  delay_ms                      
2020003b  gEchoData                     
20200000  gUART_1Backup                 
20200038  gz                            
00000000  interruptVectors              
0000123d  main                          
00000f45  memcpy                        
00001485  mspm0_delay_ms                
000015c1  mspm0_get_clock_ms            
00000e9d  puts                          
20200030  start_time                    
20200034  tick_ms                       
000015a1  uart_init                     


GLOBAL SYMBOLS: SORTED BY Symbol Address 

address   name                          
-------   ----                          
00000000  __TI_ATRegion0_region_sz      
00000000  __TI_ATRegion0_src_addr       
00000000  __TI_ATRegion0_trg_addr       
00000000  __TI_ATRegion1_region_sz      
00000000  __TI_ATRegion1_src_addr       
00000000  __TI_ATRegion1_trg_addr       
00000000  __TI_ATRegion2_region_sz      
00000000  __TI_ATRegion2_src_addr       
00000000  __TI_ATRegion2_trg_addr       
00000000  __TI_static_base__            
00000000  interruptVectors              
000000c1  OLED_Init                     
00000200  __STACK_SIZE                  
00000385  MyI2C_ReceiveByte             
00000575  LSM6DSV16X_Init               
00000755  MyI2C_SendByte                
000008f5  OLED_WR_Byte                  
00000a2d  MyI2C_ReceiveAck              
00000b35  MyI2C_Start                   
00000c31  OLED_ShowChar                 
00000d0d  MyI2C_SendAck                 
00000dd5  MyI2C_Stop                    
00000e9d  puts                          
00000f45  memcpy                        
00000fdf  ADC0_IRQHandler               
00000fdf  ADC1_IRQHandler               
00000fdf  AES_IRQHandler                
00000fdf  CANFD0_IRQHandler             
00000fdf  DAC0_IRQHandler               
00000fdf  DMA_IRQHandler                
00000fdf  Default_Handler               
00000fdf  GROUP0_IRQHandler             
00000fdf  GROUP1_IRQHandler             
00000fdf  HardFault_Handler             
00000fdf  I2C0_IRQHandler               
00000fdf  I2C1_IRQHandler               
00000fdf  NMI_Handler                   
00000fdf  PendSV_Handler                
00000fdf  RTC_IRQHandler                
00000fdf  SPI0_IRQHandler               
00000fdf  SPI1_IRQHandler               
00000fdf  SVC_Handler                   
00000fdf  TIMA0_IRQHandler              
00000fdf  TIMA1_IRQHandler              
00000fdf  TIMG0_IRQHandler              
00000fdf  TIMG12_IRQHandler             
00000fdf  TIMG6_IRQHandler              
00000fdf  TIMG7_IRQHandler              
00000fdf  TIMG8_IRQHandler              
00000fdf  UART1_IRQHandler              
00000fdf  UART2_IRQHandler              
00000fe1  __TI_decompress_lzss          
0000105d  SYSCFG_DL_UART_0_init         
000010cd  SYSCFG_DL_UART_1_init         
0000113d  DL_I2C_fillControllerTXFIFO   
0000119b  __aeabi_idiv0                 
0000119d  SYSCFG_DL_I2C_OLED_init       
000011f1  UART3_IRQHandler              
0000123d  main                          
00001289  DL_UART_init                  
000012d1  SYSCFG_DL_initPower           
00001319  SYSCFG_DL_GPIO_init           
0000135d  __aeabi_uidiv                 
0000135d  __aeabi_uidivmod              
0000139d  LSM6DSV16X_Read               
000013dd  __TI_auto_init_nobinit_nopinit
00001419  SysTick_Init                  
00001451  delay_ms                      
00001485  mspm0_delay_ms                
000014b9  SYSCFG_DL_SYSCTL_init         
000014e9  SYSCFG_DL_init                
00001511  _c_int00_noargs               
00001539  DL_I2C_setClockConfig         
00001561  DL_UART_receiveDataBlocking   
00001581  DL_UART_transmitDataBlocking  
000015a1  uart_init                     
000015c1  mspm0_get_clock_ms            
000015d9  __TI_zero_init_nomemset       
000015ef  DL_UART_setClockConfig        
00001601  __TI_decompress_none          
00001615  SysTick_Handler               
00001625  UART0_IRQHandler              
00001631  DL_Common_delayCycles         
0000163d  __aeabi_memcpy                
0000163d  __aeabi_memcpy4               
0000163d  __aeabi_memcpy8               
00001645  abort                         
0000164a  C$$EXIT                       
0000164b  HOSTexit                      
0000164f  Reset_Handler                 
00001653  _system_pre_init              
00001658  asc2_1608                     
00001c48  asc2_0806                     
00001ea8  __TI_Handler_Table_Base       
00001eb4  __TI_Handler_Table_Limit      
00001ec4  __TI_CINIT_Base               
00001ed4  __TI_CINIT_Limit              
00001ed4  __TI_CINIT_Warm               
20200000  __start___llvm_prf_bits       
20200000  __start___llvm_prf_cnts       
20200000  __stop___llvm_prf_bits        
20200000  __stop___llvm_prf_cnts        
20200000  gUART_1Backup                 
20200030  start_time                    
20200034  tick_ms                       
20200038  gz                            
2020003a  count                         
2020003b  gEchoData                     
20207e00  __stack                       
20208000  __STACK_END                   
ffffffff  __TI_pprof_out_hndl           
ffffffff  __TI_prof_data_size           
ffffffff  __TI_prof_data_start          
ffffffff  __binit__                     
ffffffff  binit                         
UNDEFED   __mpu_init                    
UNDEFED   _system_post_cinit            

[117 symbols]
