Component: Arm Compiler for Embedded 6.22 Tool: armlink [5ee90200]

==============================================================================

Section Cross References

    startup_mspm0g350x_uvision.o(STACK) refers (Special) to heapauxi.o(.text) for __use_two_region_memory
    startup_mspm0g350x_uvision.o(HEAP) refers (Special) to heapauxi.o(.text) for __use_two_region_memory
    startup_mspm0g350x_uvision.o(RESET) refers (Special) to heapauxi.o(.text) for __use_two_region_memory
    startup_mspm0g350x_uvision.o(RESET) refers to startup_mspm0g350x_uvision.o(STACK) for __initial_sp
    startup_mspm0g350x_uvision.o(RESET) refers to startup_mspm0g350x_uvision.o(.text) for Reset_Handler
    startup_mspm0g350x_uvision.o(.text) refers (Special) to heapauxi.o(.text) for __use_two_region_memory
    startup_mspm0g350x_uvision.o(.text) refers to __main.o(!!!main) for __main
    startup_mspm0g350x_uvision.o(.text) refers to startup_mspm0g350x_uvision.o(HEAP) for Heap_Mem
    startup_mspm0g350x_uvision.o(.text) refers to startup_mspm0g350x_uvision.o(STACK) for Stack_Mem
    main.o(.ARM.exidx.text.Delay) refers to main.o(.text.Delay) for [Anonymous Symbol]
    main.o(.text.main) refers to ti_msp_dl_config.o(.text.SYSCFG_DL_init) for SYSCFG_DL_init
    main.o(.text.main) refers to main.o(.text.DL_GPIO_initDigitalOutput) for DL_GPIO_initDigitalOutput
    main.o(.text.main) refers to main.o(.text.DL_GPIO_initDigitalInput) for DL_GPIO_initDigitalInput
    main.o(.text.main) refers to main.o(.text.DL_GPIO_clearPins) for DL_GPIO_clearPins
    main.o(.text.main) refers to main.o(.text.DL_GPIO_readPins) for DL_GPIO_readPins
    main.o(.text.main) refers to main.o(.text.Delay) for Delay
    main.o(.text.main) refers to main.o(.text.DL_GPIO_togglePins) for DL_GPIO_togglePins
    main.o(.ARM.exidx.text.main) refers to main.o(.text.main) for [Anonymous Symbol]
    main.o(.ARM.exidx.text.DL_GPIO_initDigitalOutput) refers to main.o(.text.DL_GPIO_initDigitalOutput) for [Anonymous Symbol]
    main.o(.ARM.exidx.text.DL_GPIO_initDigitalInput) refers to main.o(.text.DL_GPIO_initDigitalInput) for [Anonymous Symbol]
    main.o(.ARM.exidx.text.DL_GPIO_clearPins) refers to main.o(.text.DL_GPIO_clearPins) for [Anonymous Symbol]
    main.o(.ARM.exidx.text.DL_GPIO_readPins) refers to main.o(.text.DL_GPIO_readPins) for [Anonymous Symbol]
    main.o(.ARM.exidx.text.DL_GPIO_togglePins) refers to main.o(.text.DL_GPIO_togglePins) for [Anonymous Symbol]
    ti_msp_dl_config.o(.text.SYSCFG_DL_init) refers to ti_msp_dl_config.o(.text.SYSCFG_DL_initPower) for SYSCFG_DL_initPower
    ti_msp_dl_config.o(.text.SYSCFG_DL_init) refers to ti_msp_dl_config.o(.text.SYSCFG_DL_GPIO_init) for SYSCFG_DL_GPIO_init
    ti_msp_dl_config.o(.text.SYSCFG_DL_init) refers to ti_msp_dl_config.o(.text.SYSCFG_DL_SYSCTL_init) for SYSCFG_DL_SYSCTL_init
    ti_msp_dl_config.o(.text.SYSCFG_DL_init) refers to ti_msp_dl_config.o(.text.SYSCFG_DL_I2C_0_init) for SYSCFG_DL_I2C_0_init
    ti_msp_dl_config.o(.ARM.exidx.text.SYSCFG_DL_init) refers to ti_msp_dl_config.o(.text.SYSCFG_DL_init) for [Anonymous Symbol]
    ti_msp_dl_config.o(.text.SYSCFG_DL_initPower) refers to ti_msp_dl_config.o(.text.DL_GPIO_reset) for DL_GPIO_reset
    ti_msp_dl_config.o(.text.SYSCFG_DL_initPower) refers to ti_msp_dl_config.o(.text.DL_I2C_reset) for DL_I2C_reset
    ti_msp_dl_config.o(.text.SYSCFG_DL_initPower) refers to ti_msp_dl_config.o(.text.DL_GPIO_enablePower) for DL_GPIO_enablePower
    ti_msp_dl_config.o(.text.SYSCFG_DL_initPower) refers to ti_msp_dl_config.o(.text.DL_I2C_enablePower) for DL_I2C_enablePower
    ti_msp_dl_config.o(.text.SYSCFG_DL_initPower) refers to dl_common.o(.text.DL_Common_delayCycles) for DL_Common_delayCycles
    ti_msp_dl_config.o(.ARM.exidx.text.SYSCFG_DL_initPower) refers to ti_msp_dl_config.o(.text.SYSCFG_DL_initPower) for [Anonymous Symbol]
    ti_msp_dl_config.o(.text.SYSCFG_DL_GPIO_init) refers to ti_msp_dl_config.o(.text.DL_GPIO_initPeripheralInputFunctionFeatures) for DL_GPIO_initPeripheralInputFunctionFeatures
    ti_msp_dl_config.o(.text.SYSCFG_DL_GPIO_init) refers to ti_msp_dl_config.o(.text.DL_GPIO_enableHiZ) for DL_GPIO_enableHiZ
    ti_msp_dl_config.o(.text.SYSCFG_DL_GPIO_init) refers to ti_msp_dl_config.o(.text.DL_GPIO_initDigitalOutput) for DL_GPIO_initDigitalOutput
    ti_msp_dl_config.o(.text.SYSCFG_DL_GPIO_init) refers to ti_msp_dl_config.o(.text.DL_GPIO_initDigitalInput) for DL_GPIO_initDigitalInput
    ti_msp_dl_config.o(.text.SYSCFG_DL_GPIO_init) refers to ti_msp_dl_config.o(.text.DL_GPIO_setPins) for DL_GPIO_setPins
    ti_msp_dl_config.o(.text.SYSCFG_DL_GPIO_init) refers to ti_msp_dl_config.o(.text.DL_GPIO_enableOutput) for DL_GPIO_enableOutput
    ti_msp_dl_config.o(.ARM.exidx.text.SYSCFG_DL_GPIO_init) refers to ti_msp_dl_config.o(.text.SYSCFG_DL_GPIO_init) for [Anonymous Symbol]
    ti_msp_dl_config.o(.text.SYSCFG_DL_SYSCTL_init) refers to ti_msp_dl_config.o(.text.DL_SYSCTL_setBORThreshold) for DL_SYSCTL_setBORThreshold
    ti_msp_dl_config.o(.text.SYSCFG_DL_SYSCTL_init) refers to ti_msp_dl_config.o(.text.DL_SYSCTL_setSYSOSCFreq) for DL_SYSCTL_setSYSOSCFreq
    ti_msp_dl_config.o(.text.SYSCFG_DL_SYSCTL_init) refers to ti_msp_dl_config.o(.text.DL_SYSCTL_setULPCLKDivider) for DL_SYSCTL_setULPCLKDivider
    ti_msp_dl_config.o(.text.SYSCFG_DL_SYSCTL_init) refers to ti_msp_dl_config.o(.text.DL_SYSCTL_setMCLKDivider) for DL_SYSCTL_setMCLKDivider
    ti_msp_dl_config.o(.ARM.exidx.text.SYSCFG_DL_SYSCTL_init) refers to ti_msp_dl_config.o(.text.SYSCFG_DL_SYSCTL_init) for [Anonymous Symbol]
    ti_msp_dl_config.o(.text.SYSCFG_DL_I2C_0_init) refers to dl_i2c.o(.text.DL_I2C_setClockConfig) for DL_I2C_setClockConfig
    ti_msp_dl_config.o(.text.SYSCFG_DL_I2C_0_init) refers to ti_msp_dl_config.o(.text.DL_I2C_setAnalogGlitchFilterPulseWidth) for DL_I2C_setAnalogGlitchFilterPulseWidth
    ti_msp_dl_config.o(.text.SYSCFG_DL_I2C_0_init) refers to ti_msp_dl_config.o(.text.DL_I2C_enableAnalogGlitchFilter) for DL_I2C_enableAnalogGlitchFilter
    ti_msp_dl_config.o(.text.SYSCFG_DL_I2C_0_init) refers to ti_msp_dl_config.o(.rodata.gI2C_0ClockConfig) for [Anonymous Symbol]
    ti_msp_dl_config.o(.ARM.exidx.text.SYSCFG_DL_I2C_0_init) refers to ti_msp_dl_config.o(.text.SYSCFG_DL_I2C_0_init) for [Anonymous Symbol]
    ti_msp_dl_config.o(.ARM.exidx.text.DL_GPIO_reset) refers to ti_msp_dl_config.o(.text.DL_GPIO_reset) for [Anonymous Symbol]
    ti_msp_dl_config.o(.ARM.exidx.text.DL_I2C_reset) refers to ti_msp_dl_config.o(.text.DL_I2C_reset) for [Anonymous Symbol]
    ti_msp_dl_config.o(.ARM.exidx.text.DL_GPIO_enablePower) refers to ti_msp_dl_config.o(.text.DL_GPIO_enablePower) for [Anonymous Symbol]
    ti_msp_dl_config.o(.ARM.exidx.text.DL_I2C_enablePower) refers to ti_msp_dl_config.o(.text.DL_I2C_enablePower) for [Anonymous Symbol]
    ti_msp_dl_config.o(.ARM.exidx.text.DL_GPIO_initPeripheralInputFunctionFeatures) refers to ti_msp_dl_config.o(.text.DL_GPIO_initPeripheralInputFunctionFeatures) for [Anonymous Symbol]
    ti_msp_dl_config.o(.ARM.exidx.text.DL_GPIO_enableHiZ) refers to ti_msp_dl_config.o(.text.DL_GPIO_enableHiZ) for [Anonymous Symbol]
    ti_msp_dl_config.o(.ARM.exidx.text.DL_GPIO_initDigitalOutput) refers to ti_msp_dl_config.o(.text.DL_GPIO_initDigitalOutput) for [Anonymous Symbol]
    ti_msp_dl_config.o(.ARM.exidx.text.DL_GPIO_initDigitalInput) refers to ti_msp_dl_config.o(.text.DL_GPIO_initDigitalInput) for [Anonymous Symbol]
    ti_msp_dl_config.o(.ARM.exidx.text.DL_GPIO_setPins) refers to ti_msp_dl_config.o(.text.DL_GPIO_setPins) for [Anonymous Symbol]
    ti_msp_dl_config.o(.ARM.exidx.text.DL_GPIO_enableOutput) refers to ti_msp_dl_config.o(.text.DL_GPIO_enableOutput) for [Anonymous Symbol]
    ti_msp_dl_config.o(.ARM.exidx.text.DL_SYSCTL_setBORThreshold) refers to ti_msp_dl_config.o(.text.DL_SYSCTL_setBORThreshold) for [Anonymous Symbol]
    ti_msp_dl_config.o(.text.DL_SYSCTL_setSYSOSCFreq) refers to ti_msp_dl_config.o(.text.DL_Common_updateReg) for DL_Common_updateReg
    ti_msp_dl_config.o(.ARM.exidx.text.DL_SYSCTL_setSYSOSCFreq) refers to ti_msp_dl_config.o(.text.DL_SYSCTL_setSYSOSCFreq) for [Anonymous Symbol]
    ti_msp_dl_config.o(.text.DL_SYSCTL_setULPCLKDivider) refers to ti_msp_dl_config.o(.text.DL_Common_updateReg) for DL_Common_updateReg
    ti_msp_dl_config.o(.ARM.exidx.text.DL_SYSCTL_setULPCLKDivider) refers to ti_msp_dl_config.o(.text.DL_SYSCTL_setULPCLKDivider) for [Anonymous Symbol]
    ti_msp_dl_config.o(.text.DL_SYSCTL_setMCLKDivider) refers to ti_msp_dl_config.o(.text.DL_Common_updateReg) for DL_Common_updateReg
    ti_msp_dl_config.o(.ARM.exidx.text.DL_SYSCTL_setMCLKDivider) refers to ti_msp_dl_config.o(.text.DL_SYSCTL_setMCLKDivider) for [Anonymous Symbol]
    ti_msp_dl_config.o(.text.DL_I2C_setAnalogGlitchFilterPulseWidth) refers to ti_msp_dl_config.o(.text.DL_Common_updateReg) for DL_Common_updateReg
    ti_msp_dl_config.o(.ARM.exidx.text.DL_I2C_setAnalogGlitchFilterPulseWidth) refers to ti_msp_dl_config.o(.text.DL_I2C_setAnalogGlitchFilterPulseWidth) for [Anonymous Symbol]
    ti_msp_dl_config.o(.ARM.exidx.text.DL_I2C_enableAnalogGlitchFilter) refers to ti_msp_dl_config.o(.text.DL_I2C_enableAnalogGlitchFilter) for [Anonymous Symbol]
    ti_msp_dl_config.o(.ARM.exidx.text.DL_Common_updateReg) refers to ti_msp_dl_config.o(.text.DL_Common_updateReg) for [Anonymous Symbol]
    ml_gpio.o(.ARM.exidx.text.gpio_get) refers to ml_gpio.o(.text.gpio_get) for [Anonymous Symbol]
    ml_gpio.o(.ARM.exidx.text.gpio_set) refers to ml_gpio.o(.text.gpio_set) for [Anonymous Symbol]
    ml_gpio.o(.ARM.exidx.text.gpio_toggle) refers to ml_gpio.o(.text.gpio_toggle) for [Anonymous Symbol]
    ml_jy901s.o(.text.JY901S_Write) refers to mspm0_i2c.o(.text.I2C_Write) for I2C_Write
    ml_jy901s.o(.ARM.exidx.text.JY901S_Write) refers to ml_jy901s.o(.text.JY901S_Write) for [Anonymous Symbol]
    ml_jy901s.o(.text.JY901S_Read) refers to mspm0_i2c.o(.text.I2C_Read) for I2C_Read
    ml_jy901s.o(.ARM.exidx.text.JY901S_Read) refers to ml_jy901s.o(.text.JY901S_Read) for [Anonymous Symbol]
    ml_jy901s.o(.text.JY901S_Init) refers to clock.o(.text.delay_ms) for delay_ms
    ml_jy901s.o(.text.JY901S_Init) refers to ml_jy901s.o(.text.JY901S_Read) for JY901S_Read
    ml_jy901s.o(.text.JY901S_Init) refers to fflti.o(.text) for __aeabi_i2f
    ml_jy901s.o(.text.JY901S_Init) refers to fmul.o(x$fpl$fmul) for __aeabi_fmul
    ml_jy901s.o(.text.JY901S_Init) refers to ml_jy901s.o(.bss.yaw_o) for yaw_o
    ml_jy901s.o(.ARM.exidx.text.JY901S_Init) refers to ml_jy901s.o(.text.JY901S_Init) for [Anonymous Symbol]
    ml_jy901s.o(.text.JY901S_GetData) refers to ml_jy901s.o(.text.JY901S_Read) for JY901S_Read
    ml_jy901s.o(.text.JY901S_GetData) refers to dflti.o(.text) for __aeabi_i2d
    ml_jy901s.o(.text.JY901S_GetData) refers to ddiv.o(.text) for __aeabi_ddiv
    ml_jy901s.o(.text.JY901S_GetData) refers to dmul.o(.text) for __aeabi_dmul
    ml_jy901s.o(.text.JY901S_GetData) refers to d2f.o(.text) for __aeabi_d2f
    ml_jy901s.o(.text.JY901S_GetData) refers to faddsub.o(x$fpl$fsub) for __aeabi_fsub
    ml_jy901s.o(.text.JY901S_GetData) refers to f2d.o(.text) for __aeabi_f2d
    ml_jy901s.o(.text.JY901S_GetData) refers to dcmp.o(i._dgeq) for __aeabi_dcmpge
    ml_jy901s.o(.text.JY901S_GetData) refers to ml_jy901s.o(.bss.yaw) for yaw
    ml_jy901s.o(.text.JY901S_GetData) refers to ml_jy901s.o(.bss.last_yaw) for last_yaw
    ml_jy901s.o(.text.JY901S_GetData) refers to ml_jy901s.o(.bss.error) for error
    ml_jy901s.o(.text.JY901S_GetData) refers to ml_jy901s.o(.bss.yaw_gyro) for yaw_gyro
    ml_jy901s.o(.ARM.exidx.text.JY901S_GetData) refers to ml_jy901s.o(.text.JY901S_GetData) for [Anonymous Symbol]
    mspm0_i2c.o(.text.I2C_Init) refers to ti_msp_dl_config.o(.text.SYSCFG_DL_I2C_0_init) for SYSCFG_DL_I2C_0_init
    mspm0_i2c.o(.ARM.exidx.text.I2C_Init) refers to mspm0_i2c.o(.text.I2C_Init) for [Anonymous Symbol]
    mspm0_i2c.o(.text.I2C_Write) refers to rt_memcpy.o(.text) for __aeabi_memcpy
    mspm0_i2c.o(.text.I2C_Write) refers to mspm0_i2c.o(.text.DL_I2C_startControllerTransfer) for DL_I2C_startControllerTransfer
    mspm0_i2c.o(.text.I2C_Write) refers to dl_i2c.o(.text.DL_I2C_fillControllerTXFIFO) for DL_I2C_fillControllerTXFIFO
    mspm0_i2c.o(.text.I2C_Write) refers to mspm0_i2c.o(.text.DL_I2C_getControllerStatus) for DL_I2C_getControllerStatus
    mspm0_i2c.o(.ARM.exidx.text.I2C_Write) refers to mspm0_i2c.o(.text.I2C_Write) for [Anonymous Symbol]
    mspm0_i2c.o(.text.DL_I2C_startControllerTransfer) refers to mspm0_i2c.o(.text.DL_Common_updateReg) for DL_Common_updateReg
    mspm0_i2c.o(.ARM.exidx.text.DL_I2C_startControllerTransfer) refers to mspm0_i2c.o(.text.DL_I2C_startControllerTransfer) for [Anonymous Symbol]
    mspm0_i2c.o(.ARM.exidx.text.DL_I2C_getControllerStatus) refers to mspm0_i2c.o(.text.DL_I2C_getControllerStatus) for [Anonymous Symbol]
    mspm0_i2c.o(.text.I2C_Read) refers to mspm0_i2c.o(.text.DL_I2C_startControllerTransfer) for DL_I2C_startControllerTransfer
    mspm0_i2c.o(.text.I2C_Read) refers to mspm0_i2c.o(.text.DL_I2C_transmitControllerData) for DL_I2C_transmitControllerData
    mspm0_i2c.o(.text.I2C_Read) refers to mspm0_i2c.o(.text.DL_I2C_getControllerStatus) for DL_I2C_getControllerStatus
    mspm0_i2c.o(.text.I2C_Read) refers to mspm0_i2c.o(.text.DL_I2C_isControllerRXFIFOEmpty) for DL_I2C_isControllerRXFIFOEmpty
    mspm0_i2c.o(.text.I2C_Read) refers to mspm0_i2c.o(.text.DL_I2C_receiveControllerData) for DL_I2C_receiveControllerData
    mspm0_i2c.o(.ARM.exidx.text.I2C_Read) refers to mspm0_i2c.o(.text.I2C_Read) for [Anonymous Symbol]
    mspm0_i2c.o(.ARM.exidx.text.DL_I2C_transmitControllerData) refers to mspm0_i2c.o(.text.DL_I2C_transmitControllerData) for [Anonymous Symbol]
    mspm0_i2c.o(.ARM.exidx.text.DL_I2C_isControllerRXFIFOEmpty) refers to mspm0_i2c.o(.text.DL_I2C_isControllerRXFIFOEmpty) for [Anonymous Symbol]
    mspm0_i2c.o(.ARM.exidx.text.DL_I2C_receiveControllerData) refers to mspm0_i2c.o(.text.DL_I2C_receiveControllerData) for [Anonymous Symbol]
    mspm0_i2c.o(.ARM.exidx.text.DL_Common_updateReg) refers to mspm0_i2c.o(.text.DL_Common_updateReg) for [Anonymous Symbol]
    clock.o(.text.mspm0_delay_ms) refers to clock.o(.bss.tick_ms) for tick_ms
    clock.o(.text.mspm0_delay_ms) refers to clock.o(.bss.start_time) for start_time
    clock.o(.ARM.exidx.text.mspm0_delay_ms) refers to clock.o(.text.mspm0_delay_ms) for [Anonymous Symbol]
    clock.o(.text.delay_ms) refers to clock.o(.bss.tick_ms) for tick_ms
    clock.o(.text.delay_ms) refers to clock.o(.bss.start_time) for start_time
    clock.o(.ARM.exidx.text.delay_ms) refers to clock.o(.text.delay_ms) for [Anonymous Symbol]
    clock.o(.text.mspm0_get_clock_ms) refers to clock.o(.bss.tick_ms) for tick_ms
    clock.o(.ARM.exidx.text.mspm0_get_clock_ms) refers to clock.o(.text.mspm0_get_clock_ms) for [Anonymous Symbol]
    clock.o(.text.SysTick_Init) refers to clock.o(.text.SysTick_Config) for SysTick_Config
    clock.o(.text.SysTick_Init) refers to clock.o(.text.__NVIC_SetPriority) for __NVIC_SetPriority
    clock.o(.ARM.exidx.text.SysTick_Init) refers to clock.o(.text.SysTick_Init) for [Anonymous Symbol]
    clock.o(.text.SysTick_Config) refers to clock.o(.text.__NVIC_SetPriority) for __NVIC_SetPriority
    clock.o(.ARM.exidx.text.SysTick_Config) refers to clock.o(.text.SysTick_Config) for [Anonymous Symbol]
    clock.o(.ARM.exidx.text.__NVIC_SetPriority) refers to clock.o(.text.__NVIC_SetPriority) for [Anonymous Symbol]
    dl_common.o(.ARM.exidx.text.DL_Common_delayCycles) refers to dl_common.o(.text.DL_Common_delayCycles) for [Anonymous Symbol]
    dl_i2c.o(.ARM.exidx.text.DL_I2C_setClockConfig) refers to dl_i2c.o(.text.DL_I2C_setClockConfig) for [Anonymous Symbol]
    dl_i2c.o(.ARM.exidx.text.DL_I2C_getClockConfig) refers to dl_i2c.o(.text.DL_I2C_getClockConfig) for [Anonymous Symbol]
    dl_i2c.o(.ARM.exidx.text.DL_I2C_fillControllerTXFIFO) refers to dl_i2c.o(.text.DL_I2C_fillControllerTXFIFO) for [Anonymous Symbol]
    dl_i2c.o(.ARM.exidx.text.DL_I2C_flushControllerTXFIFO) refers to dl_i2c.o(.text.DL_I2C_flushControllerTXFIFO) for [Anonymous Symbol]
    dl_i2c.o(.ARM.exidx.text.DL_I2C_flushControllerRXFIFO) refers to dl_i2c.o(.text.DL_I2C_flushControllerRXFIFO) for [Anonymous Symbol]
    dl_i2c.o(.ARM.exidx.text.DL_I2C_fillTargetTXFIFO) refers to dl_i2c.o(.text.DL_I2C_fillTargetTXFIFO) for [Anonymous Symbol]
    dl_i2c.o(.ARM.exidx.text.DL_I2C_flushTargetTXFIFO) refers to dl_i2c.o(.text.DL_I2C_flushTargetTXFIFO) for [Anonymous Symbol]
    dl_i2c.o(.ARM.exidx.text.DL_I2C_flushTargetRXFIFO) refers to dl_i2c.o(.text.DL_I2C_flushTargetRXFIFO) for [Anonymous Symbol]
    dl_i2c.o(.ARM.exidx.text.DL_I2C_transmitTargetDataBlocking) refers to dl_i2c.o(.text.DL_I2C_transmitTargetDataBlocking) for [Anonymous Symbol]
    dl_i2c.o(.ARM.exidx.text.DL_I2C_transmitTargetDataCheck) refers to dl_i2c.o(.text.DL_I2C_transmitTargetDataCheck) for [Anonymous Symbol]
    dl_i2c.o(.ARM.exidx.text.DL_I2C_receiveTargetDataBlocking) refers to dl_i2c.o(.text.DL_I2C_receiveTargetDataBlocking) for [Anonymous Symbol]
    dl_i2c.o(.ARM.exidx.text.DL_I2C_receiveTargetDataCheck) refers to dl_i2c.o(.text.DL_I2C_receiveTargetDataCheck) for [Anonymous Symbol]
    rt_memcpy.o(.text) refers to rt_memcpy.o(.emb_text) for __aeabi_memcpy4
    __main.o(!!!main) refers to __rtentry.o(.ARM.Collect$$rtentry$$00000000) for __rt_entry
    d2f.o(.text) refers (Special) to usenofp.o(x$fpl$usenofp) for __I$use$fp
    dcmp.o(i.__eqdf2) refers (Special) to usenofp.o(x$fpl$usenofp) for __I$use$fp
    dcmp.o(i.__eqdf2) refers to deqf.o(x$fpl$deqf) for _dcmpeq
    dcmp.o(i.__gedf2) refers (Special) to usenofp.o(x$fpl$usenofp) for __I$use$fp
    dcmp.o(i.__gedf2) refers to dgef.o(x$fpl$dgeqf) for _dcmpge
    dcmp.o(i.__gtdf2) refers (Special) to usenofp.o(x$fpl$usenofp) for __I$use$fp
    dcmp.o(i.__gtdf2) refers to dgef.o(x$fpl$dgeqf) for _dcmpge
    dcmp.o(i.__ledf2) refers (Special) to usenofp.o(x$fpl$usenofp) for __I$use$fp
    dcmp.o(i.__ledf2) refers to dlef.o(x$fpl$dleqf) for _dcmple
    dcmp.o(i.__ltdf2) refers (Special) to usenofp.o(x$fpl$usenofp) for __I$use$fp
    dcmp.o(i.__ltdf2) refers to dlef.o(x$fpl$dleqf) for _dcmple
    dcmp.o(i.__nedf2) refers (Special) to usenofp.o(x$fpl$usenofp) for __I$use$fp
    dcmp.o(i.__nedf2) refers to deqf.o(x$fpl$deqf) for _dcmpeq
    dcmp.o(i._deq) refers (Special) to usenofp.o(x$fpl$usenofp) for __I$use$fp
    dcmp.o(i._deq) refers to deqf.o(x$fpl$deqf) for _dcmpeq
    dcmp.o(i._dgeq) refers (Special) to usenofp.o(x$fpl$usenofp) for __I$use$fp
    dcmp.o(i._dgeq) refers to dgef.o(x$fpl$dgeqf) for _dcmpge
    dcmp.o(i._dgr) refers (Special) to usenofp.o(x$fpl$usenofp) for __I$use$fp
    dcmp.o(i._dgr) refers to dgef.o(x$fpl$dgeqf) for _dcmpge
    dcmp.o(i._dleq) refers (Special) to usenofp.o(x$fpl$usenofp) for __I$use$fp
    dcmp.o(i._dleq) refers to dlef.o(x$fpl$dleqf) for _dcmple
    dcmp.o(i._dls) refers (Special) to usenofp.o(x$fpl$usenofp) for __I$use$fp
    dcmp.o(i._dls) refers to dlef.o(x$fpl$dleqf) for _dcmple
    dcmp.o(i._dneq) refers (Special) to usenofp.o(x$fpl$usenofp) for __I$use$fp
    dcmp.o(i._dneq) refers to deqf.o(x$fpl$deqf) for _dcmpeq
    ddiv.o(.text) refers (Special) to usenofp.o(x$fpl$usenofp) for __I$use$fp
    ddiv.o(.text) refers to ddiv.o(.constdata) for .constdata
    ddiv.o(.constdata) refers (Special) to usenofp.o(x$fpl$usenofp) for __I$use$fp
    dflti.o(.text) refers (Special) to usenofp.o(x$fpl$usenofp) for __I$use$fp
    dmul.o(.text) refers (Special) to usenofp.o(x$fpl$usenofp) for __I$use$fp
    f2d.o(.text) refers (Special) to usenofp.o(x$fpl$usenofp) for __I$use$fp
    faddsub.o(x$fpl$fadd) refers (Special) to usenofp.o(x$fpl$usenofp) for __I$use$fp
    faddsub.o(x$fpl$fadd) refers to faddsub.o(x$fpl$fsub) for _fsub1
    faddsub.o(x$fpl$frsb) refers (Special) to usenofp.o(x$fpl$usenofp) for __I$use$fp
    faddsub.o(x$fpl$frsb) refers to faddsub.o(x$fpl$fsub) for _fsub1
    faddsub.o(x$fpl$frsb) refers to faddsub.o(x$fpl$fadd) for _fadd1
    faddsub.o(x$fpl$fsub) refers (Special) to usenofp.o(x$fpl$usenofp) for __I$use$fp
    faddsub.o(x$fpl$fsub) refers to faddsub.o(x$fpl$fadd) for _fadd1
    fflti.o(.text) refers (Special) to usenofp.o(x$fpl$usenofp) for __I$use$fp
    fmul.o(x$fpl$fmul) refers (Special) to usenofp.o(x$fpl$usenofp) for __I$use$fp
    __rtentry.o(.ARM.Collect$$rtentry$$00000000) refers (Special) to __rtentry2.o(.ARM.Collect$$rtentry$$0000000A) for __rt_entry_li
    __rtentry.o(.ARM.Collect$$rtentry$$00000000) refers (Special) to __rtentry2.o(.ARM.Collect$$rtentry$$0000000D) for __rt_entry_main
    __rtentry.o(.ARM.Collect$$rtentry$$00000000) refers (Special) to __rtentry2.o(.ARM.Collect$$rtentry$$0000000C) for __rt_entry_postli_1
    __rtentry.o(.ARM.Collect$$rtentry$$00000000) refers (Special) to __rtentry2.o(.ARM.Collect$$rtentry$$00000009) for __rt_entry_postsh_1
    __rtentry.o(.ARM.Collect$$rtentry$$00000000) refers (Special) to __rtentry2.o(.ARM.Collect$$rtentry$$00000002) for __rt_entry_presh_1
    __rtentry.o(.ARM.Collect$$rtentry$$00000000) refers (Special) to __rtentry4.o(.ARM.Collect$$rtentry$$00000004) for __rt_entry_sh
    deqf.o(x$fpl$deqf) refers (Special) to usenofp.o(x$fpl$usenofp) for __I$use$fp
    deqf.o(x$fpl$deqf) refers to dcmpin.o(.text) for __fpl_dcmp_InfNaN
    dgef.o(x$fpl$dgeqf) refers (Special) to usenofp.o(x$fpl$usenofp) for __I$use$fp
    dgef.o(x$fpl$dgeqf) refers to dcmpin.o(.text) for __fpl_dcmp_InfNaN
    dlef.o(x$fpl$dleqf) refers (Special) to usenofp.o(x$fpl$usenofp) for __I$use$fp
    dlef.o(x$fpl$dleqf) refers to dcmpin.o(.text) for __fpl_dcmp_InfNaN
    __rtentry2.o(.ARM.Collect$$rtentry$$00000008) refers to boardinit2.o(.text) for _platform_post_stackheap_init
    __rtentry2.o(.ARM.Collect$$rtentry$$0000000A) refers to libinit.o(.ARM.Collect$$libinit$$00000000) for __rt_lib_init
    __rtentry2.o(.ARM.Collect$$rtentry$$0000000B) refers to boardinit3.o(.text) for _platform_post_lib_init
    __rtentry2.o(.ARM.Collect$$rtentry$$0000000D) refers to main.o(.text.main) for main
    __rtentry2.o(.ARM.Collect$$rtentry$$0000000D) refers to exit.o(.text) for exit
    __rtentry2.o(.ARM.exidx) refers to __rtentry2.o(.ARM.Collect$$rtentry$$00000001) for .ARM.Collect$$rtentry$$00000001
    __rtentry2.o(.ARM.exidx) refers to __rtentry2.o(.ARM.Collect$$rtentry$$00000008) for .ARM.Collect$$rtentry$$00000008
    __rtentry2.o(.ARM.exidx) refers to __rtentry2.o(.ARM.Collect$$rtentry$$0000000A) for .ARM.Collect$$rtentry$$0000000A
    __rtentry2.o(.ARM.exidx) refers to __rtentry2.o(.ARM.Collect$$rtentry$$0000000B) for .ARM.Collect$$rtentry$$0000000B
    __rtentry2.o(.ARM.exidx) refers to __rtentry2.o(.ARM.Collect$$rtentry$$0000000D) for .ARM.Collect$$rtentry$$0000000D
    __rtentry4.o(.ARM.Collect$$rtentry$$00000004) refers to sys_stackheap_outer.o(.text) for __user_setup_stackheap
    __rtentry4.o(.ARM.exidx) refers to __rtentry4.o(.ARM.Collect$$rtentry$$00000004) for .ARM.Collect$$rtentry$$00000004
    dcmpin.o(.text) refers (Special) to usenofp.o(x$fpl$usenofp) for __I$use$fp
    dcmpin.o(.text) refers to cmpret.o(.text) for __fpl_cmpreturn
    dcmpin.o(.text) refers to dnan2.o(.text) for __fpl_dcheck_NaN2
    sys_stackheap_outer.o(.text) refers to libspace.o(.text) for __user_perproc_libspace
    sys_stackheap_outer.o(.text) refers to startup_mspm0g350x_uvision.o(.text) for __user_initial_stackheap
    sys_stackheap_outer.o(__vectab_stack_and_reset_area) refers to tempstk.o(.text) for __temporary_stack_top
    sys_stackheap_outer.o(__vectab_stack_and_reset_area) refers to __main.o(!!!main) for __main
    exit.o(.text) refers to rtexit.o(.ARM.Collect$$rtexit$$00000000) for __rt_exit
    libinit.o(.ARM.Collect$$libinit$$00000000) refers (Special) to libinit2.o(.ARM.Collect$$libinit$$00000030) for __rt_lib_init_alloca_1
    libinit.o(.ARM.Collect$$libinit$$00000000) refers (Special) to libinit2.o(.ARM.Collect$$libinit$$0000002E) for __rt_lib_init_argv_1
    libinit.o(.ARM.Collect$$libinit$$00000000) refers (Special) to libinit2.o(.ARM.Collect$$libinit$$0000001D) for __rt_lib_init_atexit_1
    libinit.o(.ARM.Collect$$libinit$$00000000) refers (Special) to libinit2.o(.ARM.Collect$$libinit$$00000023) for __rt_lib_init_clock_1
    libinit.o(.ARM.Collect$$libinit$$00000000) refers (Special) to libinit2.o(.ARM.Collect$$libinit$$00000034) for __rt_lib_init_cpp_1
    libinit.o(.ARM.Collect$$libinit$$00000000) refers (Special) to libinit2.o(.ARM.Collect$$libinit$$00000032) for __rt_lib_init_exceptions_1
    libinit.o(.ARM.Collect$$libinit$$00000000) refers (Special) to libinit2.o(.ARM.Collect$$libinit$$00000002) for __rt_lib_init_fp_1
    libinit.o(.ARM.Collect$$libinit$$00000000) refers (Special) to libinit2.o(.ARM.Collect$$libinit$$00000021) for __rt_lib_init_fp_trap_1
    libinit.o(.ARM.Collect$$libinit$$00000000) refers (Special) to libinit2.o(.ARM.Collect$$libinit$$00000025) for __rt_lib_init_getenv_1
    libinit.o(.ARM.Collect$$libinit$$00000000) refers (Special) to libinit2.o(.ARM.Collect$$libinit$$0000000C) for __rt_lib_init_heap_1
    libinit.o(.ARM.Collect$$libinit$$00000000) refers (Special) to libinit2.o(.ARM.Collect$$libinit$$00000013) for __rt_lib_init_lc_collate_1
    libinit.o(.ARM.Collect$$libinit$$00000000) refers (Special) to libinit2.o(.ARM.Collect$$libinit$$00000015) for __rt_lib_init_lc_ctype_1
    libinit.o(.ARM.Collect$$libinit$$00000000) refers (Special) to libinit2.o(.ARM.Collect$$libinit$$00000017) for __rt_lib_init_lc_monetary_1
    libinit.o(.ARM.Collect$$libinit$$00000000) refers (Special) to libinit2.o(.ARM.Collect$$libinit$$00000019) for __rt_lib_init_lc_numeric_1
    libinit.o(.ARM.Collect$$libinit$$00000000) refers (Special) to libinit2.o(.ARM.Collect$$libinit$$0000001B) for __rt_lib_init_lc_time_1
    libinit.o(.ARM.Collect$$libinit$$00000000) refers (Special) to libinit2.o(.ARM.Collect$$libinit$$00000006) for __rt_lib_init_preinit_1
    libinit.o(.ARM.Collect$$libinit$$00000000) refers (Special) to libinit2.o(.ARM.Collect$$libinit$$00000010) for __rt_lib_init_rand_1
    libinit.o(.ARM.Collect$$libinit$$00000000) refers (Special) to libinit2.o(.ARM.Collect$$libinit$$00000004) for __rt_lib_init_relocate_pie_1
    libinit.o(.ARM.Collect$$libinit$$00000000) refers (Special) to libinit2.o(.ARM.Collect$$libinit$$00000035) for __rt_lib_init_return
    libinit.o(.ARM.Collect$$libinit$$00000000) refers (Special) to libinit2.o(.ARM.Collect$$libinit$$0000001F) for __rt_lib_init_signal_1
    libinit.o(.ARM.Collect$$libinit$$00000000) refers (Special) to libinit2.o(.ARM.Collect$$libinit$$00000027) for __rt_lib_init_stdio_1
    libinit.o(.ARM.Collect$$libinit$$00000000) refers (Special) to libinit2.o(.ARM.Collect$$libinit$$0000000E) for __rt_lib_init_user_alloc_1
    cmpret.o(.text) refers (Special) to usenofp.o(x$fpl$usenofp) for __I$use$fp
    dnan2.o(.text) refers (Special) to usenofp.o(x$fpl$usenofp) for __I$use$fp
    dnan2.o(.text) refers to retnan.o(.text) for __fpl_return_NaN
    libspace.o(.text) refers to libspace.o(.bss) for __libspace_start
    rtexit.o(.ARM.Collect$$rtexit$$00000000) refers (Special) to rtexit2.o(.ARM.Collect$$rtexit$$00000004) for __rt_exit_exit
    rtexit.o(.ARM.Collect$$rtexit$$00000000) refers (Special) to rtexit2.o(.ARM.Collect$$rtexit$$00000003) for __rt_exit_ls
    rtexit.o(.ARM.Collect$$rtexit$$00000000) refers (Special) to rtexit2.o(.ARM.Collect$$rtexit$$00000002) for __rt_exit_prels_1
    rtexit.o(.ARM.exidx) refers (Special) to rtexit2.o(.ARM.Collect$$rtexit$$00000004) for __rt_exit_exit
    rtexit.o(.ARM.exidx) refers (Special) to rtexit2.o(.ARM.Collect$$rtexit$$00000003) for __rt_exit_ls
    rtexit.o(.ARM.exidx) refers (Special) to rtexit2.o(.ARM.Collect$$rtexit$$00000002) for __rt_exit_prels_1
    rtexit.o(.ARM.exidx) refers to rtexit.o(.ARM.Collect$$rtexit$$00000000) for .ARM.Collect$$rtexit$$00000000
    libinit2.o(.ARM.Collect$$libinit$$00000012) refers to libinit2.o(.ARM.Collect$$libinit$$00000011) for .ARM.Collect$$libinit$$00000011
    libinit2.o(.ARM.Collect$$libinit$$00000014) refers to libinit2.o(.ARM.Collect$$libinit$$00000011) for .ARM.Collect$$libinit$$00000011
    libinit2.o(.ARM.Collect$$libinit$$00000016) refers to libinit2.o(.ARM.Collect$$libinit$$00000011) for .ARM.Collect$$libinit$$00000011
    libinit2.o(.ARM.Collect$$libinit$$00000018) refers to libinit2.o(.ARM.Collect$$libinit$$00000011) for .ARM.Collect$$libinit$$00000011
    libinit2.o(.ARM.Collect$$libinit$$0000001A) refers to libinit2.o(.ARM.Collect$$libinit$$00000011) for .ARM.Collect$$libinit$$00000011
    libinit2.o(.ARM.Collect$$libinit$$00000028) refers to argv_veneer.o(.text) for __ARM_argv_veneer
    libinit2.o(.ARM.Collect$$libinit$$00000029) refers to argv_veneer.o(.text) for __ARM_argv_veneer
    retnan.o(.text) refers (Special) to usenofp.o(x$fpl$usenofp) for __I$use$fp
    retnan.o(.text) refers to cmpret.o(.text) for __fpl_cmpreturn
    rtexit2.o(.ARM.Collect$$rtexit$$00000003) refers to libshutdown.o(.ARM.Collect$$libshutdown$$00000000) for __rt_lib_shutdown
    rtexit2.o(.ARM.Collect$$rtexit$$00000004) refers to sys_exit.o(.text) for _sys_exit
    rtexit2.o(.ARM.exidx) refers to rtexit2.o(.ARM.Collect$$rtexit$$00000001) for .ARM.Collect$$rtexit$$00000001
    rtexit2.o(.ARM.exidx) refers to rtexit2.o(.ARM.Collect$$rtexit$$00000003) for .ARM.Collect$$rtexit$$00000003
    rtexit2.o(.ARM.exidx) refers to rtexit2.o(.ARM.Collect$$rtexit$$00000004) for .ARM.Collect$$rtexit$$00000004
    sys_exit.o(.text) refers (Special) to use_no_semi.o(.text) for __I$use$semihosting
    sys_exit.o(.text) refers (Special) to indicate_semi.o(.text) for __semihosting_library_function
    sys_exit_hlt.o(.text) refers (Special) to use_no_semi.o(.text) for __I$use$semihosting
    sys_exit_hlt.o(.text) refers (Special) to indicate_semi.o(.text) for __semihosting_library_function
    _get_argv_nomalloc.o(.text) refers (Special) to hrguard.o(.text) for __heap_region$guard
    _get_argv_nomalloc.o(.text) refers to defsig_rtmem_outer.o(.text) for __rt_SIGRTMEM
    _get_argv_nomalloc.o(.text) refers to sys_command.o(.text) for _sys_command_string
    libshutdown.o(.ARM.Collect$$libshutdown$$00000000) refers (Special) to libshutdown2.o(.ARM.Collect$$libshutdown$$00000002) for __rt_lib_shutdown_cpp_1
    libshutdown.o(.ARM.Collect$$libshutdown$$00000000) refers (Special) to libshutdown2.o(.ARM.Collect$$libshutdown$$00000007) for __rt_lib_shutdown_fp_trap_1
    libshutdown.o(.ARM.Collect$$libshutdown$$00000000) refers (Special) to libshutdown2.o(.ARM.Collect$$libshutdown$$0000000F) for __rt_lib_shutdown_heap_1
    libshutdown.o(.ARM.Collect$$libshutdown$$00000000) refers (Special) to libshutdown2.o(.ARM.Collect$$libshutdown$$00000010) for __rt_lib_shutdown_return
    libshutdown.o(.ARM.Collect$$libshutdown$$00000000) refers (Special) to libshutdown2.o(.ARM.Collect$$libshutdown$$0000000A) for __rt_lib_shutdown_signal_1
    libshutdown.o(.ARM.Collect$$libshutdown$$00000000) refers (Special) to libshutdown2.o(.ARM.Collect$$libshutdown$$00000004) for __rt_lib_shutdown_stdio_1
    libshutdown.o(.ARM.Collect$$libshutdown$$00000000) refers (Special) to libshutdown2.o(.ARM.Collect$$libshutdown$$0000000C) for __rt_lib_shutdown_user_alloc_1
    sys_command.o(.text) refers (Special) to use_no_semi.o(.text) for __I$use$semihosting
    sys_command.o(.text) refers (Special) to indicate_semi.o(.text) for __semihosting_library_function
    sys_command_hlt.o(.text) refers (Special) to use_no_semi.o(.text) for __I$use$semihosting
    sys_command_hlt.o(.text) refers (Special) to indicate_semi.o(.text) for __semihosting_library_function
    defsig_rtmem_outer.o(.text) refers to defsig_rtmem_inner.o(.text) for __rt_SIGRTMEM_inner
    defsig_rtmem_outer.o(.text) refers to defsig_exit.o(.text) for __sig_exit
    defsig_rtmem_formal.o(.text) refers to rt_raise.o(.text) for __rt_raise
    rt_raise.o(.text) refers to __raise.o(.text) for __raise
    rt_raise.o(.text) refers to sys_exit.o(.text) for _sys_exit
    defsig_exit.o(.text) refers to sys_exit.o(.text) for _sys_exit
    defsig_rtmem_inner.o(.text) refers to defsig_general.o(.text) for __default_signal_display
    __raise.o(.text) refers to defsig.o(CL$$defsig) for __default_signal_handler
    defsig_general.o(.text) refers to sys_wrch.o(.text) for _ttywrch
    sys_wrch.o(.text) refers (Special) to use_no_semi.o(.text) for __I$use$semihosting
    sys_wrch.o(.text) refers (Special) to indicate_semi.o(.text) for __semihosting_library_function
    sys_wrch_hlt.o(.text) refers (Special) to use_no_semi.o(.text) for __I$use$semihosting
    sys_wrch_hlt.o(.text) refers (Special) to indicate_semi.o(.text) for __semihosting_library_function
    defsig.o(CL$$defsig) refers to defsig_rtmem_inner.o(.text) for __rt_SIGRTMEM_inner
    defsig_abrt_inner.o(.text) refers to defsig_general.o(.text) for __default_signal_display
    defsig_fpe_inner.o(.text) refers to defsig_general.o(.text) for __default_signal_display
    defsig_rtred_inner.o(.text) refers to defsig_general.o(.text) for __default_signal_display
    defsig_stak_inner.o(.text) refers to defsig_general.o(.text) for __default_signal_display
    defsig_pvfn_inner.o(.text) refers to defsig_general.o(.text) for __default_signal_display
    defsig_cppl_inner.o(.text) refers to defsig_general.o(.text) for __default_signal_display
    defsig_segv_inner.o(.text) refers to defsig_general.o(.text) for __default_signal_display
    defsig_other.o(.text) refers to defsig_general.o(.text) for __default_signal_display


==============================================================================

Removing Unused input sections from the image.

    Removing main.o(.text), (0 bytes).
    Removing main.o(.ARM.exidx.text.Delay), (8 bytes).
    Removing main.o(.ARM.exidx.text.main), (8 bytes).
    Removing main.o(.ARM.exidx.text.DL_GPIO_initDigitalOutput), (8 bytes).
    Removing main.o(.ARM.exidx.text.DL_GPIO_initDigitalInput), (8 bytes).
    Removing main.o(.ARM.exidx.text.DL_GPIO_clearPins), (8 bytes).
    Removing main.o(.ARM.exidx.text.DL_GPIO_readPins), (8 bytes).
    Removing main.o(.ARM.exidx.text.DL_GPIO_togglePins), (8 bytes).
    Removing main.o(.ARM.use_no_argv), (4 bytes).
    Removing ti_msp_dl_config.o(.text), (0 bytes).
    Removing ti_msp_dl_config.o(.ARM.exidx.text.SYSCFG_DL_init), (8 bytes).
    Removing ti_msp_dl_config.o(.ARM.exidx.text.SYSCFG_DL_initPower), (8 bytes).
    Removing ti_msp_dl_config.o(.ARM.exidx.text.SYSCFG_DL_GPIO_init), (8 bytes).
    Removing ti_msp_dl_config.o(.ARM.exidx.text.SYSCFG_DL_SYSCTL_init), (8 bytes).
    Removing ti_msp_dl_config.o(.ARM.exidx.text.SYSCFG_DL_I2C_0_init), (8 bytes).
    Removing ti_msp_dl_config.o(.ARM.exidx.text.DL_GPIO_reset), (8 bytes).
    Removing ti_msp_dl_config.o(.ARM.exidx.text.DL_I2C_reset), (8 bytes).
    Removing ti_msp_dl_config.o(.ARM.exidx.text.DL_GPIO_enablePower), (8 bytes).
    Removing ti_msp_dl_config.o(.ARM.exidx.text.DL_I2C_enablePower), (8 bytes).
    Removing ti_msp_dl_config.o(.ARM.exidx.text.DL_GPIO_initPeripheralInputFunctionFeatures), (8 bytes).
    Removing ti_msp_dl_config.o(.ARM.exidx.text.DL_GPIO_enableHiZ), (8 bytes).
    Removing ti_msp_dl_config.o(.ARM.exidx.text.DL_GPIO_initDigitalOutput), (8 bytes).
    Removing ti_msp_dl_config.o(.ARM.exidx.text.DL_GPIO_initDigitalInput), (8 bytes).
    Removing ti_msp_dl_config.o(.ARM.exidx.text.DL_GPIO_setPins), (8 bytes).
    Removing ti_msp_dl_config.o(.ARM.exidx.text.DL_GPIO_enableOutput), (8 bytes).
    Removing ti_msp_dl_config.o(.ARM.exidx.text.DL_SYSCTL_setBORThreshold), (8 bytes).
    Removing ti_msp_dl_config.o(.ARM.exidx.text.DL_SYSCTL_setSYSOSCFreq), (8 bytes).
    Removing ti_msp_dl_config.o(.ARM.exidx.text.DL_SYSCTL_setULPCLKDivider), (8 bytes).
    Removing ti_msp_dl_config.o(.ARM.exidx.text.DL_SYSCTL_setMCLKDivider), (8 bytes).
    Removing ti_msp_dl_config.o(.ARM.exidx.text.DL_I2C_setAnalogGlitchFilterPulseWidth), (8 bytes).
    Removing ti_msp_dl_config.o(.ARM.exidx.text.DL_I2C_enableAnalogGlitchFilter), (8 bytes).
    Removing ti_msp_dl_config.o(.ARM.exidx.text.DL_Common_updateReg), (8 bytes).
    Removing ml_gpio.o(.text), (0 bytes).
    Removing ml_gpio.o(.text.gpio_get), (22 bytes).
    Removing ml_gpio.o(.ARM.exidx.text.gpio_get), (8 bytes).
    Removing ml_gpio.o(.text.gpio_set), (48 bytes).
    Removing ml_gpio.o(.ARM.exidx.text.gpio_set), (8 bytes).
    Removing ml_gpio.o(.text.gpio_toggle), (24 bytes).
    Removing ml_gpio.o(.ARM.exidx.text.gpio_toggle), (8 bytes).
    Removing ml_jy901s.o(.text), (0 bytes).
    Removing ml_jy901s.o(.text.JY901S_Write), (46 bytes).
    Removing ml_jy901s.o(.ARM.exidx.text.JY901S_Write), (8 bytes).
    Removing ml_jy901s.o(.text.JY901S_Read), (38 bytes).
    Removing ml_jy901s.o(.ARM.exidx.text.JY901S_Read), (8 bytes).
    Removing ml_jy901s.o(.text.JY901S_Init), (72 bytes).
    Removing ml_jy901s.o(.ARM.exidx.text.JY901S_Init), (8 bytes).
    Removing ml_jy901s.o(.text.JY901S_GetData), (152 bytes).
    Removing ml_jy901s.o(.ARM.exidx.text.JY901S_GetData), (8 bytes).
    Removing ml_jy901s.o(.rodata.YAW_SCALE), (4 bytes).
    Removing ml_jy901s.o(.bss.yaw_o), (4 bytes).
    Removing ml_jy901s.o(.bss.yaw), (4 bytes).
    Removing ml_jy901s.o(.bss.last_yaw), (4 bytes).
    Removing ml_jy901s.o(.bss.error), (4 bytes).
    Removing ml_jy901s.o(.bss.yaw_gyro), (4 bytes).
    Removing mspm0_i2c.o(.text), (0 bytes).
    Removing mspm0_i2c.o(.text.I2C_Init), (8 bytes).
    Removing mspm0_i2c.o(.ARM.exidx.text.I2C_Init), (8 bytes).
    Removing mspm0_i2c.o(.text.I2C_Write), (160 bytes).
    Removing mspm0_i2c.o(.ARM.exidx.text.I2C_Write), (8 bytes).
    Removing mspm0_i2c.o(.text.DL_I2C_startControllerTransfer), (80 bytes).
    Removing mspm0_i2c.o(.ARM.exidx.text.DL_I2C_startControllerTransfer), (8 bytes).
    Removing mspm0_i2c.o(.text.DL_I2C_getControllerStatus), (20 bytes).
    Removing mspm0_i2c.o(.ARM.exidx.text.DL_I2C_getControllerStatus), (8 bytes).
    Removing mspm0_i2c.o(.text.I2C_Read), (152 bytes).
    Removing mspm0_i2c.o(.ARM.exidx.text.I2C_Read), (8 bytes).
    Removing mspm0_i2c.o(.text.DL_I2C_transmitControllerData), (22 bytes).
    Removing mspm0_i2c.o(.ARM.exidx.text.DL_I2C_transmitControllerData), (8 bytes).
    Removing mspm0_i2c.o(.text.DL_I2C_isControllerRXFIFOEmpty), (28 bytes).
    Removing mspm0_i2c.o(.ARM.exidx.text.DL_I2C_isControllerRXFIFOEmpty), (8 bytes).
    Removing mspm0_i2c.o(.text.DL_I2C_receiveControllerData), (20 bytes).
    Removing mspm0_i2c.o(.ARM.exidx.text.DL_I2C_receiveControllerData), (8 bytes).
    Removing mspm0_i2c.o(.text.DL_Common_updateReg), (40 bytes).
    Removing mspm0_i2c.o(.ARM.exidx.text.DL_Common_updateReg), (8 bytes).
    Removing clock.o(.text), (0 bytes).
    Removing clock.o(.text.mspm0_delay_ms), (48 bytes).
    Removing clock.o(.ARM.exidx.text.mspm0_delay_ms), (8 bytes).
    Removing clock.o(.text.delay_ms), (48 bytes).
    Removing clock.o(.ARM.exidx.text.delay_ms), (8 bytes).
    Removing clock.o(.text.mspm0_get_clock_ms), (44 bytes).
    Removing clock.o(.ARM.exidx.text.mspm0_get_clock_ms), (8 bytes).
    Removing clock.o(.text.SysTick_Init), (20 bytes).
    Removing clock.o(.ARM.exidx.text.SysTick_Init), (8 bytes).
    Removing clock.o(.text.SysTick_Config), (80 bytes).
    Removing clock.o(.ARM.exidx.text.SysTick_Config), (8 bytes).
    Removing clock.o(.text.__NVIC_SetPriority), (132 bytes).
    Removing clock.o(.ARM.exidx.text.__NVIC_SetPriority), (8 bytes).
    Removing clock.o(.bss.tick_ms), (4 bytes).
    Removing clock.o(.bss.start_time), (4 bytes).
    Removing dl_common.o(.text), (0 bytes).
    Removing dl_common.o(.ARM.exidx.text.DL_Common_delayCycles), (8 bytes).
    Removing dl_i2c.o(.text), (0 bytes).
    Removing dl_i2c.o(.ARM.exidx.text.DL_I2C_setClockConfig), (8 bytes).
    Removing dl_i2c.o(.text.DL_I2C_getClockConfig), (26 bytes).
    Removing dl_i2c.o(.ARM.exidx.text.DL_I2C_getClockConfig), (8 bytes).
    Removing dl_i2c.o(.text.DL_I2C_fillControllerTXFIFO), (44 bytes).
    Removing dl_i2c.o(.ARM.exidx.text.DL_I2C_fillControllerTXFIFO), (8 bytes).
    Removing dl_i2c.o(.text.DL_I2C_flushControllerTXFIFO), (40 bytes).
    Removing dl_i2c.o(.ARM.exidx.text.DL_I2C_flushControllerTXFIFO), (8 bytes).
    Removing dl_i2c.o(.text.DL_I2C_flushControllerRXFIFO), (32 bytes).
    Removing dl_i2c.o(.ARM.exidx.text.DL_I2C_flushControllerRXFIFO), (8 bytes).
    Removing dl_i2c.o(.text.DL_I2C_fillTargetTXFIFO), (48 bytes).
    Removing dl_i2c.o(.ARM.exidx.text.DL_I2C_fillTargetTXFIFO), (8 bytes).
    Removing dl_i2c.o(.text.DL_I2C_flushTargetTXFIFO), (40 bytes).
    Removing dl_i2c.o(.ARM.exidx.text.DL_I2C_flushTargetTXFIFO), (8 bytes).
    Removing dl_i2c.o(.text.DL_I2C_flushTargetRXFIFO), (32 bytes).
    Removing dl_i2c.o(.ARM.exidx.text.DL_I2C_flushTargetRXFIFO), (8 bytes).
    Removing dl_i2c.o(.text.DL_I2C_transmitTargetDataBlocking), (20 bytes).
    Removing dl_i2c.o(.ARM.exidx.text.DL_I2C_transmitTargetDataBlocking), (8 bytes).
    Removing dl_i2c.o(.text.DL_I2C_transmitTargetDataCheck), (32 bytes).
    Removing dl_i2c.o(.ARM.exidx.text.DL_I2C_transmitTargetDataCheck), (8 bytes).
    Removing dl_i2c.o(.text.DL_I2C_receiveTargetDataBlocking), (20 bytes).
    Removing dl_i2c.o(.ARM.exidx.text.DL_I2C_receiveTargetDataBlocking), (8 bytes).
    Removing dl_i2c.o(.text.DL_I2C_receiveTargetDataCheck), (32 bytes).
    Removing dl_i2c.o(.ARM.exidx.text.DL_I2C_receiveTargetDataCheck), (8 bytes).

114 unused section(s) (total 2218 bytes) removed from the image.

==============================================================================

Image Symbol Table

    Local Symbols

    Symbol Name                              Value     Ov Type        Size  Object(Section)

    ../clib/angel/boardlib.s                 0x00000000   Number         0  boardinit1.o ABSOLUTE
    ../clib/angel/boardlib.s                 0x00000000   Number         0  boardinit2.o ABSOLUTE
    ../clib/angel/boardlib.s                 0x00000000   Number         0  boardinit3.o ABSOLUTE
    ../clib/angel/boardlib.s                 0x00000000   Number         0  boardshut.o ABSOLUTE
    ../clib/angel/handlers.s                 0x00000000   Number         0  __scatter_zi.o ABSOLUTE
    ../clib/angel/kernel.s                   0x00000000   Number         0  __rtentry.o ABSOLUTE
    ../clib/angel/kernel.s                   0x00000000   Number         0  __rtentry2.o ABSOLUTE
    ../clib/angel/kernel.s                   0x00000000   Number         0  __rtentry4.o ABSOLUTE
    ../clib/angel/kernel.s                   0x00000000   Number         0  rtexit.o ABSOLUTE
    ../clib/angel/kernel.s                   0x00000000   Number         0  rtexit2.o ABSOLUTE
    ../clib/angel/rt.s                       0x00000000   Number         0  rt_raise.o ABSOLUTE
    ../clib/angel/scatterp.s                 0x00000000   Number         0  __scatter.o ABSOLUTE
    ../clib/angel/startup.s                  0x00000000   Number         0  __main.o ABSOLUTE
    ../clib/angel/sys.s                      0x00000000   Number         0  sys_stackheap_outer.o ABSOLUTE
    ../clib/angel/sys.s                      0x00000000   Number         0  libspace.o ABSOLUTE
    ../clib/angel/sys.s                      0x00000000   Number         0  tempstk.o ABSOLUTE
    ../clib/angel/sys.s                      0x00000000   Number         0  use_no_semi.o ABSOLUTE
    ../clib/angel/sys.s                      0x00000000   Number         0  indicate_semi.o ABSOLUTE
    ../clib/angel/sysapp.c                   0x00000000   Number         0  sys_exit.o ABSOLUTE
    ../clib/angel/sysapp.c                   0x00000000   Number         0  sys_exit_hlt.o ABSOLUTE
    ../clib/angel/sysapp.c                   0x00000000   Number         0  sys_command.o ABSOLUTE
    ../clib/angel/sysapp.c                   0x00000000   Number         0  sys_command_hlt.o ABSOLUTE
    ../clib/angel/sysapp.c                   0x00000000   Number         0  sys_wrch.o ABSOLUTE
    ../clib/angel/sysapp.c                   0x00000000   Number         0  sys_wrch_hlt.o ABSOLUTE
    ../clib/armsys.c                         0x00000000   Number         0  argv_veneer.o ABSOLUTE
    ../clib/armsys.c                         0x00000000   Number         0  _get_argv_nomalloc.o ABSOLUTE
    ../clib/armsys.c                         0x00000000   Number         0  no_argv.o ABSOLUTE
    ../clib/heapalloc.c                      0x00000000   Number         0  hrguard.o ABSOLUTE
    ../clib/heapaux.c                        0x00000000   Number         0  heapauxi.o ABSOLUTE
    ../clib/libinit.s                        0x00000000   Number         0  libinit.o ABSOLUTE
    ../clib/libinit.s                        0x00000000   Number         0  libinit2.o ABSOLUTE
    ../clib/libinit.s                        0x00000000   Number         0  libshutdown.o ABSOLUTE
    ../clib/libinit.s                        0x00000000   Number         0  libshutdown2.o ABSOLUTE
    ../clib/memcpset.c                       0x00000000   Number         0  rt_memcpy.o ABSOLUTE
    ../clib/memcpset.c                       0x00000000   Number         0  rt_memcpy.o ABSOLUTE
    ../clib/signal.c                         0x00000000   Number         0  defsig_rtmem_outer.o ABSOLUTE
    ../clib/signal.c                         0x00000000   Number         0  defsig_rtmem_formal.o ABSOLUTE
    ../clib/signal.c                         0x00000000   Number         0  defsig_exit.o ABSOLUTE
    ../clib/signal.c                         0x00000000   Number         0  defsig_rtmem_inner.o ABSOLUTE
    ../clib/signal.c                         0x00000000   Number         0  __raise.o ABSOLUTE
    ../clib/signal.c                         0x00000000   Number         0  defsig_general.o ABSOLUTE
    ../clib/signal.c                         0x00000000   Number         0  defsig_abrt_inner.o ABSOLUTE
    ../clib/signal.c                         0x00000000   Number         0  defsig_fpe_inner.o ABSOLUTE
    ../clib/signal.c                         0x00000000   Number         0  defsig_rtred_inner.o ABSOLUTE
    ../clib/signal.c                         0x00000000   Number         0  defsig_stak_inner.o ABSOLUTE
    ../clib/signal.c                         0x00000000   Number         0  defsig_pvfn_inner.o ABSOLUTE
    ../clib/signal.c                         0x00000000   Number         0  defsig_cppl_inner.o ABSOLUTE
    ../clib/signal.c                         0x00000000   Number         0  defsig_segv_inner.o ABSOLUTE
    ../clib/signal.c                         0x00000000   Number         0  defsig_other.o ABSOLUTE
    ../clib/signal.s                         0x00000000   Number         0  defsig.o ABSOLUTE
    ../clib/stdlib.c                         0x00000000   Number         0  exit.o ABSOLUTE
    ../fplib/cfplib/cmp.c                    0x00000000   Number         0  dcmp.o ABSOLUTE
    ../fplib/cfplib/cmpret.c                 0x00000000   Number         0  cmpret.o ABSOLUTE
    ../fplib/cfplib/d2f.c                    0x00000000   Number         0  d2f.o ABSOLUTE
    ../fplib/cfplib/dcmpin.c                 0x00000000   Number         0  dcmpin.o ABSOLUTE
    ../fplib/cfplib/ddiv.c                   0x00000000   Number         0  ddiv.o ABSOLUTE
    ../fplib/cfplib/dmul.c                   0x00000000   Number         0  dmul.o ABSOLUTE
    ../fplib/cfplib/f2d.c                    0x00000000   Number         0  f2d.o ABSOLUTE
    ../fplib/cfplib/fflt.c                   0x00000000   Number         0  dflti.o ABSOLUTE
    ../fplib/cfplib/fflt.c                   0x00000000   Number         0  fflti.o ABSOLUTE
    ../fplib/cfplib/fpinit.c                 0x00000000   Number         0  fpinit.o ABSOLUTE
    ../fplib/cfplib/nan2.c                   0x00000000   Number         0  dnan2.o ABSOLUTE
    ../fplib/cfplib/retnan.c                 0x00000000   Number         0  retnan.o ABSOLUTE
    ../fplib/deqf6m.s                        0x00000000   Number         0  deqf.o ABSOLUTE
    ../fplib/dgeqf6m.s                       0x00000000   Number         0  dgef.o ABSOLUTE
    ../fplib/dleqf6m.s                       0x00000000   Number         0  dlef.o ABSOLUTE
    ../fplib/faddsub6m.s                     0x00000000   Number         0  faddsub.o ABSOLUTE
    ../fplib/fmul6m.s                        0x00000000   Number         0  fmul.o ABSOLUTE
    ../fplib/usenofp.s                       0x00000000   Number         0  usenofp.o ABSOLUTE
    clock.c                                  0x00000000   Number         0  clock.o ABSOLUTE
    dc.s                                     0x00000000   Number         0  dc.o ABSOLUTE
    dl_common.c                              0x00000000   Number         0  dl_common.o ABSOLUTE
    dl_i2c.c                                 0x00000000   Number         0  dl_i2c.o ABSOLUTE
    main.c                                   0x00000000   Number         0  main.o ABSOLUTE
    ml_JY901S.c                              0x00000000   Number         0  ml_jy901s.o ABSOLUTE
    ml_gpio.c                                0x00000000   Number         0  ml_gpio.o ABSOLUTE
    mspm0_i2c.c                              0x00000000   Number         0  mspm0_i2c.o ABSOLUTE
    startup_mspm0g350x_uvision.s             0x00000000   Number         0  startup_mspm0g350x_uvision.o ABSOLUTE
    ti_msp_dl_config.c                       0x00000000   Number         0  ti_msp_dl_config.o ABSOLUTE
    RESET                                    0x00000000   Section      192  startup_mspm0g350x_uvision.o(RESET)
    !!!main                                  0x000000c0   Section        8  __main.o(!!!main)
    !!!scatter                               0x000000c8   Section       84  __scatter.o(!!!scatter)
    !!handler_null                           0x00000120   Section        2  __scatter.o(!!handler_null)
    !!handler_zi                             0x00000128   Section       28  __scatter_zi.o(!!handler_zi)
    .ARM.Collect$$libinit$$00000000          0x00000144   Section        2  libinit.o(.ARM.Collect$$libinit$$00000000)
    .ARM.Collect$$libinit$$00000002          0x00000146   Section        0  libinit2.o(.ARM.Collect$$libinit$$00000002)
    .ARM.Collect$$libinit$$00000004          0x00000146   Section        0  libinit2.o(.ARM.Collect$$libinit$$00000004)
    .ARM.Collect$$libinit$$00000006          0x00000146   Section        0  libinit2.o(.ARM.Collect$$libinit$$00000006)
    .ARM.Collect$$libinit$$0000000C          0x00000146   Section        0  libinit2.o(.ARM.Collect$$libinit$$0000000C)
    .ARM.Collect$$libinit$$0000000E          0x00000146   Section        0  libinit2.o(.ARM.Collect$$libinit$$0000000E)
    .ARM.Collect$$libinit$$00000010          0x00000146   Section        0  libinit2.o(.ARM.Collect$$libinit$$00000010)
    .ARM.Collect$$libinit$$00000013          0x00000146   Section        0  libinit2.o(.ARM.Collect$$libinit$$00000013)
    .ARM.Collect$$libinit$$00000015          0x00000146   Section        0  libinit2.o(.ARM.Collect$$libinit$$00000015)
    .ARM.Collect$$libinit$$00000017          0x00000146   Section        0  libinit2.o(.ARM.Collect$$libinit$$00000017)
    .ARM.Collect$$libinit$$00000019          0x00000146   Section        0  libinit2.o(.ARM.Collect$$libinit$$00000019)
    .ARM.Collect$$libinit$$0000001B          0x00000146   Section        0  libinit2.o(.ARM.Collect$$libinit$$0000001B)
    .ARM.Collect$$libinit$$0000001D          0x00000146   Section        0  libinit2.o(.ARM.Collect$$libinit$$0000001D)
    .ARM.Collect$$libinit$$0000001F          0x00000146   Section        0  libinit2.o(.ARM.Collect$$libinit$$0000001F)
    .ARM.Collect$$libinit$$00000021          0x00000146   Section        0  libinit2.o(.ARM.Collect$$libinit$$00000021)
    .ARM.Collect$$libinit$$00000023          0x00000146   Section        0  libinit2.o(.ARM.Collect$$libinit$$00000023)
    .ARM.Collect$$libinit$$00000025          0x00000146   Section        0  libinit2.o(.ARM.Collect$$libinit$$00000025)
    .ARM.Collect$$libinit$$00000027          0x00000146   Section        0  libinit2.o(.ARM.Collect$$libinit$$00000027)
    .ARM.Collect$$libinit$$0000002E          0x00000146   Section        0  libinit2.o(.ARM.Collect$$libinit$$0000002E)
    .ARM.Collect$$libinit$$00000030          0x00000146   Section        0  libinit2.o(.ARM.Collect$$libinit$$00000030)
    .ARM.Collect$$libinit$$00000032          0x00000146   Section        0  libinit2.o(.ARM.Collect$$libinit$$00000032)
    .ARM.Collect$$libinit$$00000034          0x00000146   Section        0  libinit2.o(.ARM.Collect$$libinit$$00000034)
    .ARM.Collect$$libinit$$00000035          0x00000146   Section        2  libinit2.o(.ARM.Collect$$libinit$$00000035)
    .ARM.Collect$$libshutdown$$00000000      0x00000148   Section        2  libshutdown.o(.ARM.Collect$$libshutdown$$00000000)
    .ARM.Collect$$libshutdown$$00000002      0x0000014a   Section        0  libshutdown2.o(.ARM.Collect$$libshutdown$$00000002)
    .ARM.Collect$$libshutdown$$00000004      0x0000014a   Section        0  libshutdown2.o(.ARM.Collect$$libshutdown$$00000004)
    .ARM.Collect$$libshutdown$$00000007      0x0000014a   Section        0  libshutdown2.o(.ARM.Collect$$libshutdown$$00000007)
    .ARM.Collect$$libshutdown$$0000000A      0x0000014a   Section        0  libshutdown2.o(.ARM.Collect$$libshutdown$$0000000A)
    .ARM.Collect$$libshutdown$$0000000C      0x0000014a   Section        0  libshutdown2.o(.ARM.Collect$$libshutdown$$0000000C)
    .ARM.Collect$$libshutdown$$0000000F      0x0000014a   Section        0  libshutdown2.o(.ARM.Collect$$libshutdown$$0000000F)
    .ARM.Collect$$libshutdown$$00000010      0x0000014a   Section        2  libshutdown2.o(.ARM.Collect$$libshutdown$$00000010)
    .ARM.Collect$$rtentry$$00000000          0x0000014c   Section        0  __rtentry.o(.ARM.Collect$$rtentry$$00000000)
    .ARM.Collect$$rtentry$$00000002          0x0000014c   Section        0  __rtentry2.o(.ARM.Collect$$rtentry$$00000002)
    .ARM.Collect$$rtentry$$00000004          0x0000014c   Section        6  __rtentry4.o(.ARM.Collect$$rtentry$$00000004)
    .ARM.Collect$$rtentry$$00000009          0x00000152   Section        0  __rtentry2.o(.ARM.Collect$$rtentry$$00000009)
    .ARM.Collect$$rtentry$$0000000A          0x00000152   Section        4  __rtentry2.o(.ARM.Collect$$rtentry$$0000000A)
    .ARM.Collect$$rtentry$$0000000C          0x00000156   Section        0  __rtentry2.o(.ARM.Collect$$rtentry$$0000000C)
    .ARM.Collect$$rtentry$$0000000D          0x00000156   Section        8  __rtentry2.o(.ARM.Collect$$rtentry$$0000000D)
    .ARM.Collect$$rtexit$$00000000           0x0000015e   Section        2  rtexit.o(.ARM.Collect$$rtexit$$00000000)
    .ARM.Collect$$rtexit$$00000002           0x00000160   Section        0  rtexit2.o(.ARM.Collect$$rtexit$$00000002)
    .ARM.Collect$$rtexit$$00000003           0x00000160   Section        4  rtexit2.o(.ARM.Collect$$rtexit$$00000003)
    .ARM.Collect$$rtexit$$00000004           0x00000164   Section        6  rtexit2.o(.ARM.Collect$$rtexit$$00000004)
    .text                                    0x0000016c   Section       44  startup_mspm0g350x_uvision.o(.text)
    .text                                    0x00000198   Section        0  heapauxi.o(.text)
    .text                                    0x0000019e   Section       62  sys_stackheap_outer.o(.text)
    .text                                    0x000001dc   Section        0  exit.o(.text)
    .text                                    0x000001ec   Section        8  libspace.o(.text)
    .text                                    0x000001f4   Section        0  sys_exit.o(.text)
    .text                                    0x00000200   Section        2  use_no_semi.o(.text)
    [Anonymous Symbol]                       0x00000202   Section        0  dl_common.o(.text.DL_Common_delayCycles)
    .text                                    0x00000202   Section        0  indicate_semi.o(.text)
    DL_Common_updateReg                      0x0000020d   Thumb Code    40  ti_msp_dl_config.o(.text.DL_Common_updateReg)
    [Anonymous Symbol]                       0x0000020c   Section        0  ti_msp_dl_config.o(.text.DL_Common_updateReg)
    DL_GPIO_clearPins                        0x00000235   Thumb Code    20  main.o(.text.DL_GPIO_clearPins)
    [Anonymous Symbol]                       0x00000234   Section        0  main.o(.text.DL_GPIO_clearPins)
    DL_GPIO_enableHiZ                        0x00000249   Thumb Code    24  ti_msp_dl_config.o(.text.DL_GPIO_enableHiZ)
    [Anonymous Symbol]                       0x00000248   Section        0  ti_msp_dl_config.o(.text.DL_GPIO_enableHiZ)
    DL_GPIO_enableOutput                     0x00000261   Thumb Code    20  ti_msp_dl_config.o(.text.DL_GPIO_enableOutput)
    [Anonymous Symbol]                       0x00000260   Section        0  ti_msp_dl_config.o(.text.DL_GPIO_enableOutput)
    __arm_cp.14_0                            0x00000274   Number         4  ti_msp_dl_config.o(.text.DL_GPIO_enableOutput)
    DL_GPIO_enablePower                      0x00000279   Thumb Code    20  ti_msp_dl_config.o(.text.DL_GPIO_enablePower)
    [Anonymous Symbol]                       0x00000278   Section        0  ti_msp_dl_config.o(.text.DL_GPIO_enablePower)
    DL_GPIO_initDigitalInput                 0x0000028d   Thumb Code    20  main.o(.text.DL_GPIO_initDigitalInput)
    [Anonymous Symbol]                       0x0000028c   Section        0  main.o(.text.DL_GPIO_initDigitalInput)
    DL_GPIO_initDigitalInput                 0x000002a1   Thumb Code    20  ti_msp_dl_config.o(.text.DL_GPIO_initDigitalInput)
    [Anonymous Symbol]                       0x000002a0   Section        0  ti_msp_dl_config.o(.text.DL_GPIO_initDigitalInput)
    __arm_cp.12_1                            0x000002b4   Number         4  ti_msp_dl_config.o(.text.DL_GPIO_initDigitalInput)
    DL_GPIO_initDigitalOutput                0x000002b9   Thumb Code    20  main.o(.text.DL_GPIO_initDigitalOutput)
    [Anonymous Symbol]                       0x000002b8   Section        0  main.o(.text.DL_GPIO_initDigitalOutput)
    DL_GPIO_initDigitalOutput                0x000002cd   Thumb Code    20  ti_msp_dl_config.o(.text.DL_GPIO_initDigitalOutput)
    [Anonymous Symbol]                       0x000002cc   Section        0  ti_msp_dl_config.o(.text.DL_GPIO_initDigitalOutput)
    DL_GPIO_initPeripheralInputFunctionFeatures 0x000002e1   Thumb Code    52  ti_msp_dl_config.o(.text.DL_GPIO_initPeripheralInputFunctionFeatures)
    [Anonymous Symbol]                       0x000002e0   Section        0  ti_msp_dl_config.o(.text.DL_GPIO_initPeripheralInputFunctionFeatures)
    __arm_cp.9_0                             0x00000314   Number         4  ti_msp_dl_config.o(.text.DL_GPIO_initPeripheralInputFunctionFeatures)
    __arm_cp.9_1                             0x00000318   Number         4  ti_msp_dl_config.o(.text.DL_GPIO_initPeripheralInputFunctionFeatures)
    DL_GPIO_readPins                         0x0000031d   Thumb Code    22  main.o(.text.DL_GPIO_readPins)
    [Anonymous Symbol]                       0x0000031c   Section        0  main.o(.text.DL_GPIO_readPins)
    DL_GPIO_reset                            0x00000335   Thumb Code    16  ti_msp_dl_config.o(.text.DL_GPIO_reset)
    [Anonymous Symbol]                       0x00000334   Section        0  ti_msp_dl_config.o(.text.DL_GPIO_reset)
    DL_GPIO_setPins                          0x00000345   Thumb Code    20  ti_msp_dl_config.o(.text.DL_GPIO_setPins)
    [Anonymous Symbol]                       0x00000344   Section        0  ti_msp_dl_config.o(.text.DL_GPIO_setPins)
    __arm_cp.13_0                            0x00000358   Number         4  ti_msp_dl_config.o(.text.DL_GPIO_setPins)
    DL_GPIO_togglePins                       0x0000035d   Thumb Code    20  main.o(.text.DL_GPIO_togglePins)
    [Anonymous Symbol]                       0x0000035c   Section        0  main.o(.text.DL_GPIO_togglePins)
    __arm_cp.6_0                             0x00000370   Number         4  main.o(.text.DL_GPIO_togglePins)
    DL_I2C_enableAnalogGlitchFilter          0x00000375   Thumb Code    24  ti_msp_dl_config.o(.text.DL_I2C_enableAnalogGlitchFilter)
    [Anonymous Symbol]                       0x00000374   Section        0  ti_msp_dl_config.o(.text.DL_I2C_enableAnalogGlitchFilter)
    DL_I2C_enablePower                       0x0000038d   Thumb Code    20  ti_msp_dl_config.o(.text.DL_I2C_enablePower)
    [Anonymous Symbol]                       0x0000038c   Section        0  ti_msp_dl_config.o(.text.DL_I2C_enablePower)
    __arm_cp.8_0                             0x000003a0   Number         4  ti_msp_dl_config.o(.text.DL_I2C_enablePower)
    DL_I2C_reset                             0x000003a5   Thumb Code    16  ti_msp_dl_config.o(.text.DL_I2C_reset)
    [Anonymous Symbol]                       0x000003a4   Section        0  ti_msp_dl_config.o(.text.DL_I2C_reset)
    __arm_cp.6_0                             0x000003b4   Number         4  ti_msp_dl_config.o(.text.DL_I2C_reset)
    __arm_cp.6_1                             0x000003b8   Number         4  ti_msp_dl_config.o(.text.DL_I2C_reset)
    DL_I2C_setAnalogGlitchFilterPulseWidth   0x000003bd   Thumb Code    38  ti_msp_dl_config.o(.text.DL_I2C_setAnalogGlitchFilterPulseWidth)
    [Anonymous Symbol]                       0x000003bc   Section        0  ti_msp_dl_config.o(.text.DL_I2C_setAnalogGlitchFilterPulseWidth)
    [Anonymous Symbol]                       0x000003e2   Section        0  dl_i2c.o(.text.DL_I2C_setClockConfig)
    DL_SYSCTL_setBORThreshold                0x00000409   Thumb Code    20  ti_msp_dl_config.o(.text.DL_SYSCTL_setBORThreshold)
    [Anonymous Symbol]                       0x00000408   Section        0  ti_msp_dl_config.o(.text.DL_SYSCTL_setBORThreshold)
    __arm_cp.15_0                            0x0000041c   Number         4  ti_msp_dl_config.o(.text.DL_SYSCTL_setBORThreshold)
    DL_SYSCTL_setMCLKDivider                 0x00000421   Thumb Code    24  ti_msp_dl_config.o(.text.DL_SYSCTL_setMCLKDivider)
    [Anonymous Symbol]                       0x00000420   Section        0  ti_msp_dl_config.o(.text.DL_SYSCTL_setMCLKDivider)
    DL_SYSCTL_setSYSOSCFreq                  0x00000439   Thumb Code    24  ti_msp_dl_config.o(.text.DL_SYSCTL_setSYSOSCFreq)
    [Anonymous Symbol]                       0x00000438   Section        0  ti_msp_dl_config.o(.text.DL_SYSCTL_setSYSOSCFreq)
    __arm_cp.16_0                            0x00000450   Number         4  ti_msp_dl_config.o(.text.DL_SYSCTL_setSYSOSCFreq)
    DL_SYSCTL_setULPCLKDivider               0x00000455   Thumb Code    24  ti_msp_dl_config.o(.text.DL_SYSCTL_setULPCLKDivider)
    [Anonymous Symbol]                       0x00000454   Section        0  ti_msp_dl_config.o(.text.DL_SYSCTL_setULPCLKDivider)
    __arm_cp.17_0                            0x0000046c   Number         4  ti_msp_dl_config.o(.text.DL_SYSCTL_setULPCLKDivider)
    [Anonymous Symbol]                       0x00000470   Section        0  main.o(.text.Delay)
    [Anonymous Symbol]                       0x00000498   Section        0  ti_msp_dl_config.o(.text.SYSCFG_DL_GPIO_init)
    [Anonymous Symbol]                       0x000004fc   Section        0  ti_msp_dl_config.o(.text.SYSCFG_DL_I2C_0_init)
    __arm_cp.4_0                             0x00000520   Number         4  ti_msp_dl_config.o(.text.SYSCFG_DL_I2C_0_init)
    [Anonymous Symbol]                       0x00000524   Section        0  ti_msp_dl_config.o(.text.SYSCFG_DL_SYSCTL_init)
    [Anonymous Symbol]                       0x00000546   Section        0  ti_msp_dl_config.o(.text.SYSCFG_DL_init)
    [Anonymous Symbol]                       0x0000055c   Section        0  ti_msp_dl_config.o(.text.SYSCFG_DL_initPower)
    __arm_cp.1_2                             0x00000594   Number         4  ti_msp_dl_config.o(.text.SYSCFG_DL_initPower)
    [Anonymous Symbol]                       0x00000598   Section        0  main.o(.text.main)
    __arm_cp.1_0                             0x00000650   Number         4  main.o(.text.main)
    __arm_cp.1_1                             0x00000654   Number         4  main.o(.text.main)
    gI2C_0ClockConfig                        0x00000658   Data           2  ti_msp_dl_config.o(.rodata.gI2C_0ClockConfig)
    [Anonymous Symbol]                       0x00000658   Section        0  ti_msp_dl_config.o(.rodata.gI2C_0ClockConfig)
    .bss                                     0x20200000   Section       96  libspace.o(.bss)
    Heap_Mem                                 0x20200060   Data           0  startup_mspm0g350x_uvision.o(HEAP)
    Stack_Mem                                0x20200060   Data         256  startup_mspm0g350x_uvision.o(STACK)
    HEAP                                     0x20200060   Section        0  startup_mspm0g350x_uvision.o(HEAP)
    STACK                                    0x20200060   Section      256  startup_mspm0g350x_uvision.o(STACK)
    __initial_sp                             0x20200160   Data           0  startup_mspm0g350x_uvision.o(STACK)

    Global Symbols

    Symbol Name                              Value     Ov Type        Size  Object(Section)

    BuildAttributes$$THM_ISAv3M$S$PE$A:L22$X:L11$S22$IEEE1$IW$~IW$USESV6$~STKCKD$USESV7$~SHL$OTIME$ROPI$EBA8$UX$STANDARDLIB$REQ8$PRES8$EABIv2 0x00000000   Number         0  anon$$obj.o ABSOLUTE
    __Vectors                                0x00000000   Data           4  startup_mspm0g350x_uvision.o(RESET)
    __ARM_exceptions_init                     - Undefined Weak Reference
    __alloca_initialize                       - Undefined Weak Reference
    __arm_preinit_                            - Undefined Weak Reference
    __arm_relocate_pie_                       - Undefined Weak Reference
    __cpp_initialize__aeabi_                  - Undefined Weak Reference
    __cxa_finalize                            - Undefined Weak Reference
    __rt_locale                               - Undefined Weak Reference
    __sigvec_lookup                           - Undefined Weak Reference
    _atexit_init                              - Undefined Weak Reference
    _call_atexit_fns                          - Undefined Weak Reference
    _clock_init                               - Undefined Weak Reference
    _fp_trap_init                             - Undefined Weak Reference
    _fp_trap_shutdown                         - Undefined Weak Reference
    _get_lc_collate                           - Undefined Weak Reference
    _get_lc_ctype                             - Undefined Weak Reference
    _get_lc_monetary                          - Undefined Weak Reference
    _get_lc_numeric                           - Undefined Weak Reference
    _get_lc_time                              - Undefined Weak Reference
    _getenv_init                              - Undefined Weak Reference
    _handle_redirection                       - Undefined Weak Reference
    _init_alloc                               - Undefined Weak Reference
    _init_user_alloc                          - Undefined Weak Reference
    _initio                                   - Undefined Weak Reference
    _rand_init                                - Undefined Weak Reference
    _signal_finish                            - Undefined Weak Reference
    _signal_init                              - Undefined Weak Reference
    _terminate_alloc                          - Undefined Weak Reference
    _terminate_user_alloc                     - Undefined Weak Reference
    _terminateio                              - Undefined Weak Reference
    __Vectors_End                            0x000000c0   Data           0  startup_mspm0g350x_uvision.o(RESET)
    __Vectors_Size                           0x000000c0   Number         0  startup_mspm0g350x_uvision.o ABSOLUTE
    __main                                   0x000000c1   Thumb Code     8  __main.o(!!!main)
    __scatterload                            0x000000c9   Thumb Code     0  __scatter.o(!!!scatter)
    __scatterload_rt2                        0x000000c9   Thumb Code    74  __scatter.o(!!!scatter)
    __scatterload_rt2_thumb_only             0x000000c9   Thumb Code     0  __scatter.o(!!!scatter)
    __scatterload_loop                       0x000000d3   Thumb Code     0  __scatter.o(!!!scatter)
    __scatterload_null                       0x00000121   Thumb Code     2  __scatter.o(!!handler_null)
    __scatterload_zeroinit                   0x00000129   Thumb Code    28  __scatter_zi.o(!!handler_zi)
    __rt_lib_init                            0x00000145   Thumb Code     0  libinit.o(.ARM.Collect$$libinit$$00000000)
    __rt_lib_init_alloca_1                   0x00000147   Thumb Code     0  libinit2.o(.ARM.Collect$$libinit$$00000030)
    __rt_lib_init_argv_1                     0x00000147   Thumb Code     0  libinit2.o(.ARM.Collect$$libinit$$0000002E)
    __rt_lib_init_atexit_1                   0x00000147   Thumb Code     0  libinit2.o(.ARM.Collect$$libinit$$0000001D)
    __rt_lib_init_clock_1                    0x00000147   Thumb Code     0  libinit2.o(.ARM.Collect$$libinit$$00000023)
    __rt_lib_init_cpp_1                      0x00000147   Thumb Code     0  libinit2.o(.ARM.Collect$$libinit$$00000034)
    __rt_lib_init_exceptions_1               0x00000147   Thumb Code     0  libinit2.o(.ARM.Collect$$libinit$$00000032)
    __rt_lib_init_fp_1                       0x00000147   Thumb Code     0  libinit2.o(.ARM.Collect$$libinit$$00000002)
    __rt_lib_init_fp_trap_1                  0x00000147   Thumb Code     0  libinit2.o(.ARM.Collect$$libinit$$00000021)
    __rt_lib_init_getenv_1                   0x00000147   Thumb Code     0  libinit2.o(.ARM.Collect$$libinit$$00000025)
    __rt_lib_init_heap_1                     0x00000147   Thumb Code     0  libinit2.o(.ARM.Collect$$libinit$$0000000C)
    __rt_lib_init_lc_collate_1               0x00000147   Thumb Code     0  libinit2.o(.ARM.Collect$$libinit$$00000013)
    __rt_lib_init_lc_ctype_1                 0x00000147   Thumb Code     0  libinit2.o(.ARM.Collect$$libinit$$00000015)
    __rt_lib_init_lc_monetary_1              0x00000147   Thumb Code     0  libinit2.o(.ARM.Collect$$libinit$$00000017)
    __rt_lib_init_lc_numeric_1               0x00000147   Thumb Code     0  libinit2.o(.ARM.Collect$$libinit$$00000019)
    __rt_lib_init_lc_time_1                  0x00000147   Thumb Code     0  libinit2.o(.ARM.Collect$$libinit$$0000001B)
    __rt_lib_init_preinit_1                  0x00000147   Thumb Code     0  libinit2.o(.ARM.Collect$$libinit$$00000006)
    __rt_lib_init_rand_1                     0x00000147   Thumb Code     0  libinit2.o(.ARM.Collect$$libinit$$00000010)
    __rt_lib_init_relocate_pie_1             0x00000147   Thumb Code     0  libinit2.o(.ARM.Collect$$libinit$$00000004)
    __rt_lib_init_return                     0x00000147   Thumb Code     0  libinit2.o(.ARM.Collect$$libinit$$00000035)
    __rt_lib_init_signal_1                   0x00000147   Thumb Code     0  libinit2.o(.ARM.Collect$$libinit$$0000001F)
    __rt_lib_init_stdio_1                    0x00000147   Thumb Code     0  libinit2.o(.ARM.Collect$$libinit$$00000027)
    __rt_lib_init_user_alloc_1               0x00000147   Thumb Code     0  libinit2.o(.ARM.Collect$$libinit$$0000000E)
    __rt_lib_shutdown                        0x00000149   Thumb Code     0  libshutdown.o(.ARM.Collect$$libshutdown$$00000000)
    __rt_lib_shutdown_cpp_1                  0x0000014b   Thumb Code     0  libshutdown2.o(.ARM.Collect$$libshutdown$$00000002)
    __rt_lib_shutdown_fp_trap_1              0x0000014b   Thumb Code     0  libshutdown2.o(.ARM.Collect$$libshutdown$$00000007)
    __rt_lib_shutdown_heap_1                 0x0000014b   Thumb Code     0  libshutdown2.o(.ARM.Collect$$libshutdown$$0000000F)
    __rt_lib_shutdown_return                 0x0000014b   Thumb Code     0  libshutdown2.o(.ARM.Collect$$libshutdown$$00000010)
    __rt_lib_shutdown_signal_1               0x0000014b   Thumb Code     0  libshutdown2.o(.ARM.Collect$$libshutdown$$0000000A)
    __rt_lib_shutdown_stdio_1                0x0000014b   Thumb Code     0  libshutdown2.o(.ARM.Collect$$libshutdown$$00000004)
    __rt_lib_shutdown_user_alloc_1           0x0000014b   Thumb Code     0  libshutdown2.o(.ARM.Collect$$libshutdown$$0000000C)
    __rt_entry                               0x0000014d   Thumb Code     0  __rtentry.o(.ARM.Collect$$rtentry$$00000000)
    __rt_entry_presh_1                       0x0000014d   Thumb Code     0  __rtentry2.o(.ARM.Collect$$rtentry$$00000002)
    __rt_entry_sh                            0x0000014d   Thumb Code     0  __rtentry4.o(.ARM.Collect$$rtentry$$00000004)
    __rt_entry_li                            0x00000153   Thumb Code     0  __rtentry2.o(.ARM.Collect$$rtentry$$0000000A)
    __rt_entry_postsh_1                      0x00000153   Thumb Code     0  __rtentry2.o(.ARM.Collect$$rtentry$$00000009)
    __rt_entry_main                          0x00000157   Thumb Code     0  __rtentry2.o(.ARM.Collect$$rtentry$$0000000D)
    __rt_entry_postli_1                      0x00000157   Thumb Code     0  __rtentry2.o(.ARM.Collect$$rtentry$$0000000C)
    __rt_exit                                0x0000015f   Thumb Code     0  rtexit.o(.ARM.Collect$$rtexit$$00000000)
    __rt_exit_ls                             0x00000161   Thumb Code     0  rtexit2.o(.ARM.Collect$$rtexit$$00000003)
    __rt_exit_prels_1                        0x00000161   Thumb Code     0  rtexit2.o(.ARM.Collect$$rtexit$$00000002)
    __rt_exit_exit                           0x00000165   Thumb Code     0  rtexit2.o(.ARM.Collect$$rtexit$$00000004)
    Reset_Handler                            0x0000016d   Thumb Code     4  startup_mspm0g350x_uvision.o(.text)
    NMI_Handler                              0x00000171   Thumb Code     2  startup_mspm0g350x_uvision.o(.text)
    HardFault_Handler                        0x00000173   Thumb Code     2  startup_mspm0g350x_uvision.o(.text)
    SVC_Handler                              0x00000175   Thumb Code     2  startup_mspm0g350x_uvision.o(.text)
    PendSV_Handler                           0x00000177   Thumb Code     2  startup_mspm0g350x_uvision.o(.text)
    SysTick_Handler                          0x00000179   Thumb Code     2  startup_mspm0g350x_uvision.o(.text)
    ADC0_IRQHandler                          0x0000017b   Thumb Code     0  startup_mspm0g350x_uvision.o(.text)
    ADC1_IRQHandler                          0x0000017b   Thumb Code     0  startup_mspm0g350x_uvision.o(.text)
    AES_IRQHandler                           0x0000017b   Thumb Code     0  startup_mspm0g350x_uvision.o(.text)
    CANFD0_IRQHandler                        0x0000017b   Thumb Code     0  startup_mspm0g350x_uvision.o(.text)
    DAC0_IRQHandler                          0x0000017b   Thumb Code     0  startup_mspm0g350x_uvision.o(.text)
    DMA_IRQHandler                           0x0000017b   Thumb Code     0  startup_mspm0g350x_uvision.o(.text)
    Default_Handler                          0x0000017b   Thumb Code     2  startup_mspm0g350x_uvision.o(.text)
    GROUP0_IRQHandler                        0x0000017b   Thumb Code     0  startup_mspm0g350x_uvision.o(.text)
    GROUP1_IRQHandler                        0x0000017b   Thumb Code     0  startup_mspm0g350x_uvision.o(.text)
    I2C0_IRQHandler                          0x0000017b   Thumb Code     0  startup_mspm0g350x_uvision.o(.text)
    I2C1_IRQHandler                          0x0000017b   Thumb Code     0  startup_mspm0g350x_uvision.o(.text)
    RTC_IRQHandler                           0x0000017b   Thumb Code     0  startup_mspm0g350x_uvision.o(.text)
    SPI0_IRQHandler                          0x0000017b   Thumb Code     0  startup_mspm0g350x_uvision.o(.text)
    SPI1_IRQHandler                          0x0000017b   Thumb Code     0  startup_mspm0g350x_uvision.o(.text)
    TIMA0_IRQHandler                         0x0000017b   Thumb Code     0  startup_mspm0g350x_uvision.o(.text)
    TIMA1_IRQHandler                         0x0000017b   Thumb Code     0  startup_mspm0g350x_uvision.o(.text)
    TIMG0_IRQHandler                         0x0000017b   Thumb Code     0  startup_mspm0g350x_uvision.o(.text)
    TIMG12_IRQHandler                        0x0000017b   Thumb Code     0  startup_mspm0g350x_uvision.o(.text)
    TIMG6_IRQHandler                         0x0000017b   Thumb Code     0  startup_mspm0g350x_uvision.o(.text)
    TIMG7_IRQHandler                         0x0000017b   Thumb Code     0  startup_mspm0g350x_uvision.o(.text)
    TIMG8_IRQHandler                         0x0000017b   Thumb Code     0  startup_mspm0g350x_uvision.o(.text)
    UART0_IRQHandler                         0x0000017b   Thumb Code     0  startup_mspm0g350x_uvision.o(.text)
    UART1_IRQHandler                         0x0000017b   Thumb Code     0  startup_mspm0g350x_uvision.o(.text)
    UART2_IRQHandler                         0x0000017b   Thumb Code     0  startup_mspm0g350x_uvision.o(.text)
    UART3_IRQHandler                         0x0000017b   Thumb Code     0  startup_mspm0g350x_uvision.o(.text)
    __user_initial_stackheap                 0x0000017d   Thumb Code    10  startup_mspm0g350x_uvision.o(.text)
    __use_two_region_memory                  0x00000199   Thumb Code     2  heapauxi.o(.text)
    __rt_heap_escrow$2region                 0x0000019b   Thumb Code     2  heapauxi.o(.text)
    __rt_heap_expand$2region                 0x0000019d   Thumb Code     2  heapauxi.o(.text)
    __user_setup_stackheap                   0x0000019f   Thumb Code    62  sys_stackheap_outer.o(.text)
    exit                                     0x000001dd   Thumb Code    16  exit.o(.text)
    __user_libspace                          0x000001ed   Thumb Code     8  libspace.o(.text)
    __user_perproc_libspace                  0x000001ed   Thumb Code     0  libspace.o(.text)
    __user_perthread_libspace                0x000001ed   Thumb Code     0  libspace.o(.text)
    _sys_exit                                0x000001f5   Thumb Code     8  sys_exit.o(.text)
    __I$use$semihosting                      0x00000201   Thumb Code     0  use_no_semi.o(.text)
    __use_no_semihosting_swi                 0x00000201   Thumb Code     2  use_no_semi.o(.text)
    DL_Common_delayCycles                    0x00000203   Thumb Code    10  dl_common.o(.text.DL_Common_delayCycles)
    __semihosting_library_function           0x00000203   Thumb Code     0  indicate_semi.o(.text)
    DL_I2C_setClockConfig                    0x000003e3   Thumb Code    38  dl_i2c.o(.text.DL_I2C_setClockConfig)
    Delay                                    0x00000471   Thumb Code    40  main.o(.text.Delay)
    SYSCFG_DL_GPIO_init                      0x00000499   Thumb Code   100  ti_msp_dl_config.o(.text.SYSCFG_DL_GPIO_init)
    SYSCFG_DL_I2C_0_init                     0x000004fd   Thumb Code    36  ti_msp_dl_config.o(.text.SYSCFG_DL_I2C_0_init)
    SYSCFG_DL_SYSCTL_init                    0x00000525   Thumb Code    34  ti_msp_dl_config.o(.text.SYSCFG_DL_SYSCTL_init)
    SYSCFG_DL_init                           0x00000547   Thumb Code    20  ti_msp_dl_config.o(.text.SYSCFG_DL_init)
    SYSCFG_DL_initPower                      0x0000055d   Thumb Code    56  ti_msp_dl_config.o(.text.SYSCFG_DL_initPower)
    main                                     0x00000599   Thumb Code   184  main.o(.text.main)
    Region$$Table$$Base                      0x00000660   Number         0  anon$$obj.o(Region$$Table)
    Region$$Table$$Limit                     0x00000670   Number         0  anon$$obj.o(Region$$Table)
    __libspace_start                         0x20200000   Data          96  libspace.o(.bss)
    __temporary_stack_top$libspace           0x20200060   Data           0  libspace.o(.bss)



==============================================================================

Memory Map of the image

  Image Entry point : 0x000000c1

  Load Region LR_IROM1 (Base: 0x00000000, Size: 0x00000670, Max: 0x00020000, ABSOLUTE)

    Execution Region ER_IROM1 (Exec base: 0x00000000, Load base: 0x00000000, Size: 0x00000670, Max: 0x00020000, ABSOLUTE)

    Exec Addr    Load Addr    Size         Type   Attr      Idx    E Section Name        Object

    0x00000000   0x00000000   0x000000c0   Data   RO            3    RESET               startup_mspm0g350x_uvision.o
    0x000000c0   0x000000c0   0x00000008   Code   RO          214  * !!!main             c_p.l(__main.o)
    0x000000c8   0x000000c8   0x00000054   Code   RO          441    !!!scatter          c_p.l(__scatter.o)
    0x0000011c   0x0000011c   0x00000004   PAD
    0x00000120   0x00000120   0x00000002   Code   RO          442    !!handler_null      c_p.l(__scatter.o)
    0x00000122   0x00000122   0x00000006   PAD
    0x00000128   0x00000128   0x0000001c   Code   RO          445    !!handler_zi        c_p.l(__scatter_zi.o)
    0x00000144   0x00000144   0x00000002   Code   RO          296    .ARM.Collect$$libinit$$00000000  c_p.l(libinit.o)
    0x00000146   0x00000146   0x00000000   Code   RO          308    .ARM.Collect$$libinit$$00000002  c_p.l(libinit2.o)
    0x00000146   0x00000146   0x00000000   Code   RO          310    .ARM.Collect$$libinit$$00000004  c_p.l(libinit2.o)
    0x00000146   0x00000146   0x00000000   Code   RO          312    .ARM.Collect$$libinit$$00000006  c_p.l(libinit2.o)
    0x00000146   0x00000146   0x00000000   Code   RO          315    .ARM.Collect$$libinit$$0000000C  c_p.l(libinit2.o)
    0x00000146   0x00000146   0x00000000   Code   RO          317    .ARM.Collect$$libinit$$0000000E  c_p.l(libinit2.o)
    0x00000146   0x00000146   0x00000000   Code   RO          319    .ARM.Collect$$libinit$$00000010  c_p.l(libinit2.o)
    0x00000146   0x00000146   0x00000000   Code   RO          322    .ARM.Collect$$libinit$$00000013  c_p.l(libinit2.o)
    0x00000146   0x00000146   0x00000000   Code   RO          324    .ARM.Collect$$libinit$$00000015  c_p.l(libinit2.o)
    0x00000146   0x00000146   0x00000000   Code   RO          326    .ARM.Collect$$libinit$$00000017  c_p.l(libinit2.o)
    0x00000146   0x00000146   0x00000000   Code   RO          328    .ARM.Collect$$libinit$$00000019  c_p.l(libinit2.o)
    0x00000146   0x00000146   0x00000000   Code   RO          330    .ARM.Collect$$libinit$$0000001B  c_p.l(libinit2.o)
    0x00000146   0x00000146   0x00000000   Code   RO          332    .ARM.Collect$$libinit$$0000001D  c_p.l(libinit2.o)
    0x00000146   0x00000146   0x00000000   Code   RO          334    .ARM.Collect$$libinit$$0000001F  c_p.l(libinit2.o)
    0x00000146   0x00000146   0x00000000   Code   RO          336    .ARM.Collect$$libinit$$00000021  c_p.l(libinit2.o)
    0x00000146   0x00000146   0x00000000   Code   RO          338    .ARM.Collect$$libinit$$00000023  c_p.l(libinit2.o)
    0x00000146   0x00000146   0x00000000   Code   RO          340    .ARM.Collect$$libinit$$00000025  c_p.l(libinit2.o)
    0x00000146   0x00000146   0x00000000   Code   RO          342    .ARM.Collect$$libinit$$00000027  c_p.l(libinit2.o)
    0x00000146   0x00000146   0x00000000   Code   RO          346    .ARM.Collect$$libinit$$0000002E  c_p.l(libinit2.o)
    0x00000146   0x00000146   0x00000000   Code   RO          348    .ARM.Collect$$libinit$$00000030  c_p.l(libinit2.o)
    0x00000146   0x00000146   0x00000000   Code   RO          350    .ARM.Collect$$libinit$$00000032  c_p.l(libinit2.o)
    0x00000146   0x00000146   0x00000000   Code   RO          352    .ARM.Collect$$libinit$$00000034  c_p.l(libinit2.o)
    0x00000146   0x00000146   0x00000002   Code   RO          353    .ARM.Collect$$libinit$$00000035  c_p.l(libinit2.o)
    0x00000148   0x00000148   0x00000002   Code   RO          377    .ARM.Collect$$libshutdown$$00000000  c_p.l(libshutdown.o)
    0x0000014a   0x0000014a   0x00000000   Code   RO          392    .ARM.Collect$$libshutdown$$00000002  c_p.l(libshutdown2.o)
    0x0000014a   0x0000014a   0x00000000   Code   RO          394    .ARM.Collect$$libshutdown$$00000004  c_p.l(libshutdown2.o)
    0x0000014a   0x0000014a   0x00000000   Code   RO          397    .ARM.Collect$$libshutdown$$00000007  c_p.l(libshutdown2.o)
    0x0000014a   0x0000014a   0x00000000   Code   RO          400    .ARM.Collect$$libshutdown$$0000000A  c_p.l(libshutdown2.o)
    0x0000014a   0x0000014a   0x00000000   Code   RO          402    .ARM.Collect$$libshutdown$$0000000C  c_p.l(libshutdown2.o)
    0x0000014a   0x0000014a   0x00000000   Code   RO          405    .ARM.Collect$$libshutdown$$0000000F  c_p.l(libshutdown2.o)
    0x0000014a   0x0000014a   0x00000002   Code   RO          406    .ARM.Collect$$libshutdown$$00000010  c_p.l(libshutdown2.o)
    0x0000014c   0x0000014c   0x00000000   Code   RO          261    .ARM.Collect$$rtentry$$00000000  c_p.l(__rtentry.o)
    0x0000014c   0x0000014c   0x00000000   Code   RO          270    .ARM.Collect$$rtentry$$00000002  c_p.l(__rtentry2.o)
    0x0000014c   0x0000014c   0x00000006   Code   RO          282    .ARM.Collect$$rtentry$$00000004  c_p.l(__rtentry4.o)
    0x00000152   0x00000152   0x00000000   Code   RO          272    .ARM.Collect$$rtentry$$00000009  c_p.l(__rtentry2.o)
    0x00000152   0x00000152   0x00000004   Code   RO          273    .ARM.Collect$$rtentry$$0000000A  c_p.l(__rtentry2.o)
    0x00000156   0x00000156   0x00000000   Code   RO          275    .ARM.Collect$$rtentry$$0000000C  c_p.l(__rtentry2.o)
    0x00000156   0x00000156   0x00000008   Code   RO          276    .ARM.Collect$$rtentry$$0000000D  c_p.l(__rtentry2.o)
    0x0000015e   0x0000015e   0x00000002   Code   RO          305    .ARM.Collect$$rtexit$$00000000  c_p.l(rtexit.o)
    0x00000160   0x00000160   0x00000000   Code   RO          357    .ARM.Collect$$rtexit$$00000002  c_p.l(rtexit2.o)
    0x00000160   0x00000160   0x00000004   Code   RO          358    .ARM.Collect$$rtexit$$00000003  c_p.l(rtexit2.o)
    0x00000164   0x00000164   0x00000006   Code   RO          359    .ARM.Collect$$rtexit$$00000004  c_p.l(rtexit2.o)
    0x0000016a   0x0000016a   0x00000002   PAD
    0x0000016c   0x0000016c   0x0000002c   Code   RO            4    .text               startup_mspm0g350x_uvision.o
    0x00000198   0x00000198   0x00000006   Code   RO          212    .text               c_p.l(heapauxi.o)
    0x0000019e   0x0000019e   0x0000003e   Code   RO          286    .text               c_p.l(sys_stackheap_outer.o)
    0x000001dc   0x000001dc   0x00000010   Code   RO          289    .text               c_p.l(exit.o)
    0x000001ec   0x000001ec   0x00000008   Code   RO          301    .text               c_p.l(libspace.o)
    0x000001f4   0x000001f4   0x0000000c   Code   RO          367    .text               c_p.l(sys_exit.o)
    0x00000200   0x00000200   0x00000002   Code   RO          382    .text               c_p.l(use_no_semi.o)
    0x00000202   0x00000202   0x00000000   Code   RO          384    .text               c_p.l(indicate_semi.o)
    0x00000202   0x00000202   0x0000000a   Code   RO          166    .text.DL_Common_delayCycles  driverlib.a(dl_common.o)
    0x0000020c   0x0000020c   0x00000028   Code   RO           75    .text.DL_Common_updateReg  ti_msp_dl_config.o
    0x00000234   0x00000234   0x00000014   Code   RO           19    .text.DL_GPIO_clearPins  main.o
    0x00000248   0x00000248   0x00000018   Code   RO           53    .text.DL_GPIO_enableHiZ  ti_msp_dl_config.o
    0x00000260   0x00000260   0x00000018   Code   RO           61    .text.DL_GPIO_enableOutput  ti_msp_dl_config.o
    0x00000278   0x00000278   0x00000014   Code   RO           47    .text.DL_GPIO_enablePower  ti_msp_dl_config.o
    0x0000028c   0x0000028c   0x00000014   Code   RO           17    .text.DL_GPIO_initDigitalInput  main.o
    0x000002a0   0x000002a0   0x00000018   Code   RO           57    .text.DL_GPIO_initDigitalInput  ti_msp_dl_config.o
    0x000002b8   0x000002b8   0x00000014   Code   RO           15    .text.DL_GPIO_initDigitalOutput  main.o
    0x000002cc   0x000002cc   0x00000014   Code   RO           55    .text.DL_GPIO_initDigitalOutput  ti_msp_dl_config.o
    0x000002e0   0x000002e0   0x0000003c   Code   RO           51    .text.DL_GPIO_initPeripheralInputFunctionFeatures  ti_msp_dl_config.o
    0x0000031c   0x0000031c   0x00000016   Code   RO           21    .text.DL_GPIO_readPins  main.o
    0x00000332   0x00000332   0x00000002   PAD
    0x00000334   0x00000334   0x00000010   Code   RO           43    .text.DL_GPIO_reset  ti_msp_dl_config.o
    0x00000344   0x00000344   0x00000018   Code   RO           59    .text.DL_GPIO_setPins  ti_msp_dl_config.o
    0x0000035c   0x0000035c   0x00000018   Code   RO           23    .text.DL_GPIO_togglePins  main.o
    0x00000374   0x00000374   0x00000018   Code   RO           73    .text.DL_I2C_enableAnalogGlitchFilter  ti_msp_dl_config.o
    0x0000038c   0x0000038c   0x00000018   Code   RO           49    .text.DL_I2C_enablePower  ti_msp_dl_config.o
    0x000003a4   0x000003a4   0x00000018   Code   RO           45    .text.DL_I2C_reset  ti_msp_dl_config.o
    0x000003bc   0x000003bc   0x00000026   Code   RO           71    .text.DL_I2C_setAnalogGlitchFilterPulseWidth  ti_msp_dl_config.o
    0x000003e2   0x000003e2   0x00000026   Code   RO          175    .text.DL_I2C_setClockConfig  driverlib.a(dl_i2c.o)
    0x00000408   0x00000408   0x00000018   Code   RO           63    .text.DL_SYSCTL_setBORThreshold  ti_msp_dl_config.o
    0x00000420   0x00000420   0x00000018   Code   RO           69    .text.DL_SYSCTL_setMCLKDivider  ti_msp_dl_config.o
    0x00000438   0x00000438   0x0000001c   Code   RO           65    .text.DL_SYSCTL_setSYSOSCFreq  ti_msp_dl_config.o
    0x00000454   0x00000454   0x0000001c   Code   RO           67    .text.DL_SYSCTL_setULPCLKDivider  ti_msp_dl_config.o
    0x00000470   0x00000470   0x00000028   Code   RO           11    .text.Delay         main.o
    0x00000498   0x00000498   0x00000064   Code   RO           37    .text.SYSCFG_DL_GPIO_init  ti_msp_dl_config.o
    0x000004fc   0x000004fc   0x00000028   Code   RO           41    .text.SYSCFG_DL_I2C_0_init  ti_msp_dl_config.o
    0x00000524   0x00000524   0x00000022   Code   RO           39    .text.SYSCFG_DL_SYSCTL_init  ti_msp_dl_config.o
    0x00000546   0x00000546   0x00000014   Code   RO           33    .text.SYSCFG_DL_init  ti_msp_dl_config.o
    0x0000055a   0x0000055a   0x00000002   PAD
    0x0000055c   0x0000055c   0x0000003c   Code   RO           35    .text.SYSCFG_DL_initPower  ti_msp_dl_config.o
    0x00000598   0x00000598   0x000000c0   Code   RO           13    .text.main          main.o
    0x00000658   0x00000658   0x00000002   Data   RO           77    .rodata.gI2C_0ClockConfig  ti_msp_dl_config.o
    0x0000065a   0x0000065a   0x00000006   PAD
    0x00000660   0x00000660   0x00000010   Data   RO          440    Region$$Table       anon$$obj.o


    Execution Region RW_IRAM2 (Exec base: 0x20200000, Load base: 0x00000670, Size: 0x00000160, Max: 0x00008000, ABSOLUTE)

    Exec Addr    Load Addr    Size         Type   Attr      Idx    E Section Name        Object

    0x20200000        -       0x00000060   Zero   RW          302    .bss                c_p.l(libspace.o)
    0x20200060        -       0x00000000   Zero   RW            2    HEAP                startup_mspm0g350x_uvision.o
    0x20200060        -       0x00000100   Zero   RW            1    STACK               startup_mspm0g350x_uvision.o



  Load Region LR_BCR (Base: 0x41c00000, Size: 0x00000000, Max: 0x00000100, ABSOLUTE)

    Execution Region BCR_CONFIG (Exec base: 0x41c00000, Load base: 0x41c00000, Size: 0x00000000, Max: 0x00000080, ABSOLUTE)

    **** No section assigned to this execution region ****



  Load Region LR_BSL (Base: 0x41c00100, Size: 0x00000000, Max: 0x00000100, ABSOLUTE)

    Execution Region BSL_CONFIG (Exec base: 0x41c00100, Load base: 0x41c00100, Size: 0x00000000, Max: 0x00000080, ABSOLUTE)

    **** No section assigned to this execution region ****


==============================================================================

Image component sizes


      Code (inc. data)   RO Data    RW Data    ZI Data      Debug   Object Name

       338         12          0          0          0       5796   main.o
        44         18        192          0        256        648   startup_mspm0g350x_uvision.o
       720         52          2          0          0      18895   ti_msp_dl_config.o

    ----------------------------------------------------------------------
      1106         82        216          0        256      25339   Object Totals
         0          0         16          0          0          0   (incl. Generated)
         4          0          6          0          0          0   (incl. Padding)

    ----------------------------------------------------------------------

      Code (inc. data)   RO Data    RW Data    ZI Data      Debug   Library Member Name

         8          0          0          0          0         68   __main.o
         0          0          0          0          0          0   __rtentry.o
        12          0          0          0          0          0   __rtentry2.o
         6          0          0          0          0          0   __rtentry4.o
        86         10          0          0          0          0   __scatter.o
        28          0          0          0          0          0   __scatter_zi.o
        16          0          0          0          0         68   exit.o
         6          0          0          0          0        136   heapauxi.o
         0          0          0          0          0          0   indicate_semi.o
         2          0          0          0          0          0   libinit.o
         2          0          0          0          0          0   libinit2.o
         2          0          0          0          0          0   libshutdown.o
         2          0          0          0          0          0   libshutdown2.o
         8          4          0          0         96         68   libspace.o
         2          0          0          0          0          0   rtexit.o
        10          0          0          0          0          0   rtexit2.o
        12          4          0          0          0         60   sys_exit.o
        62          0          0          0          0         80   sys_stackheap_outer.o
         2          0          0          0          0         68   use_no_semi.o
        10          0          0          0          0        803   dl_common.o
        38          0          0          0          0       8590   dl_i2c.o

    ----------------------------------------------------------------------
       326         22          0          0         96       9941   Library Totals
        12          4          0          0          0          0   (incl. Padding)

    ----------------------------------------------------------------------

      Code (inc. data)   RO Data    RW Data    ZI Data      Debug   Library Name

       266         18          0          0         96        548   c_p.l
        48          0          0          0          0       9393   driverlib.a

    ----------------------------------------------------------------------
       326         22          0          0         96       9941   Library Totals

    ----------------------------------------------------------------------

==============================================================================


      Code (inc. data)   RO Data    RW Data    ZI Data      Debug   

      1432        104        216          0        352      35128   Grand Totals
      1432        104        216          0        352      35128   ELF Image Totals
      1432        104        216          0          0          0   ROM Totals

==============================================================================

    Total RO  Size (Code + RO Data)                 1648 (   1.61kB)
    Total RW  Size (RW Data + ZI Data)               352 (   0.34kB)
    Total ROM Size (Code + RO Data + RW Data)       1648 (   1.61kB)

==============================================================================

